main.c:113:5:main	9976	static
main.c:305:6:SystemClock_Config	184	static
main.c:361:13:MX_ADC1_Init	24	static
main.c:411:13:MX_ADC2_Init	24	static
main.c:461:13:MX_I2C1_Init	8	static
main.c:495:13:MX_RTC_Init	32	static
main.c:557:13:MX_SDIO_SD_Init	4	static
main.c:585:13:MX_SPI2_Init	8	static
main.c:623:13:MX_SPI3_Init	8	static
main.c:661:13:MX_TIM2_Init	32	static
main.c:706:13:MX_TIM3_Init	32	static
main.c:751:13:MX_USART6_UART_Init	8	static
main.c:782:13:MX_DMA_Init	16	static
main.c:828:13:MX_GPIO_Init	48	static
main.c:951:6:SD_cardMountInit	32	static
main.c:962:14:sensorsInitialization	24	static
main.c:987:6:convertSensors	24	static
main.c:1000:6:HAL_SPI_TxRxCpltCallback	16	static
main.c:1012:6:HAL_ADC_ConvCpltCallback	16	static
main.c:1017:6:HAL_UART_TxCpltCallback	16	static
main.c:1021:6:HAL_SPI_ErrorCallback	16	static
main.c:1026:6:ADC_DMAError	16	static
main.c:1031:6:HAL_UART_ErrorCallback	16	static
main.c:1041:6:Error_Handler	4	static
