main.c:113:5:main	9448	static
main.c:307:6:SystemClock_Config	184	static
main.c:363:13:MX_ADC1_Init	24	static
main.c:413:13:MX_ADC2_Init	24	static
main.c:463:13:MX_I2C1_Init	8	static
main.c:497:13:MX_RTC_Init	32	static
main.c:559:13:MX_SDIO_SD_Init	4	static
main.c:587:13:MX_SPI2_Init	8	static
main.c:625:13:MX_SPI3_Init	8	static
main.c:663:13:MX_TIM2_Init	32	static
main.c:708:13:MX_TIM3_Init	32	static
main.c:753:13:MX_USART6_UART_Init	8	static
main.c:784:13:MX_DMA_Init	16	static
main.c:830:13:MX_GPIO_Init	48	static
main.c:953:6:SD_cardMountInit	32	static
main.c:964:14:sensorsInitialization	24	static
main.c:989:6:convertSensors	24	static
main.c:1002:6:HAL_SPI_TxRxCpltCallback	16	static
main.c:1014:6:HAL_ADC_ConvCpltCallback	16	static
main.c:1019:6:HAL_UART_TxCpltCallback	16	static
main.c:1023:6:HAL_SPI_ErrorCallback	16	static
main.c:1028:6:ADC_DMAError	16	static
main.c:1033:6:HAL_UART_ErrorCallback	16	static
main.c:1043:6:Error_Handler	4	static
