stm32f4xx_it.c:80:6:SVC_Handler	4	static
stm32f4xx_it.c:93:6:PendSV_Handler	4	static
stm32f4xx_it.c:106:6:SysTick_Handler	8	static
stm32f4xx_it.c:127:6:EXTI1_IRQHandler	8	static
stm32f4xx_it.c:147:6:DMA1_Stream0_IRQHandler	8	static
stm32f4xx_it.c:161:6:DMA1_Stream3_IRQHandler	8	static
stm32f4xx_it.c:175:6:DMA1_Stream4_IRQHandler	8	static
stm32f4xx_it.c:189:6:DMA1_Stream5_IRQHandler	8	static
stm32f4xx_it.c:203:6:EXTI9_5_IRQHandler	8	static
stm32f4xx_it.c:217:6:SDIO_IRQHandler	8	static
stm32f4xx_it.c:231:6:DMA2_Stream0_IRQHandler	8	static
stm32f4xx_it.c:245:6:DMA2_Stream1_IRQHandler	8	static
stm32f4xx_it.c:259:6:DMA2_Stream2_IRQHandler	8	static
stm32f4xx_it.c:273:6:DMA2_Stream3_IRQHandler	8	static
stm32f4xx_it.c:287:6:DMA2_Stream6_IRQHandler	8	static
stm32f4xx_it.c:301:6:DMA2_Stream7_IRQHandler	8	static
