stm32f4xx_it.c:78:6:SVC_Handler	4	static
stm32f4xx_it.c:91:6:PendSV_Handler	4	static
stm32f4xx_it.c:104:6:SysTick_Handler	8	static
stm32f4xx_it.c:125:6:EXTI1_IRQHandler	8	static
stm32f4xx_it.c:145:6:DMA1_Stream0_IRQHandler	8	static
stm32f4xx_it.c:159:6:DMA1_Stream3_IRQHandler	8	static
stm32f4xx_it.c:173:6:DMA1_Stream4_IRQHandler	8	static
stm32f4xx_it.c:187:6:DMA1_Stream5_IRQHandler	8	static
stm32f4xx_it.c:201:6:EXTI9_5_IRQHandler	8	static
stm32f4xx_it.c:218:6:TIM3_IRQHandler	8	static
stm32f4xx_it.c:234:6:DMA2_Stream0_IRQHandler	8	static
stm32f4xx_it.c:248:6:DMA2_Stream1_IRQHandler	8	static
stm32f4xx_it.c:262:6:DMA2_Stream2_IRQHandler	8	static
stm32f4xx_it.c:276:6:DMA2_Stream6_IRQHandler	8	static
