ublox_gps.c:56:6:gpsSelect	8	static
ublox_gps.c:63:6:gpsDeselect	8	static
ublox_gps.c:70:6:GPS_ReceiveRawPacket	624	static
ublox_gps.c:108:26:GPS_ProcessRawPacket	24	static
ublox_gps.c:141:6:separatePackets	16	static
ublox_gps.c:252:6:storeParsedData	40	static
ublox_gps.c:358:6:parseReceivedPackets	16	static
ublox_gps.c:447:10:gpsStrCpyCh	32	static
ublox_gps.c:462:6:nmea_check	32	static
ublox_gps.c:510:6:nmea_talker_id	24	static
ublox_gps.c:524:20:nmea_isfield	16	static
ublox_gps.c:530:12:hex2int	16	static
ublox_gps.c:543:23:nmea_sentence_id	24	static
ublox_gps.c:578:6:nmea_scan	164	static
ublox_gps.c:869:6:nmea_parse_rmc	96	static
ublox_gps.c:913:6:nmea_parse_gsa	160	static
ublox_gps.c:953:6:nmea_parse_gga	112	static
ublox_gps.c:989:6:nmea_parse_vtg	72	static
ublox_gps.c:1027:6:GPS_ShutdownReceiver	8	static
