ublox_gps.c:56:6:gpsSelect	8	static
ublox_gps.c:63:6:gpsDeselect	8	static
ublox_gps.c:70:6:GPS_ReceiveRawPacket	24	static
ublox_gps.c:106:26:GPS_ProcessRawPacket	24	static
ublox_gps.c:139:6:separatePackets	16	static
ublox_gps.c:250:6:storeParsedData	40	static
ublox_gps.c:356:6:parseReceivedPackets	16	static
ublox_gps.c:445:10:gpsStrCpyCh	32	static
ublox_gps.c:460:6:nmea_check	32	static
ublox_gps.c:508:6:nmea_talker_id	24	static
ublox_gps.c:522:20:nmea_isfield	16	static
ublox_gps.c:528:12:hex2int	16	static
ublox_gps.c:541:23:nmea_sentence_id	24	static
ublox_gps.c:576:6:nmea_scan	164	static
ublox_gps.c:867:6:nmea_parse_rmc	96	static
ublox_gps.c:911:6:nmea_parse_gsa	160	static
ublox_gps.c:951:6:nmea_parse_gga	112	static
ublox_gps.c:987:6:nmea_parse_vtg	72	static
ublox_gps.c:1025:6:GPS_ShutdownReceiver	8	static
