stm32f4xx_hal_sd.c:338:19:HAL_SD_Init	16	static
stm32f4xx_hal_sd.c:403:19:HAL_SD_InitCard	72	static
stm32f4xx_hal_sd.c:458:19:HAL_SD_DeInit	16	static
stm32f4xx_hal_sd.c:499:13:HAL_SD_MspInit	16	static
stm32f4xx_hal_sd.c:514:13:HAL_SD_MspDeInit	16	static
stm32f4xx_hal_sd.c:555:19:HAL_SD_ReadBlocks	72	static
stm32f4xx_hal_sd.c:745:19:HAL_SD_WriteBlocks	64	static
stm32f4xx_hal_sd.c:921:19:HAL_SD_ReadBlocks_IT	56	static
stm32f4xx_hal_sd.c:1026:19:HAL_SD_WriteBlocks_IT	56	static
stm32f4xx_hal_sd.c:1132:19:HAL_SD_ReadBlocks_DMA	56	static
stm32f4xx_hal_sd.c:1249:19:HAL_SD_WriteBlocks_DMA	56	static
stm32f4xx_hal_sd.c:1363:19:HAL_SD_Erase	32	static
stm32f4xx_hal_sd.c:1463:6:HAL_SD_IRQHandler	24	static
stm32f4xx_hal_sd.c:1713:21:HAL_SD_GetState	16	static
stm32f4xx_hal_sd.c:1724:10:HAL_SD_GetError	16	static
stm32f4xx_hal_sd.c:1734:14:HAL_SD_TxCpltCallback	16	static
stm32f4xx_hal_sd.c:1749:13:HAL_SD_RxCpltCallback	16	static
stm32f4xx_hal_sd.c:1764:13:HAL_SD_ErrorCallback	16	static
stm32f4xx_hal_sd.c:1779:13:HAL_SD_AbortCallback	16	static
stm32f4xx_hal_sd.c:1990:19:HAL_SD_GetCardCID	24	static
stm32f4xx_hal_sd.c:2071:19:HAL_SD_GetCardCSD	24	static
stm32f4xx_hal_sd.c:2218:19:HAL_SD_GetCardStatus	88	static
stm32f4xx_hal_sd.c:2306:19:HAL_SD_GetCardInfo	16	static
stm32f4xx_hal_sd.c:2331:19:HAL_SD_ConfigWideBusOperation	72	static
stm32f4xx_hal_sd.c:2403:25:HAL_SD_GetCardState	32	static
stm32f4xx_hal_sd.c:2426:19:HAL_SD_Abort	24	static
stm32f4xx_hal_sd.c:2473:19:HAL_SD_Abort_IT	24	static
stm32f4xx_hal_sd.c:2553:13:SD_DMATransmitCplt	24	static
stm32f4xx_hal_sd.c:2566:13:SD_DMAReceiveCplt	24	static
stm32f4xx_hal_sd.c:2607:13:SD_DMAError	24	static
stm32f4xx_hal_sd.c:2643:13:SD_DMATxAbort	24	static
stm32f4xx_hal_sd.c:2688:13:SD_DMARxAbort	24	static
stm32f4xx_hal_sd.c:2734:17:SD_InitCard	96	static
stm32f4xx_hal_sd.c:2823:17:SD_PowerON	32	static
stm32f4xx_hal_sd.c:2924:26:SD_PowerOFF	16	static
stm32f4xx_hal_sd.c:2939:17:SD_SendSDStatus	64	static
stm32f4xx_hal_sd.c:3041:17:SD_SendStatus	24	static
stm32f4xx_hal_sd.c:3068:17:SD_WideBus_Enable	32	static
stm32f4xx_hal_sd.c:3115:17:SD_WideBus_Disable	32	static
stm32f4xx_hal_sd.c:3164:17:SD_FindSCR	72	static
stm32f4xx_hal_sd.c:3255:26:SD_Read_IT	32	static
stm32f4xx_hal_sd.c:3279:26:SD_Write_IT	24	static
