bsp_driver_sd.c:42:9:BSP_SD_Init	16	static
bsp_driver_sd.c:63:9:BSP_SD_ITConfig	4	static
bsp_driver_sd.c:72:6:BSP_SD_DetectIT	4	static
bsp_driver_sd.c:79:13:BSP_SD_DetectCallback	4	static
bsp_driver_sd.c:97:9:BSP_SD_ReadBlocks	40	static
bsp_driver_sd.c:120:9:BSP_SD_WriteBlocks	40	static
bsp_driver_sd.c:142:9:BSP_SD_ReadBlocks_DMA	32	static
bsp_driver_sd.c:165:9:BSP_SD_WriteBlocks_DMA	32	static
bsp_driver_sd.c:187:9:BSP_SD_Erase	24	static
bsp_driver_sd.c:205:6:BSP_SD_IRQHandler	8	static
bsp_driver_sd.c:213:6:BSP_SD_DMA_Tx_IRQHandler	8	static
bsp_driver_sd.c:221:6:BSP_SD_DMA_Rx_IRQHandler	8	static
bsp_driver_sd.c:234:9:BSP_SD_GetCardState	8	static
bsp_driver_sd.c:244:6:BSP_SD_GetCardInfo	16	static
bsp_driver_sd.c:258:6:HAL_SD_AbortCallback	16	static
bsp_driver_sd.c:268:6:HAL_SD_TxCpltCallback	16	static
bsp_driver_sd.c:278:6:HAL_SD_RxCpltCallback	16	static
bsp_driver_sd.c:288:13:BSP_SD_AbortCallback	4	static
bsp_driver_sd.c:297:13:BSP_SD_WriteCpltCallback	4	static
bsp_driver_sd.c:306:13:BSP_SD_ReadCpltCallback	4	static
bsp_driver_sd.c:318:9:BSP_SD_IsDetected	16	static
