Archive member included to satisfy reference by file (symbol)

c:/program files (x86)/atollic/truestudio for stm32 9.2.0/armtools/bin/../lib/gcc/arm-atollic-eabi/6.3.1/../../../../arm-atollic-eabi/lib/armv7e-m/fpu\libc_nano.a(lib_a-errno.o)
                              Src\syscalls.o (__errno)
c:/program files (x86)/atollic/truestudio for stm32 9.2.0/armtools/bin/../lib/gcc/arm-atollic-eabi/6.3.1/../../../../arm-atollic-eabi/lib/armv7e-m/fpu\libc_nano.a(lib_a-impure.o)
                              c:/program files (x86)/atollic/truestudio for stm32 9.2.0/armtools/bin/../lib/gcc/arm-atollic-eabi/6.3.1/../../../../arm-atollic-eabi/lib/armv7e-m/fpu\libc_nano.a(lib_a-errno.o) (_impure_ptr)
c:/program files (x86)/atollic/truestudio for stm32 9.2.0/armtools/bin/../lib/gcc/arm-atollic-eabi/6.3.1/../../../../arm-atollic-eabi/lib/armv7e-m/fpu\libc_nano.a(lib_a-init.o)
                              startup\startup_stm32f446xx.o (__libc_init_array)
c:/program files (x86)/atollic/truestudio for stm32 9.2.0/armtools/bin/../lib/gcc/arm-atollic-eabi/6.3.1/../../../../arm-atollic-eabi/lib/armv7e-m/fpu\libc_nano.a(lib_a-isprint.o)
                              Src\ublox_gps.o (isprint)
c:/program files (x86)/atollic/truestudio for stm32 9.2.0/armtools/bin/../lib/gcc/arm-atollic-eabi/6.3.1/../../../../arm-atollic-eabi/lib/armv7e-m/fpu\libc_nano.a(lib_a-locale.o)
                              c:/program files (x86)/atollic/truestudio for stm32 9.2.0/armtools/bin/../lib/gcc/arm-atollic-eabi/6.3.1/../../../../arm-atollic-eabi/lib/armv7e-m/fpu\libc_nano.a(lib_a-isprint.o) (__locale_ctype_ptr)
c:/program files (x86)/atollic/truestudio for stm32 9.2.0/armtools/bin/../lib/gcc/arm-atollic-eabi/6.3.1/../../../../arm-atollic-eabi/lib/armv7e-m/fpu\libc_nano.a(lib_a-mbtowc_r.o)
                              c:/program files (x86)/atollic/truestudio for stm32 9.2.0/armtools/bin/../lib/gcc/arm-atollic-eabi/6.3.1/../../../../arm-atollic-eabi/lib/armv7e-m/fpu\libc_nano.a(lib_a-locale.o) (__ascii_mbtowc)
c:/program files (x86)/atollic/truestudio for stm32 9.2.0/armtools/bin/../lib/gcc/arm-atollic-eabi/6.3.1/../../../../arm-atollic-eabi/lib/armv7e-m/fpu\libc_nano.a(lib_a-memcpy-stub.o)
                              Src\main.o (memcpy)
c:/program files (x86)/atollic/truestudio for stm32 9.2.0/armtools/bin/../lib/gcc/arm-atollic-eabi/6.3.1/../../../../arm-atollic-eabi/lib/armv7e-m/fpu\libc_nano.a(lib_a-memset.o)
                              Src\main.o (memset)
c:/program files (x86)/atollic/truestudio for stm32 9.2.0/armtools/bin/../lib/gcc/arm-atollic-eabi/6.3.1/../../../../arm-atollic-eabi/lib/armv7e-m/fpu\libc_nano.a(lib_a-printf.o)
                              Src\ublox_gps.o (printf)
c:/program files (x86)/atollic/truestudio for stm32 9.2.0/armtools/bin/../lib/gcc/arm-atollic-eabi/6.3.1/../../../../arm-atollic-eabi/lib/armv7e-m/fpu\libc_nano.a(lib_a-puts.o)
                              Src\ublox_gps.o (puts)
c:/program files (x86)/atollic/truestudio for stm32 9.2.0/armtools/bin/../lib/gcc/arm-atollic-eabi/6.3.1/../../../../arm-atollic-eabi/lib/armv7e-m/fpu\libc_nano.a(lib_a-strcmp.o)
                              Src\ublox_gps.o (strcmp)
c:/program files (x86)/atollic/truestudio for stm32 9.2.0/armtools/bin/../lib/gcc/arm-atollic-eabi/6.3.1/../../../../arm-atollic-eabi/lib/armv7e-m/fpu\libc_nano.a(lib_a-strlen.o)
                              Src\ublox_gps.o (strlen)
c:/program files (x86)/atollic/truestudio for stm32 9.2.0/armtools/bin/../lib/gcc/arm-atollic-eabi/6.3.1/../../../../arm-atollic-eabi/lib/armv7e-m/fpu\libc_nano.a(lib_a-strtol.o)
                              Src\ublox_gps.o (strtol)
c:/program files (x86)/atollic/truestudio for stm32 9.2.0/armtools/bin/../lib/gcc/arm-atollic-eabi/6.3.1/../../../../arm-atollic-eabi/lib/armv7e-m/fpu\libc_nano.a(lib_a-wbuf.o)
                              c:/program files (x86)/atollic/truestudio for stm32 9.2.0/armtools/bin/../lib/gcc/arm-atollic-eabi/6.3.1/../../../../arm-atollic-eabi/lib/armv7e-m/fpu\libc_nano.a(lib_a-puts.o) (__swbuf_r)
c:/program files (x86)/atollic/truestudio for stm32 9.2.0/armtools/bin/../lib/gcc/arm-atollic-eabi/6.3.1/../../../../arm-atollic-eabi/lib/armv7e-m/fpu\libc_nano.a(lib_a-wctomb_r.o)
                              c:/program files (x86)/atollic/truestudio for stm32 9.2.0/armtools/bin/../lib/gcc/arm-atollic-eabi/6.3.1/../../../../arm-atollic-eabi/lib/armv7e-m/fpu\libc_nano.a(lib_a-locale.o) (__ascii_wctomb)
c:/program files (x86)/atollic/truestudio for stm32 9.2.0/armtools/bin/../lib/gcc/arm-atollic-eabi/6.3.1/../../../../arm-atollic-eabi/lib/armv7e-m/fpu\libc_nano.a(lib_a-wsetup.o)
                              c:/program files (x86)/atollic/truestudio for stm32 9.2.0/armtools/bin/../lib/gcc/arm-atollic-eabi/6.3.1/../../../../arm-atollic-eabi/lib/armv7e-m/fpu\libc_nano.a(lib_a-puts.o) (__swsetup_r)
[...]
Memory Configuration

Name             Origin             Length             Attributes
RAM              0x20000000         0x00020000         xrw
FLASH            0x08000000         0x00040000         xr
*default*        0x00000000         0xffffffff

Linker script and memory map

LOAD c:/program files (x86)/atollic/truestudio for stm32 9.2.0/armtools/bin/../lib/gcc/arm-atollic-eabi/6.3.1/armv7e-m/fpu/crti.o
LOAD c:/program files (x86)/atollic/truestudio for stm32 9.2.0/armtools/bin/../lib/gcc/arm-atollic-eabi/6.3.1/armv7e-m/fpu/crtbegin.o
LOAD Drivers\STM32F4xx_HAL_Driver\Src\stm32f4xx_hal.o
LOAD Drivers\STM32F4xx_HAL_Driver\Src\stm32f4xx_hal_adc.o
LOAD Drivers\STM32F4xx_HAL_Driver\Src\stm32f4xx_hal_adc_ex.o
LOAD Drivers\STM32F4xx_HAL_Driver\Src\stm32f4xx_hal_cortex.o
LOAD Drivers\STM32F4xx_HAL_Driver\Src\stm32f4xx_hal_dma.o
LOAD Drivers\STM32F4xx_HAL_Driver\Src\stm32f4xx_hal_dma_ex.o
LOAD Drivers\STM32F4xx_HAL_Driver\Src\stm32f4xx_hal_exti.o
LOAD Drivers\STM32F4xx_HAL_Driver\Src\stm32f4xx_hal_flash.o
LOAD Drivers\STM32F4xx_HAL_Driver\Src\stm32f4xx_hal_flash_ex.o
LOAD Drivers\STM32F4xx_HAL_Driver\Src\stm32f4xx_hal_flash_ramfunc.o
LOAD Drivers\STM32F4xx_HAL_Driver\Src\stm32f4xx_hal_gpio.o
LOAD Drivers\STM32F4xx_HAL_Driver\Src\stm32f4xx_hal_i2c.o
LOAD Drivers\STM32F4xx_HAL_Driver\Src\stm32f4xx_hal_i2c_ex.o
LOAD Drivers\STM32F4xx_HAL_Driver\Src\stm32f4xx_hal_pwr.o
LOAD Drivers\STM32F4xx_HAL_Driver\Src\stm32f4xx_hal_pwr_ex.o
LOAD Drivers\STM32F4xx_HAL_Driver\Src\stm32f4xx_hal_rcc.o
LOAD Drivers\STM32F4xx_HAL_Driver\Src\stm32f4xx_hal_rcc_ex.o
LOAD Drivers\STM32F4xx_HAL_Driver\Src\stm32f4xx_hal_rtc.o
LOAD Drivers\STM32F4xx_HAL_Driver\Src\stm32f4xx_hal_rtc_ex.o
LOAD Drivers\STM32F4xx_HAL_Driver\Src\stm32f4xx_hal_sd.o
LOAD Drivers\STM32F4xx_HAL_Driver\Src\stm32f4xx_hal_spi.o
LOAD Drivers\STM32F4xx_HAL_Driver\Src\stm32f4xx_hal_tim.o
LOAD Drivers\STM32F4xx_HAL_Driver\Src\stm32f4xx_hal_tim_ex.o
LOAD Drivers\STM32F4xx_HAL_Driver\Src\stm32f4xx_hal_uart.o
LOAD Drivers\STM32F4xx_HAL_Driver\Src\stm32f4xx_ll_sdmmc.o
LOAD Middlewares\Third_Party\FatFs\src\diskio.o
LOAD Middlewares\Third_Party\FatFs\src\ff.o
LOAD Middlewares\Third_Party\FatFs\src\ff_gen_drv.o
LOAD Middlewares\Third_Party\FatFs\src\option\syscall.o
LOAD Src\BMP.o
LOAD Src\IMU.o
LOAD Src\MAG.o
LOAD Src\PITOT.o
LOAD Src\apoapsis_detection.o
LOAD Src\bsp_driver_sd.o
LOAD Src\fatfs.o
LOAD Src\main.o
LOAD Src\readWrite.o
LOAD Src\sd_diskio.o
LOAD Src\stm32f4xx_hal_msp.o
LOAD Src\stm32f4xx_it.o
LOAD Src\syscalls.o
LOAD Src\system_stm32f4xx.o
LOAD Src\ublox_gps.o
LOAD startup\startup_stm32f446xx.o
                0x00000080                malloc_getpagesize_P = 0x80
START GROUP
LOAD c:/program files (x86)/atollic/truestudio for stm32 9.2.0/armtools/bin/../lib/gcc/arm-atollic-eabi/6.3.1/../../../../arm-atollic-eabi/lib/armv7e-m/fpu\libc_nano.a
LOAD c:/program files (x86)/atollic/truestudio for stm32 9.2.0/armtools/bin/../lib/gcc/arm-atollic-eabi/6.3.1/../../../../arm-atollic-eabi/lib/armv7e-m/fpu\libm.a
END GROUP
START GROUP
LOAD c:/program files (x86)/atollic/truestudio for stm32 9.2.0/armtools/bin/../lib/gcc/arm-atollic-eabi/6.3.1/armv7e-m/fpu\libgcc.a
LOAD c:/program files (x86)/atollic/truestudio for stm32 9.2.0/armtools/bin/../lib/gcc/arm-atollic-eabi/6.3.1/../../../../arm-atollic-eabi/lib/armv7e-m/fpu\libc_nano.a
END GROUP
START GROUP
LOAD c:/program files (x86)/atollic/truestudio for stm32 9.2.0/armtools/bin/../lib/gcc/arm-atollic-eabi/6.3.1/armv7e-m/fpu\libgcc.a
LOAD c:/program files (x86)/atollic/truestudio for stm32 9.2.0/armtools/bin/../lib/gcc/arm-atollic-eabi/6.3.1/../../../../arm-atollic-eabi/lib/armv7e-m/fpu\libc_nano.a
LOAD c:/program files (x86)/atollic/truestudio for stm32 9.2.0/armtools/bin/../lib/gcc/arm-atollic-eabi/6.3.1/../../../../arm-atollic-eabi/lib/armv7e-m/fpu\libnosys.a
END GROUP
START GROUP
LOAD c:/program files (x86)/atollic/truestudio for stm32 9.2.0/armtools/bin/../lib/gcc/arm-atollic-eabi/6.3.1/armv7e-m/fpu\libgcc.a
LOAD c:/program files (x86)/atollic/truestudio for stm32 9.2.0/armtools/bin/../lib/gcc/arm-atollic-eabi/6.3.1/../../../../arm-atollic-eabi/lib/armv7e-m/fpu\libc_nano.a
LOAD c:/program files (x86)/atollic/truestudio for stm32 9.2.0/armtools/bin/../lib/gcc/arm-atollic-eabi/6.3.1/../../../../arm-atollic-eabi/lib/armv7e-m/fpu\libnosys.a
END GROUP
LOAD c:/program files (x86)/atollic/truestudio for stm32 9.2.0/armtools/bin/../lib/gcc/arm-atollic-eabi/6.3.1/armv7e-m/fpu/crtend.o
LOAD c:/program files (x86)/atollic/truestudio for stm32 9.2.0/armtools/bin/../lib/gcc/arm-atollic-eabi/6.3.1/armv7e-m/fpu/crtn.o
                0x20020000                _estack = 0x20020000
                0x00002000                _Min_Heap_Size = 0x2000
                0x00004000                _Min_Stack_Size = 0x4000

.isr_vector     0x08000000      0x1c4
                0x08000000                . = ALIGN (0x4)
 *(.isr_vector)
 .isr_vector    0x08000000      0x1c4 startup\startup_stm32f446xx.o
                0x08000000                g_pfnVectors
                0x080001c4                . = ALIGN (0x4)

.text           0x080001d0     0xf594
                0x080001d0                . = ALIGN (0x4)
 *(.text)
 .text          0x080001d0       0x40 c:/program files (x86)/atollic/truestudio for stm32 9.2.0/armtools/bin/../lib/gcc/arm-atollic-eabi/6.3.1/armv7e-m/fpu/crtbegin.o
 .text          0x08000210       0x14 c:/program files (x86)/atollic/truestudio for stm32 9.2.0/armtools/bin/../lib/gcc/arm-atollic-eabi/6.3.1/../../../../arm-atollic-eabi/lib/armv7e-m/fpu\libc_nano.a(lib_a-strcmp.o)
                0x08000210                strcmp
 *fill*         0x08000224        0xc 
 .text          0x08000230       0xa0 c:/program files (x86)/atollic/truestudio for stm32 9.2.0/armtools/bin/../lib/gcc/arm-atollic-eabi/6.3.1/../../../../arm-atollic-eabi/lib/armv7e-m/fpu\libc_nano.a(lib_a-memchr.o)
                0x08000230                memchr
 .text          0x080002d0      0x370 c:/program files (x86)/atollic/truestudio for stm32 9.2.0/armtools/bin/../lib/gcc/arm-atollic-eabi/6.3.1/armv7e-m/fpu\libgcc.a(_arm_addsubdf3.o)
                0x080002d0                __aeabi_drsub
                0x080002d8                __aeabi_dsub
                0x080002d8                __subdf3
                0x080002dc                __aeabi_dadd
                0x080002dc                __adddf3
                0x08000554                __floatunsidf
                0x08000554                __aeabi_ui2d
                0x08000574                __floatsidf
                0x08000574                __aeabi_i2d
                0x08000598                __aeabi_f2d
                0x08000598                __extendsfdf2
                0x080005d4                __floatundidf
                0x080005d4                __aeabi_ul2d
                0x080005e4                __floatdidf
                0x080005e4                __aeabi_l2d
 .text          0x08000640      0x424 c:/program files (x86)/atollic/truestudio for stm32 9.2.0/armtools/bin/../lib/gcc/arm-atollic-eabi/6.3.1/armv7e-m/fpu\libgcc.a(_arm_muldivdf3.o)
                0x08000640                __aeabi_dmul
                0x08000640                __muldf3
                0x08000894                __divdf3
                0x08000894                __aeabi_ddiv
 .text          0x08000a64      0x110 c:/program files (x86)/atollic/truestudio for stm32 9.2.0/armtools/bin/../lib/gcc/arm-atollic-eabi/6.3.1/armv7e-m/fpu\libgcc.a(_arm_cmpdf2.o)
                0x08000a64                __gtdf2
                0x08000a64                __gedf2
                0x08000a6c                __ltdf2
                0x08000a6c                __ledf2
                0x08000a74                __nedf2
                0x08000a74                __eqdf2
                0x08000a74                __cmpdf2
                0x08000af0                __aeabi_cdrcmple
                0x08000b00                __aeabi_cdcmpeq
                0x08000b00                __aeabi_cdcmple
                0x08000b10                __aeabi_dcmpeq
                0x08000b24                __aeabi_dcmplt
                0x08000b38                __aeabi_dcmple
                0x08000b4c                __aeabi_dcmpge
                0x08000b60                __aeabi_dcmpgt
 .text          0x08000b74       0x2c c:/program files (x86)/atollic/truestudio for stm32 9.2.0/armtools/bin/../lib/gcc/arm-atollic-eabi/6.3.1/armv7e-m/fpu\libgcc.a(_arm_unorddf2.o)
                0x08000b74                __unorddf2
                0x08000b74                __aeabi_dcmpun
 .text          0x08000ba0       0x50 c:/program files (x86)/atollic/truestudio for stm32 9.2.0/armtools/bin/../lib/gcc/arm-atollic-eabi/6.3.1/armv7e-m/fpu\libgcc.a(_arm_fixdfsi.o)
                0x08000ba0                __aeabi_d2iz
                0x08000ba0                __fixdfsi
 .text          0x08000bf0       0xa0 c:/program files (x86)/atollic/truestudio for stm32 9.2.0/armtools/bin/../lib/gcc/arm-atollic-eabi/6.3.1/armv7e-m/fpu\libgcc.a(_arm_truncdfsf2.o)
                0x08000bf0                __truncdfsf2
                0x08000bf0                __aeabi_d2f
 .text          0x08000c90       0xa0 c:/program files (x86)/atollic/truestudio for stm32 9.2.0/armtools/bin/../lib/gcc/arm-atollic-eabi/6.3.1/armv7e-m/fpu\libgcc.a(_aeabi_ldivmod.o)
                0x08000c90                __aeabi_ldivmod
 .text          0x08000d30       0x30 c:/program files (x86)/atollic/truestudio for stm32 9.2.0/armtools/bin/../lib/gcc/arm-atollic-eabi/6.3.1/armv7e-m/fpu\libgcc.a(_aeabi_uldivmod.o)
                0x08000d30                __aeabi_uldivmod
 .text          0x08000d60      0x2dc c:/program files (x86)/atollic/truestudio for stm32 9.2.0/armtools/bin/../lib/gcc/arm-atollic-eabi/6.3.1/armv7e-m/fpu\libgcc.a(_udivmoddi4.o)
                0x08000d60                __udivmoddi4
 .text          0x0800103c        0x4 c:/program files (x86)/atollic/truestudio for stm32 9.2.0/armtools/bin/../lib/gcc/arm-atollic-eabi/6.3.1/armv7e-m/fpu\libgcc.a(_dvmd_tls.o)
                0x0800103c                __aeabi_idiv0
                0x0800103c                __aeabi_ldiv0
 *(.text*)
 .text.HAL_Init
                0x08001040       0x44 Drivers\STM32F4xx_HAL_Driver\Src\stm32f4xx_hal.o
                0x08001040                HAL_Init
 .text.HAL_InitTick
                0x08001084       0x60 Drivers\STM32F4xx_HAL_Driver\Src\stm32f4xx_hal.o
                0x08001084                HAL_InitTick
 .text.HAL_IncTick
                0x080010e4       0x28 Drivers\STM32F4xx_HAL_Driver\Src\stm32f4xx_hal.o
                0x080010e4                HAL_IncTick
 .text.HAL_GetTick
                0x0800110c       0x18 Drivers\STM32F4xx_HAL_Driver\Src\stm32f4xx_hal.o
                0x0800110c                HAL_GetTick
 .text.HAL_Delay
                0x08001124       0x44 Drivers\STM32F4xx_HAL_Driver\Src\stm32f4xx_hal.o
                0x08001124                HAL_Delay
 .text.HAL_ADC_Init
                0x08001168       0x86 Drivers\STM32F4xx_HAL_Driver\Src\stm32f4xx_hal_adc.o
                0x08001168                HAL_ADC_Init
 *fill*         0x080011ee        0x2 
 .text.HAL_ADC_ConfigChannel
                0x080011f0      0x268 Drivers\STM32F4xx_HAL_Driver\Src\stm32f4xx_hal_adc.o
                0x080011f0                HAL_ADC_ConfigChannel
 .text.ADC_Init
                0x08001458      0x1f8 Drivers\STM32F4xx_HAL_Driver\Src\stm32f4xx_hal_adc.o
 .text.__NVIC_SetPriorityGrouping
                0x08001650       0x48 Drivers\STM32F4xx_HAL_Driver\Src\stm32f4xx_hal_cortex.o
 .text.__NVIC_GetPriorityGrouping
                0x08001698       0x1c Drivers\STM32F4xx_HAL_Driver\Src\stm32f4xx_hal_cortex.o
 .text.__NVIC_EnableIRQ
                0x080016b4       0x3c Drivers\STM32F4xx_HAL_Driver\Src\stm32f4xx_hal_cortex.o
 .text.__NVIC_DisableIRQ
                0x080016f0       0x44 Drivers\STM32F4xx_HAL_Driver\Src\stm32f4xx_hal_cortex.o
 .text.__NVIC_SetPriority
                0x08001734       0x54 Drivers\STM32F4xx_HAL_Driver\Src\stm32f4xx_hal_cortex.o
 .text.NVIC_EncodePriority
                0x08001788       0x62 Drivers\STM32F4xx_HAL_Driver\Src\stm32f4xx_hal_cortex.o
 *fill*         0x080017ea        0x2 
 .text.SysTick_Config
                0x080017ec       0x44 Drivers\STM32F4xx_HAL_Driver\Src\stm32f4xx_hal_cortex.o
 .text.HAL_NVIC_SetPriorityGrouping
                0x08001830       0x16 Drivers\STM32F4xx_HAL_Driver\Src\stm32f4xx_hal_cortex.o
                0x08001830                HAL_NVIC_SetPriorityGrouping
 .text.HAL_NVIC_SetPriority
                0x08001846       0x38 Drivers\STM32F4xx_HAL_Driver\Src\stm32f4xx_hal_cortex.o
                0x08001846                HAL_NVIC_SetPriority
 .text.HAL_NVIC_EnableIRQ
                0x0800187e       0x1c Drivers\STM32F4xx_HAL_Driver\Src\stm32f4xx_hal_cortex.o
                0x0800187e                HAL_NVIC_EnableIRQ
 .text.HAL_NVIC_DisableIRQ
                0x0800189a       0x1c Drivers\STM32F4xx_HAL_Driver\Src\stm32f4xx_hal_cortex.o
                0x0800189a                HAL_NVIC_DisableIRQ
 .text.HAL_SYSTICK_Config
                0x080018b6       0x18 Drivers\STM32F4xx_HAL_Driver\Src\stm32f4xx_hal_cortex.o
                0x080018b6                HAL_SYSTICK_Config
 *fill*         0x080018ce        0x2 
 .text.HAL_DMA_Init
                0x080018d0      0x15c Drivers\STM32F4xx_HAL_Driver\Src\stm32f4xx_hal_dma.o
                0x080018d0                HAL_DMA_Init
 .text.HAL_DMA_Start_IT
                0x08001a2c       0xc0 Drivers\STM32F4xx_HAL_Driver\Src\stm32f4xx_hal_dma.o
                0x08001a2c                HAL_DMA_Start_IT
 .text.HAL_DMA_Abort_IT
                0x08001aec       0x44 Drivers\STM32F4xx_HAL_Driver\Src\stm32f4xx_hal_dma.o
                0x08001aec                HAL_DMA_Abort_IT
 .text.HAL_DMA_IRQHandler
                0x08001b30      0x314 Drivers\STM32F4xx_HAL_Driver\Src\stm32f4xx_hal_dma.o
                0x08001b30                HAL_DMA_IRQHandler
 .text.DMA_SetConfig
                0x08001e44       0x5c Drivers\STM32F4xx_HAL_Driver\Src\stm32f4xx_hal_dma.o
 .text.DMA_CalcBaseAndBitshift
                0x08001ea0       0x6c Drivers\STM32F4xx_HAL_Driver\Src\stm32f4xx_hal_dma.o
 .text.DMA_CheckFifoParam
                0x08001f0c       0xf4 Drivers\STM32F4xx_HAL_Driver\Src\stm32f4xx_hal_dma.o
 .text.HAL_GPIO_Init
                0x08002000      0x324 Drivers\STM32F4xx_HAL_Driver\Src\stm32f4xx_hal_gpio.o
                0x08002000                HAL_GPIO_Init
 .text.HAL_GPIO_WritePin
                0x08002324       0x32 Drivers\STM32F4xx_HAL_Driver\Src\stm32f4xx_hal_gpio.o
                0x08002324                HAL_GPIO_WritePin
 *fill*         0x08002356        0x2 
 .text.HAL_GPIO_EXTI_IRQHandler
                0x08002358       0x30 Drivers\STM32F4xx_HAL_Driver\Src\stm32f4xx_hal_gpio.o
                0x08002358                HAL_GPIO_EXTI_IRQHandler
 .text.HAL_GPIO_EXTI_Callback
                0x08002388       0x16 Drivers\STM32F4xx_HAL_Driver\Src\stm32f4xx_hal_gpio.o
                0x08002388                HAL_GPIO_EXTI_Callback
 *fill*         0x0800239e        0x2 
 .text.HAL_I2C_Init
                0x080023a0      0x250 Drivers\STM32F4xx_HAL_Driver\Src\stm32f4xx_hal_i2c.o
                0x080023a0                HAL_I2C_Init
 .text.HAL_RCC_ClockConfig
                0x080025f0      0x1c4 Drivers\STM32F4xx_HAL_Driver\Src\stm32f4xx_hal_rcc.o
                0x080025f0                HAL_RCC_ClockConfig
 .text.HAL_RCC_GetHCLKFreq
                0x080027b4       0x18 Drivers\STM32F4xx_HAL_Driver\Src\stm32f4xx_hal_rcc.o
                0x080027b4                HAL_RCC_GetHCLKFreq
 .text.HAL_RCC_GetPCLK1Freq
                0x080027cc       0x28 Drivers\STM32F4xx_HAL_Driver\Src\stm32f4xx_hal_rcc.o
                0x080027cc                HAL_RCC_GetPCLK1Freq
 .text.HAL_RCC_GetPCLK2Freq
                0x080027f4       0x28 Drivers\STM32F4xx_HAL_Driver\Src\stm32f4xx_hal_rcc.o
                0x080027f4                HAL_RCC_GetPCLK2Freq
 .text.HAL_RCCEx_PeriphCLKConfig
                0x0800281c      0x654 Drivers\STM32F4xx_HAL_Driver\Src\stm32f4xx_hal_rcc_ex.o
                0x0800281c                HAL_RCCEx_PeriphCLKConfig
 .text.HAL_RCC_GetSysClockFreq
                0x08002e70      0x2a4 Drivers\STM32F4xx_HAL_Driver\Src\stm32f4xx_hal_rcc_ex.o
                0x08002e70                HAL_RCC_GetSysClockFreq
 .text.HAL_RCC_OscConfig
                0x08003114      0x4b4 Drivers\STM32F4xx_HAL_Driver\Src\stm32f4xx_hal_rcc_ex.o
                0x08003114                HAL_RCC_OscConfig
 .text.HAL_RTC_Init
                0x080035c8      0x122 Drivers\STM32F4xx_HAL_Driver\Src\stm32f4xx_hal_rtc.o
                0x080035c8                HAL_RTC_Init
 .text.HAL_RTC_SetTime
                0x080036ea      0x17a Drivers\STM32F4xx_HAL_Driver\Src\stm32f4xx_hal_rtc.o
                0x080036ea                HAL_RTC_SetTime
 .text.HAL_RTC_GetTime
                0x08003864       0xbc Drivers\STM32F4xx_HAL_Driver\Src\stm32f4xx_hal_rtc.o
                0x08003864                HAL_RTC_GetTime
 .text.HAL_RTC_SetDate
                0x08003920      0x14e Drivers\STM32F4xx_HAL_Driver\Src\stm32f4xx_hal_rtc.o
                0x08003920                HAL_RTC_SetDate
 .text.HAL_RTC_GetDate
                0x08003a6e       0x9e Drivers\STM32F4xx_HAL_Driver\Src\stm32f4xx_hal_rtc.o
                0x08003a6e                HAL_RTC_GetDate
 .text.HAL_RTC_WaitForSynchro
                0x08003b0c       0x50 Drivers\STM32F4xx_HAL_Driver\Src\stm32f4xx_hal_rtc.o
                0x08003b0c                HAL_RTC_WaitForSynchro
 .text.RTC_EnterInitMode
                0x08003b5c       0x58 Drivers\STM32F4xx_HAL_Driver\Src\stm32f4xx_hal_rtc.o
                0x08003b5c                RTC_EnterInitMode
 .text.RTC_ByteToBcd2
                0x08003bb4       0x3c Drivers\STM32F4xx_HAL_Driver\Src\stm32f4xx_hal_rtc.o
                0x08003bb4                RTC_ByteToBcd2
 .text.RTC_Bcd2ToByte
                0x08003bf0       0x3c Drivers\STM32F4xx_HAL_Driver\Src\stm32f4xx_hal_rtc.o
                0x08003bf0                RTC_Bcd2ToByte
 .text.HAL_SD_Init
                0x08003c2c       0x56 Drivers\STM32F4xx_HAL_Driver\Src\stm32f4xx_hal_sd.o
                0x08003c2c                HAL_SD_Init
 *fill*         0x08003c82        0x2 
 .text.HAL_SD_InitCard
                0x08003c84       0xb8 Drivers\STM32F4xx_HAL_Driver\Src\stm32f4xx_hal_sd.o
                0x08003c84                HAL_SD_InitCard
 .text.HAL_SD_ReadBlocks_DMA
                0x08003d3c      0x194 Drivers\STM32F4xx_HAL_Driver\Src\stm32f4xx_hal_sd.o
                0x08003d3c                HAL_SD_ReadBlocks_DMA
 .text.HAL_SD_WriteBlocks_DMA
                0x08003ed0      0x194 Drivers\STM32F4xx_HAL_Driver\Src\stm32f4xx_hal_sd.o
                0x08003ed0                HAL_SD_WriteBlocks_DMA
 .text.HAL_SD_IRQHandler
                0x08004064      0x2a8 Drivers\STM32F4xx_HAL_Driver\Src\stm32f4xx_hal_sd.o
                0x08004064                HAL_SD_IRQHandler
 .text.HAL_SD_ErrorCallback
                0x0800430c       0x14 Drivers\STM32F4xx_HAL_Driver\Src\stm32f4xx_hal_sd.o
                0x0800430c                HAL_SD_ErrorCallback
 .text.HAL_SD_GetCardCSD
                0x08004320      0x456 Drivers\STM32F4xx_HAL_Driver\Src\stm32f4xx_hal_sd.o
                0x08004320                HAL_SD_GetCardCSD
 .text.HAL_SD_GetCardInfo
                0x08004776       0x58 Drivers\STM32F4xx_HAL_Driver\Src\stm32f4xx_hal_sd.o
                0x08004776                HAL_SD_GetCardInfo
 .text.HAL_SD_ConfigWideBusOperation
                0x080047ce       0xf8 Drivers\STM32F4xx_HAL_Driver\Src\stm32f4xx_hal_sd.o
                0x080047ce                HAL_SD_ConfigWideBusOperation
 .text.HAL_SD_GetCardState
                0x080048c6       0x4a Drivers\STM32F4xx_HAL_Driver\Src\stm32f4xx_hal_sd.o
                0x080048c6                HAL_SD_GetCardState
 .text.SD_DMATransmitCplt
                0x08004910       0x2a Drivers\STM32F4xx_HAL_Driver\Src\stm32f4xx_hal_sd.o
 .text.SD_DMAReceiveCplt
                0x0800493a       0x6e Drivers\STM32F4xx_HAL_Driver\Src\stm32f4xx_hal_sd.o
 .text.SD_DMAError
                0x080049a8       0x8a Drivers\STM32F4xx_HAL_Driver\Src\stm32f4xx_hal_sd.o
 .text.SD_DMATxAbort
                0x08004a32       0x7c Drivers\STM32F4xx_HAL_Driver\Src\stm32f4xx_hal_sd.o
 .text.SD_DMARxAbort
                0x08004aae       0x7c Drivers\STM32F4xx_HAL_Driver\Src\stm32f4xx_hal_sd.o
 .text.SD_InitCard
                0x08004b2a      0x192 Drivers\STM32F4xx_HAL_Driver\Src\stm32f4xx_hal_sd.o
 .text.SD_PowerON
                0x08004cbc      0x150 Drivers\STM32F4xx_HAL_Driver\Src\stm32f4xx_hal_sd.o
 .text.SD_SendStatus
                0x08004e0c       0x54 Drivers\STM32F4xx_HAL_Driver\Src\stm32f4xx_hal_sd.o
 .text.SD_WideBus_Enable
                0x08004e60       0x9a Drivers\STM32F4xx_HAL_Driver\Src\stm32f4xx_hal_sd.o
 .text.SD_WideBus_Disable
                0x08004efa       0x9a Drivers\STM32F4xx_HAL_Driver\Src\stm32f4xx_hal_sd.o
 .text.SD_FindSCR
                0x08004f94      0x190 Drivers\STM32F4xx_HAL_Driver\Src\stm32f4xx_hal_sd.o
 .text.SD_Read_IT
                0x08005124       0x50 Drivers\STM32F4xx_HAL_Driver\Src\stm32f4xx_hal_sd.o
 .text.SD_Write_IT
                0x08005174       0x4c Drivers\STM32F4xx_HAL_Driver\Src\stm32f4xx_hal_sd.o
 .text.HAL_SPI_Init
                0x080051c0       0xc6 Drivers\STM32F4xx_HAL_Driver\Src\stm32f4xx_hal_spi.o
                0x080051c0                HAL_SPI_Init
 .text.HAL_SPI_Transmit
                0x08005286      0x264 Drivers\STM32F4xx_HAL_Driver\Src\stm32f4xx_hal_spi.o
                0x08005286                HAL_SPI_Transmit
 .text.HAL_SPI_Receive
                0x080054ea      0x20c Drivers\STM32F4xx_HAL_Driver\Src\stm32f4xx_hal_spi.o
                0x080054ea                HAL_SPI_Receive
 .text.HAL_SPI_TransmitReceive
                0x080056f6      0x340 Drivers\STM32F4xx_HAL_Driver\Src\stm32f4xx_hal_spi.o
                0x080056f6                HAL_SPI_TransmitReceive
 .text.SPI_WaitFlagStateUntilTimeout
                0x08005a36       0xd4 Drivers\STM32F4xx_HAL_Driver\Src\stm32f4xx_hal_spi.o
 .text.SPI_EndRxTransaction
                0x08005b0a       0xca Drivers\STM32F4xx_HAL_Driver\Src\stm32f4xx_hal_spi.o
 .text.SPI_EndRxTxTransaction
                0x08005bd4       0x84 Drivers\STM32F4xx_HAL_Driver\Src\stm32f4xx_hal_spi.o
 .text.HAL_TIM_Base_Init
                0x08005c58       0x56 Drivers\STM32F4xx_HAL_Driver\Src\stm32f4xx_hal_tim.o
                0x08005c58                HAL_TIM_Base_Init
 .text.HAL_TIM_Base_Start_IT
                0x08005cae       0x48 Drivers\STM32F4xx_HAL_Driver\Src\stm32f4xx_hal_tim.o
                0x08005cae                HAL_TIM_Base_Start_IT
 .text.HAL_TIM_ConfigClockSource
                0x08005cf6      0x16e Drivers\STM32F4xx_HAL_Driver\Src\stm32f4xx_hal_tim.o
                0x08005cf6                HAL_TIM_ConfigClockSource
 .text.TIM_Base_SetConfig
                0x08005e64      0x140 Drivers\STM32F4xx_HAL_Driver\Src\stm32f4xx_hal_tim.o
                0x08005e64                TIM_Base_SetConfig
 .text.TIM_TI1_ConfigInputStage
                0x08005fa4       0x5e Drivers\STM32F4xx_HAL_Driver\Src\stm32f4xx_hal_tim.o
 .text.TIM_TI2_ConfigInputStage
                0x08006002       0x60 Drivers\STM32F4xx_HAL_Driver\Src\stm32f4xx_hal_tim.o
 .text.TIM_ITRx_SetConfig
                0x08006062       0x36 Drivers\STM32F4xx_HAL_Driver\Src\stm32f4xx_hal_tim.o
 .text.TIM_ETR_SetConfig
                0x08006098       0x40 Drivers\STM32F4xx_HAL_Driver\Src\stm32f4xx_hal_tim.o
                0x08006098                TIM_ETR_SetConfig
 .text.HAL_TIMEx_MasterConfigSynchronization
                0x080060d8       0x8a Drivers\STM32F4xx_HAL_Driver\Src\stm32f4xx_hal_tim_ex.o
                0x080060d8                HAL_TIMEx_MasterConfigSynchronization
 .text.HAL_UART_Init
                0x08006162       0x9a Drivers\STM32F4xx_HAL_Driver\Src\stm32f4xx_hal_uart.o
                0x08006162                HAL_UART_Init
 .text.HAL_UART_Transmit
                0x080061fc      0x130 Drivers\STM32F4xx_HAL_Driver\Src\stm32f4xx_hal_uart.o
                0x080061fc                HAL_UART_Transmit
 .text.UART_WaitOnFlagUntilTimeout
                0x0800632c       0x94 Drivers\STM32F4xx_HAL_Driver\Src\stm32f4xx_hal_uart.o
 .text.UART_SetConfig
                0x080063c0      0x414 Drivers\STM32F4xx_HAL_Driver\Src\stm32f4xx_hal_uart.o
 .text.SDIO_Init
                0x080067d4       0x56 Drivers\STM32F4xx_HAL_Driver\Src\stm32f4xx_ll_sdmmc.o
                0x080067d4                SDIO_Init
 .text.SDIO_ReadFIFO
                0x0800682a       0x1a Drivers\STM32F4xx_HAL_Driver\Src\stm32f4xx_ll_sdmmc.o
                0x0800682a                SDIO_ReadFIFO
 .text.SDIO_WriteFIFO
                0x08006844       0x22 Drivers\STM32F4xx_HAL_Driver\Src\stm32f4xx_ll_sdmmc.o
                0x08006844                SDIO_WriteFIFO
 .text.SDIO_PowerState_ON
                0x08006866       0x1c Drivers\STM32F4xx_HAL_Driver\Src\stm32f4xx_ll_sdmmc.o
                0x08006866                SDIO_PowerState_ON
 .text.SDIO_GetPowerState
                0x08006882       0x1c Drivers\STM32F4xx_HAL_Driver\Src\stm32f4xx_ll_sdmmc.o
                0x08006882                SDIO_GetPowerState
 .text.SDIO_SendCommand
                0x0800689e       0x54 Drivers\STM32F4xx_HAL_Driver\Src\stm32f4xx_ll_sdmmc.o
                0x0800689e                SDIO_SendCommand
 .text.SDIO_GetCommandResponse
                0x080068f2       0x1a Drivers\STM32F4xx_HAL_Driver\Src\stm32f4xx_ll_sdmmc.o
                0x080068f2                SDIO_GetCommandResponse
 .text.SDIO_GetResponse
                0x0800690c       0x2a Drivers\STM32F4xx_HAL_Driver\Src\stm32f4xx_ll_sdmmc.o
                0x0800690c                SDIO_GetResponse
 .text.SDIO_ConfigData
                0x08006936       0x58 Drivers\STM32F4xx_HAL_Driver\Src\stm32f4xx_ll_sdmmc.o
                0x08006936                SDIO_ConfigData
 .text.SDMMC_CmdBlockLength
                0x0800698e       0x48 Drivers\STM32F4xx_HAL_Driver\Src\stm32f4xx_ll_sdmmc.o
                0x0800698e                SDMMC_CmdBlockLength
 .text.SDMMC_CmdReadSingleBlock
                0x080069d6       0x48 Drivers\STM32F4xx_HAL_Driver\Src\stm32f4xx_ll_sdmmc.o
                0x080069d6                SDMMC_CmdReadSingleBlock
 .text.SDMMC_CmdReadMultiBlock
                0x08006a1e       0x48 Drivers\STM32F4xx_HAL_Driver\Src\stm32f4xx_ll_sdmmc.o
                0x08006a1e                SDMMC_CmdReadMultiBlock
 .text.SDMMC_CmdWriteSingleBlock
                0x08006a66       0x48 Drivers\STM32F4xx_HAL_Driver\Src\stm32f4xx_ll_sdmmc.o
                0x08006a66                SDMMC_CmdWriteSingleBlock
 .text.SDMMC_CmdWriteMultiBlock
                0x08006aae       0x48 Drivers\STM32F4xx_HAL_Driver\Src\stm32f4xx_ll_sdmmc.o
                0x08006aae                SDMMC_CmdWriteMultiBlock
 *fill*         0x08006af6        0x2 
 .text.SDMMC_CmdStopTransfer
                0x08006af8       0x48 Drivers\STM32F4xx_HAL_Driver\Src\stm32f4xx_ll_sdmmc.o
                0x08006af8                SDMMC_CmdStopTransfer
 .text.SDMMC_CmdSelDesel
                0x08006b40       0x4a Drivers\STM32F4xx_HAL_Driver\Src\stm32f4xx_ll_sdmmc.o
                0x08006b40                SDMMC_CmdSelDesel
 .text.SDMMC_CmdGoIdleState
                0x08006b8a       0x40 Drivers\STM32F4xx_HAL_Driver\Src\stm32f4xx_ll_sdmmc.o
                0x08006b8a                SDMMC_CmdGoIdleState
 .text.SDMMC_CmdOperCond
                0x08006bca       0x42 Drivers\STM32F4xx_HAL_Driver\Src\stm32f4xx_ll_sdmmc.o
                0x08006bca                SDMMC_CmdOperCond
 .text.SDMMC_CmdAppCommand
                0x08006c0c       0x48 Drivers\STM32F4xx_HAL_Driver\Src\stm32f4xx_ll_sdmmc.o
                0x08006c0c                SDMMC_CmdAppCommand
 .text.SDMMC_CmdAppOperCommand
                0x08006c54       0x4a Drivers\STM32F4xx_HAL_Driver\Src\stm32f4xx_ll_sdmmc.o
                0x08006c54                SDMMC_CmdAppOperCommand
 .text.SDMMC_CmdBusWidth
                0x08006c9e       0x48 Drivers\STM32F4xx_HAL_Driver\Src\stm32f4xx_ll_sdmmc.o
                0x08006c9e                SDMMC_CmdBusWidth
 .text.SDMMC_CmdSendSCR
                0x08006ce6       0x46 Drivers\STM32F4xx_HAL_Driver\Src\stm32f4xx_ll_sdmmc.o
                0x08006ce6                SDMMC_CmdSendSCR
 .text.SDMMC_CmdSendCID
                0x08006d2c       0x40 Drivers\STM32F4xx_HAL_Driver\Src\stm32f4xx_ll_sdmmc.o
                0x08006d2c                SDMMC_CmdSendCID
 .text.SDMMC_CmdSendCSD
                0x08006d6c       0x42 Drivers\STM32F4xx_HAL_Driver\Src\stm32f4xx_ll_sdmmc.o
                0x08006d6c                SDMMC_CmdSendCSD
 .text.SDMMC_CmdSetRelAdd
                0x08006dae       0x46 Drivers\STM32F4xx_HAL_Driver\Src\stm32f4xx_ll_sdmmc.o
                0x08006dae                SDMMC_CmdSetRelAdd
 .text.SDMMC_CmdSendStatus
                0x08006df4       0x48 Drivers\STM32F4xx_HAL_Driver\Src\stm32f4xx_ll_sdmmc.o
                0x08006df4                SDMMC_CmdSendStatus
 .text.SDMMC_GetCmdError
                0x08006e3c       0x54 Drivers\STM32F4xx_HAL_Driver\Src\stm32f4xx_ll_sdmmc.o
 .text.SDMMC_GetCmdResp1
                0x08006e90      0x1cc Drivers\STM32F4xx_HAL_Driver\Src\stm32f4xx_ll_sdmmc.o
 .text.SDMMC_GetCmdResp2
                0x0800705c       0x80 Drivers\STM32F4xx_HAL_Driver\Src\stm32f4xx_ll_sdmmc.o
 .text.SDMMC_GetCmdResp3
                0x080070dc       0x68 Drivers\STM32F4xx_HAL_Driver\Src\stm32f4xx_ll_sdmmc.o
 .text.SDMMC_GetCmdResp6
                0x08007144       0xdc Drivers\STM32F4xx_HAL_Driver\Src\stm32f4xx_ll_sdmmc.o
 .text.SDMMC_GetCmdResp7
                0x08007220       0x74 Drivers\STM32F4xx_HAL_Driver\Src\stm32f4xx_ll_sdmmc.o
 .text.disk_status
                0x08007294       0x34 Middlewares\Third_Party\FatFs\src\diskio.o
                0x08007294                disk_status
 .text.disk_initialize
                0x080072c8       0x4c Middlewares\Third_Party\FatFs\src\diskio.o
                0x080072c8                disk_initialize
 .text.disk_read
                0x08007314       0x40 Middlewares\Third_Party\FatFs\src\diskio.o
                0x08007314                disk_read
 .text.disk_write
                0x08007354       0x40 Middlewares\Third_Party\FatFs\src\diskio.o
                0x08007354                disk_write
 .text.disk_ioctl
                0x08007394       0x3c Middlewares\Third_Party\FatFs\src\diskio.o
                0x08007394                disk_ioctl
 .text.ld_word  0x080073d0       0x30 Middlewares\Third_Party\FatFs\src\ff.o
 .text.ld_dword
                0x08007400       0x46 Middlewares\Third_Party\FatFs\src\ff.o
 .text.st_word  0x08007446       0x36 Middlewares\Third_Party\FatFs\src\ff.o
 .text.st_dword
                0x0800747c       0x58 Middlewares\Third_Party\FatFs\src\ff.o
 .text.mem_cpy  0x080074d4       0x42 Middlewares\Third_Party\FatFs\src\ff.o
 .text.mem_set  0x08007516       0x34 Middlewares\Third_Party\FatFs\src\ff.o
 .text.mem_cmp  0x0800754a       0x4e Middlewares\Third_Party\FatFs\src\ff.o
 .text.chk_chr  0x08007598       0x36 Middlewares\Third_Party\FatFs\src\ff.o
 *fill*         0x080075ce        0x2 
 .text.chk_lock
                0x080075d0       0xb8 Middlewares\Third_Party\FatFs\src\ff.o
 .text.enq_lock
                0x08007688       0x44 Middlewares\Third_Party\FatFs\src\ff.o
 .text.inc_lock
                0x080076cc      0x11c Middlewares\Third_Party\FatFs\src\ff.o
 .text.clear_lock
                0x080077e8       0x48 Middlewares\Third_Party\FatFs\src\ff.o
 .text.sync_window
                0x08007830       0x88 Middlewares\Third_Party\FatFs\src\ff.o
 .text.move_window
                0x080078b8       0x5a Middlewares\Third_Party\FatFs\src\ff.o
 .text.clust2sect
                0x08007912       0x3e Middlewares\Third_Party\FatFs\src\ff.o
 .text.get_fat  0x08007950      0x1a0 Middlewares\Third_Party\FatFs\src\ff.o
 .text.put_fat  0x08007af0      0x22e Middlewares\Third_Party\FatFs\src\ff.o
 .text.remove_chain
                0x08007d1e       0xca Middlewares\Third_Party\FatFs\src\ff.o
 .text.create_chain
                0x08007de8      0x130 Middlewares\Third_Party\FatFs\src\ff.o
 .text.dir_sdi  0x08007f18      0x112 Middlewares\Third_Party\FatFs\src\ff.o
 .text.dir_next
                0x0800802a      0x1ac Middlewares\Third_Party\FatFs\src\ff.o
 .text.dir_alloc
                0x080081d6       0x8e Middlewares\Third_Party\FatFs\src\ff.o
 .text.ld_clust
                0x08008264       0x3e Middlewares\Third_Party\FatFs\src\ff.o
 .text.st_clust
                0x080082a2       0x40 Middlewares\Third_Party\FatFs\src\ff.o
 .text.dir_find
                0x080082e2       0xaa Middlewares\Third_Party\FatFs\src\ff.o
 .text.dir_register
                0x0800838c       0x64 Middlewares\Third_Party\FatFs\src\ff.o
 .text.create_name
                0x080083f0      0x128 Middlewares\Third_Party\FatFs\src\ff.o
 .text.follow_path
                0x08008518       0xec Middlewares\Third_Party\FatFs\src\ff.o
 .text.get_ldnumber
                0x08008604       0x88 Middlewares\Third_Party\FatFs\src\ff.o
 .text.check_fs
                0x0800868c       0xac Middlewares\Third_Party\FatFs\src\ff.o
 .text.find_volume
                0x08008738      0x508 Middlewares\Third_Party\FatFs\src\ff.o
 .text.f_mount  0x08008c40       0x8c Middlewares\Third_Party\FatFs\src\ff.o
                0x08008c40                f_mount
 .text.f_open   0x08008ccc      0x398 Middlewares\Third_Party\FatFs\src\ff.o
                0x08008ccc                f_open
 .text.FATFS_LinkDriverEx
                0x08009064       0x98 Middlewares\Third_Party\FatFs\src\ff_gen_drv.o
                0x08009064                FATFS_LinkDriverEx
 .text.FATFS_LinkDriver
                0x080090fc       0x1e Middlewares\Third_Party\FatFs\src\ff_gen_drv.o
                0x080090fc                FATFS_LinkDriver
 .text.readBMP  0x0800911a       0xe8 Src\BMP.o
                0x0800911a                readBMP
 .text.read16BMP
                0x08009202       0x72 Src\BMP.o
                0x08009202                read16BMP
 .text.readParamBmp
                0x08009274      0x108 Src\BMP.o
                0x08009274                readParamBmp
 .text.initBMP  0x0800937c       0x8e Src\BMP.o
                0x0800937c                initBMP
 .text.bmpCompensate
                0x0800940a      0x406 Src\BMP.o
                0x0800940a                bmpCompensate
 .text.readBMPCal
                0x08009810       0x5e Src\BMP.o
                0x08009810                readBMPCal
 *fill*         0x0800986e        0x2 
 .text.convBMP  0x08009870       0x6c Src\BMP.o
                0x08009870                convBMP
 .text.initIMU_slow
                0x080098dc      0x176 Src\IMU.o
                0x080098dc                initIMU_slow
 *fill*         0x08009a52        0x6 
 .text.convIMU  0x08009a58      0x2e8 Src\IMU.o
                0x08009a58                convIMU
 .text.initMAG  0x08009d40       0xaa Src\MAG.o
                0x08009d40                initMAG
 .text.readMAG  0x08009dea       0x2c Src\MAG.o
                0x08009dea                readMAG
 *fill*         0x08009e16        0x2 
 .text.convMAG  0x08009e18       0xc8 Src\MAG.o
                0x08009e18                convMAG
 .text.convSpeedPITOT
                0x08009ee0       0xc4 Src\PITOT.o
                0x08009ee0                convSpeedPITOT
 .text.timeDiff
                0x08009fa4       0x34 Src\apoapsis_detection.o
                0x08009fa4                timeDiff
 .text.chuteStaticTime
                0x08009fd8       0x36 Src\apoapsis_detection.o
                0x08009fd8                chuteStaticTime
 .text.detectStart
                0x0800a00e       0x20 Src\apoapsis_detection.o
                0x0800a00e                detectStart
 *fill*         0x0800a02e        0x2 
 .text.detectMECO
                0x0800a030      0x16c Src\apoapsis_detection.o
                0x0800a030                detectMECO
 .text.tApoapsisFromVelocity
                0x0800a19c      0x15c Src\apoapsis_detection.o
                0x0800a19c                tApoapsisFromVelocity
 .text.tApoapsisFromVelocityAtMECO
                0x0800a2f8      0x130 Src\apoapsis_detection.o
                0x0800a2f8                tApoapsisFromVelocityAtMECO
 .text.tApoapsisFromPressure
                0x0800a428      0x15c Src\apoapsis_detection.o
                0x0800a428                tApoapsisFromPressure
 .text.computeVelocity
                0x0800a584       0xac Src\apoapsis_detection.o
                0x0800a584                computeVelocity
 .text.triggerParachuteTime
                0x0800a630       0x40 Src\apoapsis_detection.o
                0x0800a630                triggerParachuteTime
 .text.triggerParachute
                0x0800a670       0xbc Src\apoapsis_detection.o
                0x0800a670                triggerParachute
 .text.detectEventsAndTriggerParachute
                0x0800a72c      0x400 Src\apoapsis_detection.o
                0x0800a72c                detectEventsAndTriggerParachute
 .text.BSP_SD_Init
                0x0800ab2c       0x4c Src\bsp_driver_sd.o
                0x0800ab2c                BSP_SD_Init
 .text.BSP_SD_ReadBlocks_DMA
                0x0800ab78       0x34 Src\bsp_driver_sd.o
                0x0800ab78                BSP_SD_ReadBlocks_DMA
 .text.BSP_SD_WriteBlocks_DMA
                0x0800abac       0x34 Src\bsp_driver_sd.o
                0x0800abac                BSP_SD_WriteBlocks_DMA
 .text.BSP_SD_GetCardState
                0x0800abe0       0x20 Src\bsp_driver_sd.o
                0x0800abe0                BSP_SD_GetCardState
 .text.BSP_SD_GetCardInfo
                0x0800ac00       0x1c Src\bsp_driver_sd.o
                0x0800ac00                BSP_SD_GetCardInfo
 .text.HAL_SD_AbortCallback
                0x0800ac1c       0x14 Src\bsp_driver_sd.o
                0x0800ac1c                HAL_SD_AbortCallback
 .text.HAL_SD_TxCpltCallback
                0x0800ac30       0x14 Src\bsp_driver_sd.o
                0x0800ac30                HAL_SD_TxCpltCallback
 .text.HAL_SD_RxCpltCallback
                0x0800ac44       0x14 Src\bsp_driver_sd.o
                0x0800ac44                HAL_SD_RxCpltCallback
 .text.BSP_SD_AbortCallback
                0x0800ac58        0xe Src\bsp_driver_sd.o
                0x0800ac58                BSP_SD_AbortCallback
 .text.BSP_SD_IsDetected
                0x0800ac66       0x1a Src\bsp_driver_sd.o
                0x0800ac66                BSP_SD_IsDetected
 .text.MX_FATFS_Init
                0x0800ac80       0x24 Src\fatfs.o
                0x0800ac80                MX_FATFS_Init
 .text.get_fattime
                0x0800aca4       0x10 Src\fatfs.o
                0x0800aca4                get_fattime
 .text.main     0x0800acb4      0x608 Src\main.o
                0x0800acb4                main
 .text.SystemClock_Config
                0x0800b2bc      0x128 Src\main.o
                0x0800b2bc                SystemClock_Config
 .text.MX_ADC1_Init
                0x0800b3e4       0xa4 Src\main.o
 .text.MX_ADC2_Init
                0x0800b488       0xa4 Src\main.o
 .text.MX_I2C1_Init
                0x0800b52c       0x5c Src\main.o
 .text.MX_RTC_Init
                0x0800b588       0xb4 Src\main.o
 .text.MX_SDIO_SD_Init
                0x0800b63c       0x40 Src\main.o
 .text.MX_SPI2_Init
                0x0800b67c       0x6c Src\main.o
 .text.MX_SPI3_Init
                0x0800b6e8       0x6c Src\main.o
 .text.MX_TIM2_Init
                0x0800b754       0x9c Src\main.o
 .text.MX_TIM3_Init
                0x0800b7f0       0x9c Src\main.o
 .text.MX_USART6_UART_Init
                0x0800b88c       0x54 Src\main.o
 .text.MX_DMA_Init
                0x0800b8e0       0xec Src\main.o
 .text.MX_GPIO_Init
                0x0800b9cc      0x270 Src\main.o
 .text.SD_cardMountInit
                0x0800bc3c       0x64 Src\main.o
                0x0800bc3c                SD_cardMountInit
 .text.sensorsInitialization
                0x0800bca0       0xac Src\main.o
                0x0800bca0                sensorsInitialization
 .text.convertSensors
                0x0800bd4c       0x7e Src\main.o
                0x0800bd4c                convertSensors
 .text.Error_Handler
                0x0800bdca        0xe Src\main.o
                0x0800bdca                Error_Handler
 .text.write8   0x0800bdd8       0x7e Src\readWrite.o
                0x0800bdd8                write8
 .text.read8    0x0800be56       0x5a Src\readWrite.o
                0x0800be56                read8
 .text.readN    0x0800beb0       0x60 Src\readWrite.o
                0x0800beb0                readN
 .text.SD_CheckStatusWithTimeout
                0x0800bf10       0x3a Src\sd_diskio.o
 *fill*         0x0800bf4a        0x2 
 .text.SD_CheckStatus
                0x0800bf4c       0x3c Src\sd_diskio.o
 .text.SD_initialize
                0x0800bf88       0x38 Src\sd_diskio.o
                0x0800bf88                SD_initialize
 .text.SD_status
                0x0800bfc0       0x1c Src\sd_diskio.o
                0x0800bfc0                SD_status
 .text.SD_read  0x0800bfdc      0x150 Src\sd_diskio.o
                0x0800bfdc                SD_read
 .text.SD_write
                0x0800c12c      0x150 Src\sd_diskio.o
                0x0800c12c                SD_write
 .text.SD_ioctl
                0x0800c27c       0xb0 Src\sd_diskio.o
                0x0800c27c                SD_ioctl
 .text.BSP_SD_WriteCpltCallback
                0x0800c32c       0x18 Src\sd_diskio.o
                0x0800c32c                BSP_SD_WriteCpltCallback
 .text.BSP_SD_ReadCpltCallback
                0x0800c344       0x18 Src\sd_diskio.o
                0x0800c344                BSP_SD_ReadCpltCallback
 .text.HAL_MspInit
                0x0800c35c       0x50 Src\stm32f4xx_hal_msp.o
                0x0800c35c                HAL_MspInit
 .text.HAL_ADC_MspInit
                0x0800c3ac      0x1b8 Src\stm32f4xx_hal_msp.o
                0x0800c3ac                HAL_ADC_MspInit
 .text.HAL_I2C_MspInit
                0x0800c564       0x90 Src\stm32f4xx_hal_msp.o
                0x0800c564                HAL_I2C_MspInit
 .text.HAL_RTC_MspInit
                0x0800c5f4       0x2c Src\stm32f4xx_hal_msp.o
                0x0800c5f4                HAL_RTC_MspInit
 .text.HAL_SD_MspInit
                0x0800c620      0x1e0 Src\stm32f4xx_hal_msp.o
                0x0800c620                HAL_SD_MspInit
 .text.HAL_SPI_MspInit
                0x0800c800      0x28c Src\stm32f4xx_hal_msp.o
                0x0800c800                HAL_SPI_MspInit
 .text.HAL_TIM_Base_MspInit
                0x0800ca8c       0x6c Src\stm32f4xx_hal_msp.o
                0x0800ca8c                HAL_TIM_Base_MspInit
 .text.HAL_UART_MspInit
                0x0800caf8      0x158 Src\stm32f4xx_hal_msp.o
                0x0800caf8                HAL_UART_MspInit
 .text.SVC_Handler
                0x0800cc50        0xe Src\stm32f4xx_it.o
                0x0800cc50                SVC_Handler
 .text.PendSV_Handler
                0x0800cc5e        0xe Src\stm32f4xx_it.o
                0x0800cc5e                PendSV_Handler
 .text.SysTick_Handler
                0x0800cc6c        0xc Src\stm32f4xx_it.o
                0x0800cc6c                SysTick_Handler
 .text.EXTI1_IRQHandler
                0x0800cc78       0x34 Src\stm32f4xx_it.o
                0x0800cc78                EXTI1_IRQHandler
 .text.DMA1_Stream0_IRQHandler
                0x0800ccac       0x14 Src\stm32f4xx_it.o
                0x0800ccac                DMA1_Stream0_IRQHandler
 .text.DMA1_Stream3_IRQHandler
                0x0800ccc0       0x14 Src\stm32f4xx_it.o
                0x0800ccc0                DMA1_Stream3_IRQHandler
 .text.DMA1_Stream4_IRQHandler
                0x0800ccd4       0x14 Src\stm32f4xx_it.o
                0x0800ccd4                DMA1_Stream4_IRQHandler
 .text.DMA1_Stream5_IRQHandler
                0x0800cce8       0x14 Src\stm32f4xx_it.o
                0x0800cce8                DMA1_Stream5_IRQHandler
 .text.EXTI9_5_IRQHandler
                0x0800ccfc       0x28 Src\stm32f4xx_it.o
                0x0800ccfc                EXTI9_5_IRQHandler
 .text.SDIO_IRQHandler
                0x0800cd24       0x14 Src\stm32f4xx_it.o
                0x0800cd24                SDIO_IRQHandler
 .text.DMA2_Stream0_IRQHandler
                0x0800cd38       0x14 Src\stm32f4xx_it.o
                0x0800cd38                DMA2_Stream0_IRQHandler
 .text.DMA2_Stream1_IRQHandler
                0x0800cd4c       0x14 Src\stm32f4xx_it.o
                0x0800cd4c                DMA2_Stream1_IRQHandler
 .text.DMA2_Stream2_IRQHandler
                0x0800cd60       0x14 Src\stm32f4xx_it.o
                0x0800cd60                DMA2_Stream2_IRQHandler
 .text.DMA2_Stream3_IRQHandler
                0x0800cd74       0x14 Src\stm32f4xx_it.o
                0x0800cd74                DMA2_Stream3_IRQHandler
 .text.DMA2_Stream6_IRQHandler
                0x0800cd88       0x14 Src\stm32f4xx_it.o
                0x0800cd88                DMA2_Stream6_IRQHandler
 .text.DMA2_Stream7_IRQHandler
                0x0800cd9c       0x14 Src\stm32f4xx_it.o
                0x0800cd9c                DMA2_Stream7_IRQHandler
 .text._read    0x0800cdb0       0x3a Src\syscalls.o
                0x0800cdb0                _read
 .text._write   0x0800cdea       0x38 Src\syscalls.o
                0x0800cdea                _write
 *fill*         0x0800ce22        0x2 
 .text._sbrk    0x0800ce24       0x58 Src\syscalls.o
                0x0800ce24                _sbrk
 .text._close   0x0800ce7c       0x18 Src\syscalls.o
                0x0800ce7c                _close
 .text._fstat   0x0800ce94       0x20 Src\syscalls.o
                0x0800ce94                _fstat
 .text._isatty  0x0800ceb4       0x16 Src\syscalls.o
                0x0800ceb4                _isatty
 .text._lseek   0x0800ceca       0x1a Src\syscalls.o
                0x0800ceca                _lseek
 .text.SystemInit
                0x0800cee4       0x6c Src\system_stm32f4xx.o
                0x0800cee4                SystemInit
 .text.gpsSelect
                0x0800cf50       0x18 Src\ublox_gps.o
                0x0800cf50                gpsSelect
 .text.gpsDeselect
                0x0800cf68       0x18 Src\ublox_gps.o
                0x0800cf68                gpsDeselect
 .text.GPS_ReceiveRawPacket
                0x0800cf80       0x50 Src\ublox_gps.o
                0x0800cf80                GPS_ReceiveRawPacket
 .text.GPS_ProcessRawPacket
                0x0800cfd0       0x84 Src\ublox_gps.o
                0x0800cfd0                GPS_ProcessRawPacket
 .text.separatePackets
                0x0800d054      0x268 Src\ublox_gps.o
                0x0800d054                separatePackets
 .text.storeParsedData
                0x0800d2bc      0x32c Src\ublox_gps.o
                0x0800d2bc                storeParsedData
 .text.parseReceivedPackets
                0x0800d5e8      0x110 Src\ublox_gps.o
                0x0800d5e8                parseReceivedPackets
 .text.gpsStrCpyCh
                0x0800d6f8       0x48 Src\ublox_gps.o
                0x0800d6f8                gpsStrCpyCh
 .text.nmea_isfield
                0x0800d740       0x38 Src\ublox_gps.o
 .text.nmea_sentence_id
                0x0800d778      0x154 Src\ublox_gps.o
                0x0800d778                nmea_sentence_id
 .text.nmea_scan
                0x0800d8cc      0x7f4 Src\ublox_gps.o
                0x0800d8cc                nmea_scan
 .text.nmea_parse_rmc
                0x0800e0c0       0xc8 Src\ublox_gps.o
                0x0800e0c0                nmea_parse_rmc
 .text.nmea_parse_gsa
                0x0800e188      0x11c Src\ublox_gps.o
                0x0800e188                nmea_parse_gsa
 .text.nmea_parse_gga
                0x0800e2a4       0xd4 Src\ublox_gps.o
                0x0800e2a4                nmea_parse_gga
 .text.nmea_parse_vtg
                0x0800e378       0x94 Src\ublox_gps.o
                0x0800e378                nmea_parse_vtg
 .text.Reset_Handler
                0x0800e40c       0x50 startup\startup_stm32f446xx.o
                0x0800e40c                Reset_Handler
 .text.Default_Handler
                0x0800e45c        0x2 startup\startup_stm32f446xx.o
                0x0800e45c                RTC_Alarm_IRQHandler
                0x0800e45c                EXTI2_IRQHandler
                0x0800e45c                TIM8_CC_IRQHandler
                0x0800e45c                DebugMon_Handler
                0x0800e45c                FMPI2C1_EV_IRQHandler
                0x0800e45c                SPI4_IRQHandler
                0x0800e45c                TIM1_CC_IRQHandler
                0x0800e45c                DMA2_Stream5_IRQHandler
                0x0800e45c                HardFault_Handler
                0x0800e45c                PVD_IRQHandler
                0x0800e45c                TAMP_STAMP_IRQHandler
                0x0800e45c                NMI_Handler
                0x0800e45c                CAN2_RX1_IRQHandler
                0x0800e45c                EXTI3_IRQHandler
                0x0800e45c                TIM8_TRG_COM_TIM14_IRQHandler
                0x0800e45c                TIM1_UP_TIM10_IRQHandler
                0x0800e45c                TIM8_UP_TIM13_IRQHandler
                0x0800e45c                I2C3_ER_IRQHandler
                0x0800e45c                EXTI0_IRQHandler
                0x0800e45c                I2C2_EV_IRQHandler
                0x0800e45c                DMA1_Stream2_IRQHandler
                0x0800e45c                CAN1_RX0_IRQHandler
                0x0800e45c                FPU_IRQHandler
                0x0800e45c                OTG_HS_WKUP_IRQHandler
                0x0800e45c                UsageFault_Handler
                0x0800e45c                CAN2_SCE_IRQHandler
                0x0800e45c                SPI1_IRQHandler
                0x0800e45c                TIM6_DAC_IRQHandler
                0x0800e45c                TIM1_BRK_TIM9_IRQHandler
                0x0800e45c                DCMI_IRQHandler
                0x0800e45c                CAN2_RX0_IRQHandler
                0x0800e45c                SAI2_IRQHandler
                0x0800e45c                USART6_IRQHandler
                0x0800e45c                USART3_IRQHandler
                0x0800e45c                CAN1_RX1_IRQHandler
                0x0800e45c                UART5_IRQHandler
                0x0800e45c                TIM4_IRQHandler
                0x0800e45c                QUADSPI_IRQHandler
                0x0800e45c                I2C1_EV_IRQHandler
                0x0800e45c                DMA1_Stream6_IRQHandler
                0x0800e45c                DMA1_Stream1_IRQHandler
                0x0800e45c                UART4_IRQHandler
                0x0800e45c                TIM3_IRQHandler
                0x0800e45c                RCC_IRQHandler
                0x0800e45c                TIM8_BRK_TIM12_IRQHandler
                0x0800e45c                Default_Handler
                0x0800e45c                CEC_IRQHandler
                0x0800e45c                EXTI15_10_IRQHandler
                0x0800e45c                ADC_IRQHandler
                0x0800e45c                DMA1_Stream7_IRQHandler
                0x0800e45c                TIM7_IRQHandler
                0x0800e45c                CAN2_TX_IRQHandler
                0x0800e45c                TIM5_IRQHandler
                0x0800e45c                I2C3_EV_IRQHandler
                0x0800e45c                RTC_WKUP_IRQHandler
                0x0800e45c                SPDIF_RX_IRQHandler
                0x0800e45c                SPI2_IRQHandler
                0x0800e45c                OTG_HS_EP1_IN_IRQHandler
                0x0800e45c                MemManage_Handler
                0x0800e45c                CAN1_TX_IRQHandler
                0x0800e45c                FMPI2C1_ER_IRQHandler
                0x0800e45c                EXTI4_IRQHandler
                0x0800e45c                OTG_HS_EP1_OUT_IRQHandler
                0x0800e45c                WWDG_IRQHandler
                0x0800e45c                TIM2_IRQHandler
                0x0800e45c                OTG_FS_WKUP_IRQHandler
                0x0800e45c                TIM1_TRG_COM_TIM11_IRQHandler
                0x0800e45c                OTG_HS_IRQHandler
                0x0800e45c                USART2_IRQHandler
                0x0800e45c                I2C2_ER_IRQHandler
                0x0800e45c                CAN1_SCE_IRQHandler
                0x0800e45c                FLASH_IRQHandler
                0x0800e45c                DMA2_Stream4_IRQHandler
                0x0800e45c                BusFault_Handler
                0x0800e45c                USART1_IRQHandler
                0x0800e45c                OTG_FS_IRQHandler
                0x0800e45c                SPI3_IRQHandler
                0x0800e45c                I2C1_ER_IRQHandler
                0x0800e45c                FMC_IRQHandler
                0x0800e45c                SAI1_IRQHandler
 *fill*         0x0800e45e        0x2 
 .text.__errno  0x0800e460        0xc c:/program files (x86)/atollic/truestudio for stm32 9.2.0/armtools/bin/../lib/gcc/arm-atollic-eabi/6.3.1/../../../../arm-atollic-eabi/lib/armv7e-m/fpu\libc_nano.a(lib_a-errno.o)
                0x0800e460                __errno
 .text.__libc_init_array
                0x0800e46c       0x48 c:/program files (x86)/atollic/truestudio for stm32 9.2.0/armtools/bin/../lib/gcc/arm-atollic-eabi/6.3.1/../../../../arm-atollic-eabi/lib/armv7e-m/fpu\libc_nano.a(lib_a-init.o)
                0x0800e46c                __libc_init_array
 .text.isprint  0x0800e4b4       0x12 c:/program files (x86)/atollic/truestudio for stm32 9.2.0/armtools/bin/../lib/gcc/arm-atollic-eabi/6.3.1/../../../../arm-atollic-eabi/lib/armv7e-m/fpu\libc_nano.a(lib_a-isprint.o)
                0x0800e4b4                isprint
 .text.__locale_ctype_ptr_l
                0x0800e4c6        0x6 c:/program files (x86)/atollic/truestudio for stm32 9.2.0/armtools/bin/../lib/gcc/arm-atollic-eabi/6.3.1/../../../../arm-atollic-eabi/lib/armv7e-m/fpu\libc_nano.a(lib_a-locale.o)
                0x0800e4c6                __locale_ctype_ptr_l
 .text.__locale_ctype_ptr
                0x0800e4cc       0x1c c:/program files (x86)/atollic/truestudio for stm32 9.2.0/armtools/bin/../lib/gcc/arm-atollic-eabi/6.3.1/../../../../arm-atollic-eabi/lib/armv7e-m/fpu\libc_nano.a(lib_a-locale.o)
                0x0800e4cc                __locale_ctype_ptr
 .text.__ascii_mbtowc
                0x0800e4e8       0x24 c:/program files (x86)/atollic/truestudio for stm32 9.2.0/armtools/bin/../lib/gcc/arm-atollic-eabi/6.3.1/../../../../arm-atollic-eabi/lib/armv7e-m/fpu\libc_nano.a(lib_a-mbtowc_r.o)
                0x0800e4e8                __ascii_mbtowc
 .text.memcpy   0x0800e50c       0x16 c:/program files (x86)/atollic/truestudio for stm32 9.2.0/armtools/bin/../lib/gcc/arm-atollic-eabi/6.3.1/../../../../arm-atollic-eabi/lib/armv7e-m/fpu\libc_nano.a(lib_a-memcpy-stub.o)
                0x0800e50c                memcpy
 .text.memset   0x0800e522       0x10 c:/program files (x86)/atollic/truestudio for stm32 9.2.0/armtools/bin/../lib/gcc/arm-atollic-eabi/6.3.1/../../../../arm-atollic-eabi/lib/armv7e-m/fpu\libc_nano.a(lib_a-memset.o)
                0x0800e522                memset
 *fill*         0x0800e532        0x2 
 .text.printf   0x0800e534       0x30 c:/program files (x86)/atollic/truestudio for stm32 9.2.0/armtools/bin/../lib/gcc/arm-atollic-eabi/6.3.1/../../../../arm-atollic-eabi/lib/armv7e-m/fpu\libc_nano.a(lib_a-printf.o)
                0x0800e534                iprintf
                0x0800e534                printf
 .text._puts_r  0x0800e564       0xb8 c:/program files (x86)/atollic/truestudio for stm32 9.2.0/armtools/bin/../lib/gcc/arm-atollic-eabi/6.3.1/../../../../arm-atollic-eabi/lib/armv7e-m/fpu\libc_nano.a(lib_a-puts.o)
                0x0800e564                _puts_r
 .text.puts     0x0800e61c       0x10 c:/program files (x86)/atollic/truestudio for stm32 9.2.0/armtools/bin/../lib/gcc/arm-atollic-eabi/6.3.1/../../../../arm-atollic-eabi/lib/armv7e-m/fpu\libc_nano.a(lib_a-puts.o)
                0x0800e61c                puts
 .text._strtol_l.isra.0
                0x0800e62c      0x100 c:/program files (x86)/atollic/truestudio for stm32 9.2.0/armtools/bin/../lib/gcc/arm-atollic-eabi/6.3.1/../../../../arm-atollic-eabi/lib/armv7e-m/fpu\libc_nano.a(lib_a-strtol.o)
 .text.strtol   0x0800e72c       0x2c c:/program files (x86)/atollic/truestudio for stm32 9.2.0/armtools/bin/../lib/gcc/arm-atollic-eabi/6.3.1/../../../../arm-atollic-eabi/lib/armv7e-m/fpu\libc_nano.a(lib_a-strtol.o)
                0x0800e72c                strtol
 .text.__swbuf_r
                0x0800e758       0xa4 c:/program files (x86)/atollic/truestudio for stm32 9.2.0/armtools/bin/../lib/gcc/arm-atollic-eabi/6.3.1/../../../../arm-atollic-eabi/lib/armv7e-m/fpu\libc_nano.a(lib_a-wbuf.o)
                0x0800e758                __swbuf_r
 .text.__ascii_wctomb
                0x0800e7fc       0x1a c:/program files (x86)/atollic/truestudio for stm32 9.2.0/armtools/bin/../lib/gcc/arm-atollic-eabi/6.3.1/../../../../arm-atollic-eabi/lib/armv7e-m/fpu\libc_nano.a(lib_a-wctomb_r.o)
                0x0800e7fc                __ascii_wctomb
 *fill*         0x0800e816        0x2 
 .text.__swsetup_r
                0x0800e818       0xdc c:/program files (x86)/atollic/truestudio for stm32 9.2.0/armtools/bin/../lib/gcc/arm-atollic-eabi/6.3.1/../../../../arm-atollic-eabi/lib/armv7e-m/fpu\libc_nano.a(lib_a-wsetup.o)
                0x0800e818                __swsetup_r
 .text.__sflush_r
                0x0800e8f4      0x110 c:/program files (x86)/atollic/truestudio for stm32 9.2.0/armtools/bin/../lib/gcc/arm-atollic-eabi/6.3.1/../../../../arm-atollic-eabi/lib/armv7e-m/fpu\libc_nano.a(lib_a-fflush.o)
                0x0800e8f4                __sflush_r
 .text._fflush_r
                0x0800ea04       0x54 c:/program files (x86)/atollic/truestudio for stm32 9.2.0/armtools/bin/../lib/gcc/arm-atollic-eabi/6.3.1/../../../../arm-atollic-eabi/lib/armv7e-m/fpu\libc_nano.a(lib_a-fflush.o)
                0x0800ea04                _fflush_r
 .text._cleanup_r
                0x0800ea58        0xc c:/program files (x86)/atollic/truestudio for stm32 9.2.0/armtools/bin/../lib/gcc/arm-atollic-eabi/6.3.1/../../../../arm-atollic-eabi/lib/armv7e-m/fpu\libc_nano.a(lib_a-findfp.o)
                0x0800ea58                _cleanup_r
 .text.std.isra.0
                0x0800ea64       0x48 c:/program files (x86)/atollic/truestudio for stm32 9.2.0/armtools/bin/../lib/gcc/arm-atollic-eabi/6.3.1/../../../../arm-atollic-eabi/lib/armv7e-m/fpu\libc_nano.a(lib_a-findfp.o)
 .text.__sfmoreglue
                0x0800eaac       0x2c c:/program files (x86)/atollic/truestudio for stm32 9.2.0/armtools/bin/../lib/gcc/arm-atollic-eabi/6.3.1/../../../../arm-atollic-eabi/lib/armv7e-m/fpu\libc_nano.a(lib_a-findfp.o)
                0x0800eaac                __sfmoreglue
 .text.__sinit  0x0800ead8       0x60 c:/program files (x86)/atollic/truestudio for stm32 9.2.0/armtools/bin/../lib/gcc/arm-atollic-eabi/6.3.1/../../../../arm-atollic-eabi/lib/armv7e-m/fpu\libc_nano.a(lib_a-findfp.o)
                0x0800ead8                __sinit
 .text.__sfp    0x0800eb38       0x78 c:/program files (x86)/atollic/truestudio for stm32 9.2.0/armtools/bin/../lib/gcc/arm-atollic-eabi/6.3.1/../../../../arm-atollic-eabi/lib/armv7e-m/fpu\libc_nano.a(lib_a-findfp.o)
                0x0800eb38                __sfp
 .text._fwalk_reent
                0x0800ebb0       0x3c c:/program files (x86)/atollic/truestudio for stm32 9.2.0/armtools/bin/../lib/gcc/arm-atollic-eabi/6.3.1/../../../../arm-atollic-eabi/lib/armv7e-m/fpu\libc_nano.a(lib_a-fwalk.o)
                0x0800ebb0                _fwalk_reent
 .text.__swhatbuf_r
                0x0800ebec       0x48 c:/program files (x86)/atollic/truestudio for stm32 9.2.0/armtools/bin/../lib/gcc/arm-atollic-eabi/6.3.1/../../../../arm-atollic-eabi/lib/armv7e-m/fpu\libc_nano.a(lib_a-makebuf.o)
                0x0800ebec                __swhatbuf_r
 .text.__smakebuf_r
                0x0800ec34       0x80 c:/program files (x86)/atollic/truestudio for stm32 9.2.0/armtools/bin/../lib/gcc/arm-atollic-eabi/6.3.1/../../../../arm-atollic-eabi/lib/armv7e-m/fpu\libc_nano.a(lib_a-makebuf.o)
                0x0800ec34                __smakebuf_r
 .text._free_r  0x0800ecb4       0x9c c:/program files (x86)/atollic/truestudio for stm32 9.2.0/armtools/bin/../lib/gcc/arm-atollic-eabi/6.3.1/../../../../arm-atollic-eabi/lib/armv7e-m/fpu\libc_nano.a(lib_a-nano-freer.o)
                0x0800ecb4                _free_r
 .text._malloc_r
                0x0800ed50       0xbc c:/program files (x86)/atollic/truestudio for stm32 9.2.0/armtools/bin/../lib/gcc/arm-atollic-eabi/6.3.1/../../../../arm-atollic-eabi/lib/armv7e-m/fpu\libc_nano.a(lib_a-nano-mallocr.o)
                0x0800ed50                _malloc_r
 .text.__sfputc_r
                0x0800ee0c       0x30 c:/program files (x86)/atollic/truestudio for stm32 9.2.0/armtools/bin/../lib/gcc/arm-atollic-eabi/6.3.1/../../../../arm-atollic-eabi/lib/armv7e-m/fpu\libc_nano.a(lib_a-nano-vfprintf.o)
 .text.__sfputs_r
                0x0800ee3c       0x24 c:/program files (x86)/atollic/truestudio for stm32 9.2.0/armtools/bin/../lib/gcc/arm-atollic-eabi/6.3.1/../../../../arm-atollic-eabi/lib/armv7e-m/fpu\libc_nano.a(lib_a-nano-vfprintf.o)
                0x0800ee3c                __sfputs_r
 .text._vfprintf_r
                0x0800ee60      0x22c c:/program files (x86)/atollic/truestudio for stm32 9.2.0/armtools/bin/../lib/gcc/arm-atollic-eabi/6.3.1/../../../../arm-atollic-eabi/lib/armv7e-m/fpu\libc_nano.a(lib_a-nano-vfprintf.o)
                0x0800ee60                _vfprintf_r
                0x0800ee60                _vfiprintf_r
 .text._printf_common
                0x0800f08c       0xec c:/program files (x86)/atollic/truestudio for stm32 9.2.0/armtools/bin/../lib/gcc/arm-atollic-eabi/6.3.1/../../../../arm-atollic-eabi/lib/armv7e-m/fpu\libc_nano.a(lib_a-nano-vfprintf_i.o)
                0x0800f08c                _printf_common
 .text._printf_i
                0x0800f178      0x240 c:/program files (x86)/atollic/truestudio for stm32 9.2.0/armtools/bin/../lib/gcc/arm-atollic-eabi/6.3.1/../../../../arm-atollic-eabi/lib/armv7e-m/fpu\libc_nano.a(lib_a-nano-vfprintf_i.o)
                0x0800f178                _printf_i
 .text._sbrk_r  0x0800f3b8       0x20 c:/program files (x86)/atollic/truestudio for stm32 9.2.0/armtools/bin/../lib/gcc/arm-atollic-eabi/6.3.1/../../../../arm-atollic-eabi/lib/armv7e-m/fpu\libc_nano.a(lib_a-sbrkr.o)
                0x0800f3b8                _sbrk_r
 .text.__sread  0x0800f3d8       0x22 c:/program files (x86)/atollic/truestudio for stm32 9.2.0/armtools/bin/../lib/gcc/arm-atollic-eabi/6.3.1/../../../../arm-atollic-eabi/lib/armv7e-m/fpu\libc_nano.a(lib_a-stdio.o)
                0x0800f3d8                __sread
 .text.__swrite
                0x0800f3fa       0x38 c:/program files (x86)/atollic/truestudio for stm32 9.2.0/armtools/bin/../lib/gcc/arm-atollic-eabi/6.3.1/../../../../arm-atollic-eabi/lib/armv7e-m/fpu\libc_nano.a(lib_a-stdio.o)
                0x0800f3fa                __swrite
 .text.__sseek  0x0800f432       0x24 c:/program files (x86)/atollic/truestudio for stm32 9.2.0/armtools/bin/../lib/gcc/arm-atollic-eabi/6.3.1/../../../../arm-atollic-eabi/lib/armv7e-m/fpu\libc_nano.a(lib_a-stdio.o)
                0x0800f432                __sseek
 .text.__sclose
                0x0800f456        0x8 c:/program files (x86)/atollic/truestudio for stm32 9.2.0/armtools/bin/../lib/gcc/arm-atollic-eabi/6.3.1/../../../../arm-atollic-eabi/lib/armv7e-m/fpu\libc_nano.a(lib_a-stdio.o)
                0x0800f456                __sclose
 *fill*         0x0800f45e        0x2 
 .text._write_r
                0x0800f460       0x24 c:/program files (x86)/atollic/truestudio for stm32 9.2.0/armtools/bin/../lib/gcc/arm-atollic-eabi/6.3.1/../../../../arm-atollic-eabi/lib/armv7e-m/fpu\libc_nano.a(lib_a-writer.o)
                0x0800f460                _write_r
 .text._close_r
                0x0800f484       0x20 c:/program files (x86)/atollic/truestudio for stm32 9.2.0/armtools/bin/../lib/gcc/arm-atollic-eabi/6.3.1/../../../../arm-atollic-eabi/lib/armv7e-m/fpu\libc_nano.a(lib_a-closer.o)
                0x0800f484                _close_r
 .text._fstat_r
                0x0800f4a4       0x24 c:/program files (x86)/atollic/truestudio for stm32 9.2.0/armtools/bin/../lib/gcc/arm-atollic-eabi/6.3.1/../../../../arm-atollic-eabi/lib/armv7e-m/fpu\libc_nano.a(lib_a-fstatr.o)
                0x0800f4a4                _fstat_r
 .text._isatty_r
                0x0800f4c8       0x20 c:/program files (x86)/atollic/truestudio for stm32 9.2.0/armtools/bin/../lib/gcc/arm-atollic-eabi/6.3.1/../../../../arm-atollic-eabi/lib/armv7e-m/fpu\libc_nano.a(lib_a-isattyr.o)
                0x0800f4c8                _isatty_r
 .text._lseek_r
                0x0800f4e8       0x24 c:/program files (x86)/atollic/truestudio for stm32 9.2.0/armtools/bin/../lib/gcc/arm-atollic-eabi/6.3.1/../../../../arm-atollic-eabi/lib/armv7e-m/fpu\libc_nano.a(lib_a-lseekr.o)
                0x0800f4e8                _lseek_r
 .text.__malloc_lock
                0x0800f50c        0x2 c:/program files (x86)/atollic/truestudio for stm32 9.2.0/armtools/bin/../lib/gcc/arm-atollic-eabi/6.3.1/../../../../arm-atollic-eabi/lib/armv7e-m/fpu\libc_nano.a(lib_a-mlock.o)
                0x0800f50c                __malloc_lock
 .text.__malloc_unlock
                0x0800f50e        0x2 c:/program files (x86)/atollic/truestudio for stm32 9.2.0/armtools/bin/../lib/gcc/arm-atollic-eabi/6.3.1/../../../../arm-atollic-eabi/lib/armv7e-m/fpu\libc_nano.a(lib_a-mlock.o)
                0x0800f50e                __malloc_unlock
 .text._read_r  0x0800f510       0x24 c:/program files (x86)/atollic/truestudio for stm32 9.2.0/armtools/bin/../lib/gcc/arm-atollic-eabi/6.3.1/../../../../arm-atollic-eabi/lib/armv7e-m/fpu\libc_nano.a(lib_a-readr.o)
                0x0800f510                _read_r
 .text.sqrt     0x0800f534       0xb4 c:/program files (x86)/atollic/truestudio for stm32 9.2.0/armtools/bin/../lib/gcc/arm-atollic-eabi/6.3.1/../../../../arm-atollic-eabi/lib/armv7e-m/fpu\libm.a(lib_a-w_sqrt.o)
                0x0800f534                sqrt
 .text.__ieee754_sqrt
                0x0800f5e8      0x160 c:/program files (x86)/atollic/truestudio for stm32 9.2.0/armtools/bin/../lib/gcc/arm-atollic-eabi/6.3.1/../../../../arm-atollic-eabi/lib/armv7e-m/fpu\libm.a(lib_a-e_sqrt.o)
                0x0800f5e8                __ieee754_sqrt
 .text.matherr  0x0800f748        0x4 c:/program files (x86)/atollic/truestudio for stm32 9.2.0/armtools/bin/../lib/gcc/arm-atollic-eabi/6.3.1/../../../../arm-atollic-eabi/lib/armv7e-m/fpu\libm.a(lib_a-s_matherr.o)
                0x0800f748                matherr
 *(.glue_7)
 .glue_7        0x0800f74c        0x0 linker stubs
 *(.glue_7t)
 .glue_7t       0x0800f74c        0x0 linker stubs
 *(.eh_frame)
 .eh_frame      0x0800f74c        0x0 c:/program files (x86)/atollic/truestudio for stm32 9.2.0/armtools/bin/../lib/gcc/arm-atollic-eabi/6.3.1/armv7e-m/fpu/crtbegin.o
 *(.init)
 .init          0x0800f74c        0x4 c:/program files (x86)/atollic/truestudio for stm32 9.2.0/armtools/bin/../lib/gcc/arm-atollic-eabi/6.3.1/armv7e-m/fpu/crti.o
                0x0800f74c                _init
 .init          0x0800f750        0x8 c:/program files (x86)/atollic/truestudio for stm32 9.2.0/armtools/bin/../lib/gcc/arm-atollic-eabi/6.3.1/armv7e-m/fpu/crtn.o
 *(.fini)
 .fini          0x0800f758        0x4 c:/program files (x86)/atollic/truestudio for stm32 9.2.0/armtools/bin/../lib/gcc/arm-atollic-eabi/6.3.1/armv7e-m/fpu/crti.o
                0x0800f758                _fini
 .fini          0x0800f75c        0x8 c:/program files (x86)/atollic/truestudio for stm32 9.2.0/armtools/bin/../lib/gcc/arm-atollic-eabi/6.3.1/armv7e-m/fpu/crtn.o
                0x0800f764                . = ALIGN (0x4)
                0x0800f764                _etext = .

.vfp11_veneer   0x0800f764        0x0
 .vfp11_veneer  0x0800f764        0x0 linker stubs

.v4_bx          0x0800f764        0x0
 .v4_bx         0x0800f764        0x0 linker stubs

.iplt           0x0800f764        0x0
 .iplt          0x0800f764        0x0 c:/program files (x86)/atollic/truestudio for stm32 9.2.0/armtools/bin/../lib/gcc/arm-atollic-eabi/6.3.1/armv7e-m/fpu/crtbegin.o

.rodata         0x0800f764      0x678
                0x0800f764                . = ALIGN (0x4)
 *(.rodata)
 .rodata        0x0800f764       0x44 Middlewares\Third_Party\FatFs\src\ff.o
 .rodata        0x0800f7a8       0x1a Src\main.o
 *fill*         0x0800f7c2        0x2 
 .rodata        0x0800f7c4      0x3b9 Src\ublox_gps.o
 *(.rodata*)
 *fill*         0x0800fb7d        0x3 
 .rodata.flagBitshiftOffset.9075
                0x0800fb80        0x8 Drivers\STM32F4xx_HAL_Driver\Src\stm32f4xx_hal_dma.o
 .rodata.ExCvt  0x0800fb88       0x80 Middlewares\Third_Party\FatFs\src\ff.o
 .rodata.SD_Driver
                0x0800fc08       0x14 Src\sd_diskio.o
                0x0800fc08                SD_Driver
 .rodata.AHBPrescTable
                0x0800fc1c       0x10 Src\system_stm32f4xx.o
                0x0800fc1c                AHBPrescTable
 .rodata.APBPrescTable
                0x0800fc2c        0x8 Src\system_stm32f4xx.o
                0x0800fc2c                APBPrescTable
 .rodata._global_impure_ptr
                0x0800fc34        0x4 c:/program files (x86)/atollic/truestudio for stm32 9.2.0/armtools/bin/../lib/gcc/arm-atollic-eabi/6.3.1/../../../../arm-atollic-eabi/lib/armv7e-m/fpu\libc_nano.a(lib_a-impure.o)
                0x0800fc34                _global_impure_ptr
 .rodata._setlocale_r.str1.1
                0x0800fc38        0x8 c:/program files (x86)/atollic/truestudio for stm32 9.2.0/armtools/bin/../lib/gcc/arm-atollic-eabi/6.3.1/../../../../arm-atollic-eabi/lib/armv7e-m/fpu\libc_nano.a(lib_a-locale.o)
                                  0x9 (size before relaxing)
 .rodata.str1.1
                0x0800fc40        0x2 c:/program files (x86)/atollic/truestudio for stm32 9.2.0/armtools/bin/../lib/gcc/arm-atollic-eabi/6.3.1/../../../../arm-atollic-eabi/lib/armv7e-m/fpu\libc_nano.a(lib_a-locale.o)
 .rodata._ctype_
                0x0800fc42      0x101 c:/program files (x86)/atollic/truestudio for stm32 9.2.0/armtools/bin/../lib/gcc/arm-atollic-eabi/6.3.1/../../../../arm-atollic-eabi/lib/armv7e-m/fpu\libc_nano.a(lib_a-ctype_.o)
                0x0800fc42                _ctype_
 *fill*         0x0800fd43        0x1 
 .rodata.__sf_fake_stderr
                0x0800fd44       0x20 c:/program files (x86)/atollic/truestudio for stm32 9.2.0/armtools/bin/../lib/gcc/arm-atollic-eabi/6.3.1/../../../../arm-atollic-eabi/lib/armv7e-m/fpu\libc_nano.a(lib_a-findfp.o)
                0x0800fd44                __sf_fake_stderr
 .rodata.__sf_fake_stdin
                0x0800fd64       0x20 c:/program files (x86)/atollic/truestudio for stm32 9.2.0/armtools/bin/../lib/gcc/arm-atollic-eabi/6.3.1/../../../../arm-atollic-eabi/lib/armv7e-m/fpu\libc_nano.a(lib_a-findfp.o)
                0x0800fd64                __sf_fake_stdin
 .rodata.__sf_fake_stdout
                0x0800fd84       0x20 c:/program files (x86)/atollic/truestudio for stm32 9.2.0/armtools/bin/../lib/gcc/arm-atollic-eabi/6.3.1/../../../../arm-atollic-eabi/lib/armv7e-m/fpu\libc_nano.a(lib_a-findfp.o)
                0x0800fd84                __sf_fake_stdout
 .rodata._vfprintf_r.str1.1
                0x0800fda4       0x11 c:/program files (x86)/atollic/truestudio for stm32 9.2.0/armtools/bin/../lib/gcc/arm-atollic-eabi/6.3.1/../../../../arm-atollic-eabi/lib/armv7e-m/fpu\libc_nano.a(lib_a-nano-vfprintf.o)
 .rodata._printf_i.str1.1
                0x0800fdb5       0x22 c:/program files (x86)/atollic/truestudio for stm32 9.2.0/armtools/bin/../lib/gcc/arm-atollic-eabi/6.3.1/../../../../arm-atollic-eabi/lib/armv7e-m/fpu\libc_nano.a(lib_a-nano-vfprintf_i.o)
 .rodata.sqrt.str1.1
                0x0800fdd7        0x5 c:/program files (x86)/atollic/truestudio for stm32 9.2.0/armtools/bin/../lib/gcc/arm-atollic-eabi/6.3.1/../../../../arm-atollic-eabi/lib/armv7e-m/fpu\libm.a(lib_a-w_sqrt.o)
                0x0800fddc                . = ALIGN (0x4)

.ARM.extab
 *(.ARM.extab* .gnu.linkonce.armextab.*)

.ARM            0x0800fddc        0x8
                0x0800fddc                __exidx_start = .
 *(.ARM.exidx*)
 .ARM.exidx     0x0800fddc        0x8 c:/program files (x86)/atollic/truestudio for stm32 9.2.0/armtools/bin/../lib/gcc/arm-atollic-eabi/6.3.1/armv7e-m/fpu\libgcc.a(_udivmoddi4.o)
                0x0800fde4                __exidx_end = .

.rel.dyn        0x0800fde4        0x0
 .rel.iplt      0x0800fde4        0x0 c:/program files (x86)/atollic/truestudio for stm32 9.2.0/armtools/bin/../lib/gcc/arm-atollic-eabi/6.3.1/armv7e-m/fpu/crtbegin.o

.preinit_array  0x0800fde4        0x0
                0x0800fde4                PROVIDE (__preinit_array_start, .)
 *(.preinit_array*)
                0x0800fde4                PROVIDE (__preinit_array_end, .)

.init_array     0x0800fde4        0x4
                0x0800fde4                PROVIDE (__init_array_start, .)
 *(SORT(.init_array.*))
 *(.init_array*)
 .init_array    0x0800fde4        0x4 c:/program files (x86)/atollic/truestudio for stm32 9.2.0/armtools/bin/../lib/gcc/arm-atollic-eabi/6.3.1/armv7e-m/fpu/crtbegin.o
                0x0800fde8                PROVIDE (__init_array_end, .)

.fini_array     0x0800fde8        0x4
                [!provide]                PROVIDE (__fini_array_start, .)
 *(SORT(.fini_array.*))
 *(.fini_array*)
 .fini_array    0x0800fde8        0x4 c:/program files (x86)/atollic/truestudio for stm32 9.2.0/armtools/bin/../lib/gcc/arm-atollic-eabi/6.3.1/armv7e-m/fpu/crtbegin.o
                [!provide]                PROVIDE (__fini_array_end, .)
                0x0800fdec                _sidata = LOADADDR (.data)

.data           0x20000000      0x1f4 load address 0x0800fdec
                0x20000000                . = ALIGN (0x4)
                0x20000000                _sdata = .
 *(.data)
 *(.data*)
 .data.uwTickPrio
                0x20000000        0x4 Drivers\STM32F4xx_HAL_Driver\Src\stm32f4xx_hal.o
                0x20000000                uwTickPrio
 .data.uwTickFreq
                0x20000004        0x1 Drivers\STM32F4xx_HAL_Driver\Src\stm32f4xx_hal.o
                0x20000004                uwTickFreq
 *fill*         0x20000005        0x3 
 .data.new_measurement.5963
                0x20000008        0x4 Src\apoapsis_detection.o
 .data.new_measurement.5979
                0x2000000c        0x4 Src\apoapsis_detection.o
 .data.new_measurement.6008
                0x20000010        0x4 Src\apoapsis_detection.o
 .data.t_arm_end.6040
                0x20000014        0x4 Src\apoapsis_detection.o
 .data.Stat     0x20000018        0x1 Src\sd_diskio.o
 *fill*         0x20000019        0x3 
 .data.SystemCoreClock
                0x2000001c        0x4 Src\system_stm32f4xx.o
                0x2000001c                SystemCoreClock
 .data._impure_ptr
                0x20000020        0x4 c:/program files (x86)/atollic/truestudio for stm32 9.2.0/armtools/bin/../lib/gcc/arm-atollic-eabi/6.3.1/../../../../arm-atollic-eabi/lib/armv7e-m/fpu\libc_nano.a(lib_a-impure.o)
                0x20000020                _impure_ptr
 .data.impure_data
                0x20000024       0x60 c:/program files (x86)/atollic/truestudio for stm32 9.2.0/armtools/bin/../lib/gcc/arm-atollic-eabi/6.3.1/../../../../arm-atollic-eabi/lib/armv7e-m/fpu\libc_nano.a(lib_a-impure.o)
 .data.__global_locale
                0x20000084      0x16c c:/program files (x86)/atollic/truestudio for stm32 9.2.0/armtools/bin/../lib/gcc/arm-atollic-eabi/6.3.1/../../../../arm-atollic-eabi/lib/armv7e-m/fpu\libc_nano.a(lib_a-locale.o)
                0x20000084                __global_locale
 .data.__fdlib_version
                0x200001f0        0x1 c:/program files (x86)/atollic/truestudio for stm32 9.2.0/armtools/bin/../lib/gcc/arm-atollic-eabi/6.3.1/../../../../arm-atollic-eabi/lib/armv7e-m/fpu\libm.a(lib_a-s_lib_ver.o)
                0x200001f0                __fdlib_version
                0x200001f4                . = ALIGN (0x4)
 *fill*         0x200001f1        0x3 
                0x200001f4                _edata = .

.igot.plt       0x200001f4        0x0 load address 0x0800ffe0
 .igot.plt      0x200001f4        0x0 c:/program files (x86)/atollic/truestudio for stm32 9.2.0/armtools/bin/../lib/gcc/arm-atollic-eabi/6.3.1/armv7e-m/fpu/crtbegin.o
                0x200001f4                . = ALIGN (0x4)

.bss            0x200001f8     0x3660 load address 0x0800ffe0
                0x200001f8                _sbss = .
                0x200001f8                __bss_start__ = _sbss
 *(.bss)
 .bss           0x200001f8       0x1c c:/program files (x86)/atollic/truestudio for stm32 9.2.0/armtools/bin/../lib/gcc/arm-atollic-eabi/6.3.1/armv7e-m/fpu/crtbegin.o
 *(.bss*)
 .bss.FatFs     0x20000214        0x4 Middlewares\Third_Party\FatFs\src\ff.o
 .bss.Fsid      0x20000218        0x2 Middlewares\Third_Party\FatFs\src\ff.o
 *fill*         0x2000021a        0x2 
 .bss.Files     0x2000021c       0x20 Middlewares\Third_Party\FatFs\src\ff.o
 .bss.disk      0x2000023c        0xc Middlewares\Third_Party\FatFs\src\ff_gen_drv.o
                0x2000023c                disk
 .bss.circ_buffer.5961
                0x20000248       0x80 Src\apoapsis_detection.o
 .bss.circ_buffer_mean.5962
                0x200002c8       0x80 Src\apoapsis_detection.o
 .bss.circ_buffer.5977
                0x20000348       0x80 Src\apoapsis_detection.o
 .bss.circ_buffer_mean.5978
                0x200003c8       0x80 Src\apoapsis_detection.o
 .bss.circ_buffer.6006
                0x20000448       0x80 Src\apoapsis_detection.o
 .bss.circ_buffer_mean.6007
                0x200004c8       0x80 Src\apoapsis_detection.o
 .bss.t_last.6024
                0x20000548        0x8 Src\apoapsis_detection.o
 .bss.velocity.6025
                0x20000550        0x8 Src\apoapsis_detection.o
 .bss.t_liftoff.6056
                0x20000558        0x8 Src\apoapsis_detection.o
 .bss.liftOff.6067
                0x20000560        0x1 Src\apoapsis_detection.o
 *fill*         0x20000561        0x3 
 .bss.t_parachute_latest.6063
                0x20000564        0x8 Src\apoapsis_detection.o
 .bss.MECO.6066
                0x2000056c        0x1 Src\apoapsis_detection.o
 *fill*         0x2000056d        0x3 
 .bss.t_MECO.6057
                0x20000570        0x8 Src\apoapsis_detection.o
 .bss.t_apoapsis_velocity_static_pito.6058
                0x20000578        0x8 Src\apoapsis_detection.o
 .bss.t_apoapsis_velocity_static_acc.6059
                0x20000580        0x8 Src\apoapsis_detection.o
 .bss.parachute_armed.6065
                0x20000588        0x1 Src\apoapsis_detection.o
 *fill*         0x20000589        0x3 
 .bss.t_parachute_arm.6062
                0x2000058c        0x8 Src\apoapsis_detection.o
 .bss.pressure_AP.6068
                0x20000594        0x1 Src\apoapsis_detection.o
 *fill*         0x20000595        0x3 
 .bss.t_apoapsis_pressure.6060
                0x20000598        0x8 Src\apoapsis_detection.o
 .bss.velocity_AP.6069
                0x200005a0        0x1 Src\apoapsis_detection.o
 *fill*         0x200005a1        0x3 
 .bss.t_apoapsis_velocity.6061
                0x200005a4        0x8 Src\apoapsis_detection.o
 .bss.parachute_triggers.6070
                0x200005ac        0x4 Src\apoapsis_detection.o
 .bss.velocity_AP_MECO_acc.6071
                0x200005b0        0x1 Src\apoapsis_detection.o
 .bss.velocity_AP_MECO_pito.6072
                0x200005b1        0x1 Src\apoapsis_detection.o
 .bss.parachute_deployed.6064
                0x200005b2        0x1 Src\apoapsis_detection.o
 *fill*         0x200005b3        0x1 
 .bss.sTime     0x200005b4       0x14 Src\main.o
                0x200005b4                sTime
 .bss.sDate     0x200005c8        0x4 Src\main.o
                0x200005c8                sDate
 .bss.arm       0x200005cc        0x4 Src\main.o
                0x200005cc                arm
 .bss.launch    0x200005d0        0x4 Src\main.o
                0x200005d0                launch
 .bss.sample    0x200005d4        0x4 Src\main.o
                0x200005d4                sample
 .bss.err_msg   0x200005d8        0x4 Src\main.o
                0x200005d8                err_msg
 .bss.scratch   0x200005dc      0x200 Src\sd_diskio.o
 .bss.WriteStatus
                0x200007dc        0x4 Src\sd_diskio.o
 .bss.ReadStatus
                0x200007e0        0x4 Src\sd_diskio.o
 .bss.heap_end.7010
                0x200007e4        0x4 Src\syscalls.o
 .bss.copyBuffer
                0x200007e8      0x258 Src\ublox_gps.o
                0x200007e8                copyBuffer
 .bss.sentence1
                0x20000a40       0x50 Src\ublox_gps.o
                0x20000a40                sentence1
 .bss.sentence2
                0x20000a90       0x50 Src\ublox_gps.o
                0x20000a90                sentence2
 .bss.sentence3
                0x20000ae0       0x50 Src\ublox_gps.o
                0x20000ae0                sentence3
 .bss.sentence4
                0x20000b30       0x50 Src\ublox_gps.o
                0x20000b30                sentence4
 .bss.sentence5
                0x20000b80       0x50 Src\ublox_gps.o
                0x20000b80                sentence5
 .bss.sentence6
                0x20000bd0       0x50 Src\ublox_gps.o
                0x20000bd0                sentence6
 .bss.sentence7
                0x20000c20       0x50 Src\ublox_gps.o
                0x20000c20                sentence7
 .bss.sentence8
                0x20000c70       0x50 Src\ublox_gps.o
                0x20000c70                sentence8
 .bss.sentence9
                0x20000cc0       0x50 Src\ublox_gps.o
                0x20000cc0                sentence9
 .bss.sentence10
                0x20000d10       0x50 Src\ublox_gps.o
                0x20000d10                sentence10
 .bss.sentence11
                0x20000d60       0x50 Src\ublox_gps.o
                0x20000d60                sentence11
 .bss.value     0x20000db0        0x1 Src\ublox_gps.o
                0x20000db0                value
 *fill*         0x20000db1        0x3 
 .bss.gpsbuf    0x20000db4      0x258 Src\ublox_gps.o
 .bss.__malloc_free_list
                0x2000100c        0x4 c:/program files (x86)/atollic/truestudio for stm32 9.2.0/armtools/bin/../lib/gcc/arm-atollic-eabi/6.3.1/../../../../arm-atollic-eabi/lib/armv7e-m/fpu\libc_nano.a(lib_a-nano-mallocr.o)
                0x2000100c                __malloc_free_list
 .bss.__malloc_sbrk_start
                0x20001010        0x4 c:/program files (x86)/atollic/truestudio for stm32 9.2.0/armtools/bin/../lib/gcc/arm-atollic-eabi/6.3.1/../../../../arm-atollic-eabi/lib/armv7e-m/fpu\libc_nano.a(lib_a-nano-mallocr.o)
                0x20001010                __malloc_sbrk_start
 *(COMMON)
 COMMON         0x20001014        0x4 Drivers\STM32F4xx_HAL_Driver\Src\stm32f4xx_hal.o
                0x20001014                uwTick
 COMMON         0x20001018     0x206c Src\fatfs.o
                0x20001018                retSD
                0x2000101c                SDPath
                0x20001020                SDFile
                0x20002050                SDFatFS
 COMMON         0x20003084      0x6e8 Src\main.o
                0x20003084                hdma_sdio_rx
                0x200030e4                hdma_usart6_rx
                0x20003144                hspi2
                0x2000319c                Bmp3
                0x200031b4                hadc2
                0x200031fc                hi2c1
                0x20003250                hdma_spi2_rx
                0x200032b0                htim3
                0x200032f0                hspi3
                0x20003348                hdma_spi3_tx
                0x200033a8                hdma_usart6_tx
                0x20003408                hadc1
                0x20003450                hdma_adc1
                0x200034b0                hrtc
                0x200034d0                hdma_sdio_tx
                0x20003530                hsd
                0x200035b4                huart6
                0x200035f4                htim2
                0x20003634                Bmp2
                0x2000364c                hdma_adc2
                0x200036ac                hdma_spi2_tx
                0x2000370c                hdma_spi3_rx
 COMMON         0x2000376c       0xe8 Src\ublox_gps.o
                0x2000376c                framegga
                0x200037a8                framegsa
                0x200037d4                newAltitude
                0x200037d8                framevtg
                0x200037f8                framermc
                0x20003828                newLatitude
                0x2000382c                newLongitude
                0x20003830                parsedPacketData
 COMMON         0x20003854        0x4 c:/program files (x86)/atollic/truestudio for stm32 9.2.0/armtools/bin/../lib/gcc/arm-atollic-eabi/6.3.1/../../../../arm-atollic-eabi/lib/armv7e-m/fpu\libc_nano.a(lib_a-reent.o)
                0x20003854                errno
                0x20003858                . = ALIGN (0x4)
                0x20003858                _ebss = .
                0x20003858                __bss_end__ = _ebss

._user_heap_stack
                0x20003858     0x6000 load address 0x0800ffe0
                0x20003858                . = ALIGN (0x4)
                0x20003858                PROVIDE (end, .)
                [!provide]                PROVIDE (_end, .)
                0x20005858                . = (. + _Min_Heap_Size)
 *fill*         0x20003858     0x2000 
                0x20009858                . = (. + _Min_Stack_Size)
 *fill*         0x20005858     0x4000 
                0x20009858                . = ALIGN (0x4)

/DISCARD/
 libc.a(*)
 libm.a(*)
 libgcc.a(*)

.ARM.attributes
                0x00000000       0x30
 *(.ARM.attributes)
 .ARM.attributes
                0x00000000       0x22 c:/program files (x86)/atollic/truestudio for stm32 9.2.0/armtools/bin/../lib/gcc/arm-atollic-eabi/6.3.1/armv7e-m/fpu/crti.o
 .ARM.attributes
                0x00000022       0x34 c:/program files (x86)/atollic/truestudio for stm32 9.2.0/armtools/bin/../lib/gcc/arm-atollic-eabi/6.3.1/armv7e-m/fpu/crtbegin.o
 .ARM.attributes
                0x00000056       0x39 Drivers\STM32F4xx_HAL_Driver\Src\stm32f4xx_hal.o
 .ARM.attributes
                0x0000008f       0x39 Drivers\STM32F4xx_HAL_Driver\Src\stm32f4xx_hal_adc.o
 .ARM.attributes
                0x000000c8       0x39 Drivers\STM32F4xx_HAL_Driver\Src\stm32f4xx_hal_cortex.o
 .ARM.attributes
                0x00000101       0x39 Drivers\STM32F4xx_HAL_Driver\Src\stm32f4xx_hal_dma.o
 .ARM.attributes
                0x0000013a       0x39 Drivers\STM32F4xx_HAL_Driver\Src\stm32f4xx_hal_gpio.o
 .ARM.attributes
                0x00000173       0x39 Drivers\STM32F4xx_HAL_Driver\Src\stm32f4xx_hal_i2c.o
 .ARM.attributes
                0x000001ac       0x39 Drivers\STM32F4xx_HAL_Driver\Src\stm32f4xx_hal_rcc.o
 .ARM.attributes
                0x000001e5       0x39 Drivers\STM32F4xx_HAL_Driver\Src\stm32f4xx_hal_rcc_ex.o
 .ARM.attributes
                0x0000021e       0x39 Drivers\STM32F4xx_HAL_Driver\Src\stm32f4xx_hal_rtc.o
 .ARM.attributes
                0x00000257       0x39 Drivers\STM32F4xx_HAL_Driver\Src\stm32f4xx_hal_sd.o
 .ARM.attributes
                0x00000290       0x39 Drivers\STM32F4xx_HAL_Driver\Src\stm32f4xx_hal_spi.o
 .ARM.attributes
                0x000002c9       0x39 Drivers\STM32F4xx_HAL_Driver\Src\stm32f4xx_hal_tim.o
 .ARM.attributes
                0x00000302       0x39 Drivers\STM32F4xx_HAL_Driver\Src\stm32f4xx_hal_tim_ex.o
 .ARM.attributes
                0x0000033b       0x39 Drivers\STM32F4xx_HAL_Driver\Src\stm32f4xx_hal_uart.o
 .ARM.attributes
                0x00000374       0x39 Drivers\STM32F4xx_HAL_Driver\Src\stm32f4xx_ll_sdmmc.o
 .ARM.attributes
                0x000003ad       0x39 Middlewares\Third_Party\FatFs\src\diskio.o
 .ARM.attributes
                0x000003e6       0x39 Middlewares\Third_Party\FatFs\src\ff.o
 .ARM.attributes
                0x0000041f       0x39 Middlewares\Third_Party\FatFs\src\ff_gen_drv.o
 .ARM.attributes
                0x00000458       0x39 Src\BMP.o
 .ARM.attributes
                0x00000491       0x39 Src\IMU.o
 .ARM.attributes
                0x000004ca       0x39 Src\MAG.o
 .ARM.attributes
                0x00000503       0x39 Src\PITOT.o
 .ARM.attributes
                0x0000053c       0x39 Src\apoapsis_detection.o
 .ARM.attributes
                0x00000575       0x39 Src\bsp_driver_sd.o
 .ARM.attributes
                0x000005ae       0x39 Src\fatfs.o
 .ARM.attributes
                0x000005e7       0x39 Src\main.o
 .ARM.attributes
                0x00000620       0x39 Src\readWrite.o
 .ARM.attributes
                0x00000659       0x39 Src\sd_diskio.o
 .ARM.attributes
                0x00000692       0x39 Src\stm32f4xx_hal_msp.o
 .ARM.attributes
                0x000006cb       0x39 Src\stm32f4xx_it.o
 .ARM.attributes
                0x00000704       0x39 Src\syscalls.o
 .ARM.attributes
                0x0000073d       0x39 Src\system_stm32f4xx.o
 .ARM.attributes
                0x00000776       0x39 Src\ublox_gps.o
 .ARM.attributes
                0x000007af       0x21 startup\startup_stm32f446xx.o
 .ARM.attributes
                0x000007d0       0x34 c:/program files (x86)/atollic/truestudio for stm32 9.2.0/armtools/bin/../lib/gcc/arm-atollic-eabi/6.3.1/../../../../arm-atollic-eabi/lib/armv7e-m/fpu\libc_nano.a(lib_a-errno.o)
 .ARM.attributes
                0x00000804       0x34 c:/program files (x86)/atollic/truestudio for stm32 9.2.0/armtools/bin/../lib/gcc/arm-atollic-eabi/6.3.1/../../../../arm-atollic-eabi/lib/armv7e-m/fpu\libc_nano.a(lib_a-impure.o)
 .ARM.attributes
                0x00000838       0x34 c:/program files (x86)/atollic/truestudio for stm32 9.2.0/armtools/bin/../lib/gcc/arm-atollic-eabi/6.3.1/../../../../arm-atollic-eabi/lib/armv7e-m/fpu\libc_nano.a(lib_a-init.o)
 .ARM.attributes
                0x0000086c       0x34 c:/program files (x86)/atollic/truestudio for stm32 9.2.0/armtools/bin/../lib/gcc/arm-atollic-eabi/6.3.1/../../../../arm-atollic-eabi/lib/armv7e-m/fpu\libc_nano.a(lib_a-isprint.o)
 .ARM.attributes
                0x000008a0       0x34 c:/program files (x86)/atollic/truestudio for stm32 9.2.0/armtools/bin/../lib/gcc/arm-atollic-eabi/6.3.1/../../../../arm-atollic-eabi/lib/armv7e-m/fpu\libc_nano.a(lib_a-locale.o)
 .ARM.attributes
                0x000008d4       0x34 c:/program files (x86)/atollic/truestudio for stm32 9.2.0/armtools/bin/../lib/gcc/arm-atollic-eabi/6.3.1/../../../../arm-atollic-eabi/lib/armv7e-m/fpu\libc_nano.a(lib_a-mbtowc_r.o)
 .ARM.attributes
                0x00000908       0x34 c:/program files (x86)/atollic/truestudio for stm32 9.2.0/armtools/bin/../lib/gcc/arm-atollic-eabi/6.3.1/../../../../arm-atollic-eabi/lib/armv7e-m/fpu\libc_nano.a(lib_a-memcpy-stub.o)
 .ARM.attributes
                0x0000093c       0x34 c:/program files (x86)/atollic/truestudio for stm32 9.2.0/armtools/bin/../lib/gcc/arm-atollic-eabi/6.3.1/../../../../arm-atollic-eabi/lib/armv7e-m/fpu\libc_nano.a(lib_a-memset.o)
 .ARM.attributes
                0x00000970       0x34 c:/program files (x86)/atollic/truestudio for stm32 9.2.0/armtools/bin/../lib/gcc/arm-atollic-eabi/6.3.1/../../../../arm-atollic-eabi/lib/armv7e-m/fpu\libc_nano.a(lib_a-printf.o)
 .ARM.attributes
                0x000009a4       0x34 c:/program files (x86)/atollic/truestudio for stm32 9.2.0/armtools/bin/../lib/gcc/arm-atollic-eabi/6.3.1/../../../../arm-atollic-eabi/lib/armv7e-m/fpu\libc_nano.a(lib_a-puts.o)
 .ARM.attributes
                0x000009d8       0x20 c:/program files (x86)/atollic/truestudio for stm32 9.2.0/armtools/bin/../lib/gcc/arm-atollic-eabi/6.3.1/../../../../arm-atollic-eabi/lib/armv7e-m/fpu\libc_nano.a(lib_a-strcmp.o)
 .ARM.attributes
                0x000009f8       0x34 c:/program files (x86)/atollic/truestudio for stm32 9.2.0/armtools/bin/../lib/gcc/arm-atollic-eabi/6.3.1/../../../../arm-atollic-eabi/lib/armv7e-m/fpu\libc_nano.a(lib_a-strtol.o)
 .ARM.attributes
                0x00000a2c       0x34 c:/program files (x86)/atollic/truestudio for stm32 9.2.0/armtools/bin/../lib/gcc/arm-atollic-eabi/6.3.1/../../../../arm-atollic-eabi/lib/armv7e-m/fpu\libc_nano.a(lib_a-wbuf.o)
 .ARM.attributes