Archive member included to satisfy reference by file (symbol)

c:/program files (x86)/atollic/truestudio for stm32 9.2.0/armtools/bin/../lib/gcc/arm-atollic-eabi/6.3.1/../../../../arm-atollic-eabi/lib/armv7e-m/fpu\libc_nano.a(lib_a-errno.o)
                              Src\syscalls.o (__errno)
c:/program files (x86)/atollic/truestudio for stm32 9.2.0/armtools/bin/../lib/gcc/arm-atollic-eabi/6.3.1/../../../../arm-atollic-eabi/lib/armv7e-m/fpu\libc_nano.a(lib_a-impure.o)
                              c:/program files (x86)/atollic/truestudio for stm32 9.2.0/armtools/bin/../lib/gcc/arm-atollic-eabi/6.3.1/../../../../arm-atollic-eabi/lib/armv7e-m/fpu\libc_nano.a(lib_a-errno.o) (_impure_ptr)
c:/program files (x86)/atollic/truestudio for stm32 9.2.0/armtools/bin/../lib/gcc/arm-atollic-eabi/6.3.1/../../../../arm-atollic-eabi/lib/armv7e-m/fpu\libc_nano.a(lib_a-init.o)
                              startup\startup_stm32f446xx.o (__libc_init_array)
c:/program files (x86)/atollic/truestudio for stm32 9.2.0/armtools/bin/../lib/gcc/arm-atollic-eabi/6.3.1/../../../../arm-atollic-eabi/lib/armv7e-m/fpu\libc_nano.a(lib_a-isprint.o)
                              Src\ublox_gps.o (isprint)
c:/program files (x86)/atollic/truestudio for stm32 9.2.0/armtools/bin/../lib/gcc/arm-atollic-eabi/6.3.1/../../../../arm-atollic-eabi/lib/armv7e-m/fpu\libc_nano.a(lib_a-locale.o)
                              c:/program files (x86)/atollic/truestudio for stm32 9.2.0/armtools/bin/../lib/gcc/arm-atollic-eabi/6.3.1/../../../../arm-atollic-eabi/lib/armv7e-m/fpu\libc_nano.a(lib_a-isprint.o) (__locale_ctype_ptr)
c:/program files (x86)/atollic/truestudio for stm32 9.2.0/armtools/bin/../lib/gcc/arm-atollic-eabi/6.3.1/../../../../arm-atollic-eabi/lib/armv7e-m/fpu\libc_nano.a(lib_a-mbtowc_r.o)
                              c:/program files (x86)/atollic/truestudio for stm32 9.2.0/armtools/bin/../lib/gcc/arm-atollic-eabi/6.3.1/../../../../arm-atollic-eabi/lib/armv7e-m/fpu\libc_nano.a(lib_a-locale.o) (__ascii_mbtowc)
c:/program files (x86)/atollic/truestudio for stm32 9.2.0/armtools/bin/../lib/gcc/arm-atollic-eabi/6.3.1/../../../../arm-atollic-eabi/lib/armv7e-m/fpu\libc_nano.a(lib_a-memcpy-stub.o)
                              Src\main.o (memcpy)
c:/program files (x86)/atollic/truestudio for stm32 9.2.0/armtools/bin/../lib/gcc/arm-atollic-eabi/6.3.1/../../../../arm-atollic-eabi/lib/armv7e-m/fpu\libc_nano.a(lib_a-memset.o)
                              Src\main.o (memset)
c:/program files (x86)/atollic/truestudio for stm32 9.2.0/armtools/bin/../lib/gcc/arm-atollic-eabi/6.3.1/../../../../arm-atollic-eabi/lib/armv7e-m/fpu\libc_nano.a(lib_a-printf.o)
                              Src\ublox_gps.o (printf)
c:/program files (x86)/atollic/truestudio for stm32 9.2.0/armtools/bin/../lib/gcc/arm-atollic-eabi/6.3.1/../../../../arm-atollic-eabi/lib/armv7e-m/fpu\libc_nano.a(lib_a-puts.o)
                              Src\ublox_gps.o (puts)
c:/program files (x86)/atollic/truestudio for stm32 9.2.0/armtools/bin/../lib/gcc/arm-atollic-eabi/6.3.1/../../../../arm-atollic-eabi/lib/armv7e-m/fpu\libc_nano.a(lib_a-strcmp.o)
                              Src\ublox_gps.o (strcmp)
c:/program files (x86)/atollic/truestudio for stm32 9.2.0/armtools/bin/../lib/gcc/arm-atollic-eabi/6.3.1/../../../../arm-atollic-eabi/lib/armv7e-m/fpu\libc_nano.a(lib_a-strlen.o)
                              Src\ublox_gps.o (strlen)
c:/program files (x86)/atollic/truestudio for stm32 9.2.0/armtools/bin/../lib/gcc/arm-atollic-eabi/6.3.1/../../../../arm-atollic-eabi/lib/armv7e-m/fpu\libc_nano.a(lib_a-strtol.o)
                              Src\ublox_gps.o (strtol)
c:/program files (x86)/atollic/truestudio for stm32 9.2.0/armtools/bin/../lib/gcc/arm-atollic-eabi/6.3.1/../../../../arm-atollic-eabi/lib/armv7e-m/fpu\libc_nano.a(lib_a-wbuf.o)
                              c:/program files (x86)/atollic/truestudio for stm32 9.2.0/armtools/bin/../lib/gcc/arm-atollic-eabi/6.3.1/../../../../arm-atollic-eabi/lib/armv7e-m/fpu\libc_nano.a(lib_a-puts.o) (__swbuf_r)
c:/program files (x86)/atollic/truestudio for stm32 9.2.0/armtools/bin/../lib/gcc/arm-atollic-eabi/6.3.1/../../../../arm-atollic-eabi/lib/armv7e-m/fpu\libc_nano.a(lib_a-wctomb_r.o)
                              c:/program files (x86)/atollic/truestudio for stm32 9.2.0/armtools/bin/../lib/gcc/arm-atollic-eabi/6.3.1/../../../../arm-atollic-eabi/lib/armv7e-m/fpu\libc_nano.a(lib_a-locale.o) (__ascii_wctomb)
c:/program files (x86)/atollic/truestudio for stm32 9.2.0/armtools/bin/../lib/gcc/arm-atollic-eabi/6.3.1/../../../../arm-atollic-eabi/lib/armv7e-m/fpu\libc_nano.a(lib_a-wsetup.o)
                              c:/program files (x86)/atollic/truestudio for stm32 9.2.0/armtools/bin/../lib/gcc/arm-atollic-eabi/6.3.1/../../../../arm-atollic-eabi/lib/armv7e-m/fpu\libc_nano.a(lib_a-puts.o) (__swsetup_r)
[...]
Memory Configuration

Name             Origin             Length             Attributes
RAM              0x20000000         0x00020000         xrw
FLASH            0x08000000         0x00040000         xr
*default*        0x00000000         0xffffffff

Linker script and memory map

LOAD c:/program files (x86)/atollic/truestudio for stm32 9.2.0/armtools/bin/../lib/gcc/arm-atollic-eabi/6.3.1/armv7e-m/fpu/crti.o
LOAD c:/program files (x86)/atollic/truestudio for stm32 9.2.0/armtools/bin/../lib/gcc/arm-atollic-eabi/6.3.1/armv7e-m/fpu/crtbegin.o
LOAD Drivers\STM32F4xx_HAL_Driver\Src\stm32f4xx_hal.o
LOAD Drivers\STM32F4xx_HAL_Driver\Src\stm32f4xx_hal_adc.o
LOAD Drivers\STM32F4xx_HAL_Driver\Src\stm32f4xx_hal_adc_ex.o
LOAD Drivers\STM32F4xx_HAL_Driver\Src\stm32f4xx_hal_cortex.o
LOAD Drivers\STM32F4xx_HAL_Driver\Src\stm32f4xx_hal_dma.o
LOAD Drivers\STM32F4xx_HAL_Driver\Src\stm32f4xx_hal_dma_ex.o
LOAD Drivers\STM32F4xx_HAL_Driver\Src\stm32f4xx_hal_exti.o
LOAD Drivers\STM32F4xx_HAL_Driver\Src\stm32f4xx_hal_flash.o
LOAD Drivers\STM32F4xx_HAL_Driver\Src\stm32f4xx_hal_flash_ex.o
LOAD Drivers\STM32F4xx_HAL_Driver\Src\stm32f4xx_hal_flash_ramfunc.o
LOAD Drivers\STM32F4xx_HAL_Driver\Src\stm32f4xx_hal_gpio.o
LOAD Drivers\STM32F4xx_HAL_Driver\Src\stm32f4xx_hal_i2c.o
LOAD Drivers\STM32F4xx_HAL_Driver\Src\stm32f4xx_hal_i2c_ex.o
LOAD Drivers\STM32F4xx_HAL_Driver\Src\stm32f4xx_hal_pwr.o
LOAD Drivers\STM32F4xx_HAL_Driver\Src\stm32f4xx_hal_pwr_ex.o
LOAD Drivers\STM32F4xx_HAL_Driver\Src\stm32f4xx_hal_rcc.o
LOAD Drivers\STM32F4xx_HAL_Driver\Src\stm32f4xx_hal_rcc_ex.o
LOAD Drivers\STM32F4xx_HAL_Driver\Src\stm32f4xx_hal_rtc.o
LOAD Drivers\STM32F4xx_HAL_Driver\Src\stm32f4xx_hal_rtc_ex.o
LOAD Drivers\STM32F4xx_HAL_Driver\Src\stm32f4xx_hal_sd.o
LOAD Drivers\STM32F4xx_HAL_Driver\Src\stm32f4xx_hal_spi.o
LOAD Drivers\STM32F4xx_HAL_Driver\Src\stm32f4xx_hal_tim.o
LOAD Drivers\STM32F4xx_HAL_Driver\Src\stm32f4xx_hal_tim_ex.o
LOAD Drivers\STM32F4xx_HAL_Driver\Src\stm32f4xx_hal_uart.o
LOAD Drivers\STM32F4xx_HAL_Driver\Src\stm32f4xx_ll_sdmmc.o
LOAD Middlewares\Third_Party\FatFs\src\diskio.o
LOAD Middlewares\Third_Party\FatFs\src\ff.o
LOAD Middlewares\Third_Party\FatFs\src\ff_gen_drv.o
LOAD Middlewares\Third_Party\FatFs\src\option\syscall.o
LOAD Src\BMP.o
LOAD Src\IMU.o
LOAD Src\MAG.o
LOAD Src\PITOT.o
LOAD Src\bsp_driver_sd.o
LOAD Src\fatfs.o
LOAD Src\main.o
LOAD Src\readWrite.o
LOAD Src\sd_diskio.o
LOAD Src\stm32f4xx_hal_msp.o
LOAD Src\stm32f4xx_it.o
LOAD Src\syscalls.o
LOAD Src\system_stm32f4xx.o
LOAD Src\ublox_gps.o
LOAD startup\startup_stm32f446xx.o
                0x00000080                malloc_getpagesize_P = 0x80
START GROUP
LOAD c:/program files (x86)/atollic/truestudio for stm32 9.2.0/armtools/bin/../lib/gcc/arm-atollic-eabi/6.3.1/../../../../arm-atollic-eabi/lib/armv7e-m/fpu\libc_nano.a
LOAD c:/program files (x86)/atollic/truestudio for stm32 9.2.0/armtools/bin/../lib/gcc/arm-atollic-eabi/6.3.1/../../../../arm-atollic-eabi/lib/armv7e-m/fpu\libm.a
END GROUP
START GROUP
LOAD c:/program files (x86)/atollic/truestudio for stm32 9.2.0/armtools/bin/../lib/gcc/arm-atollic-eabi/6.3.1/armv7e-m/fpu\libgcc.a
LOAD c:/program files (x86)/atollic/truestudio for stm32 9.2.0/armtools/bin/../lib/gcc/arm-atollic-eabi/6.3.1/../../../../arm-atollic-eabi/lib/armv7e-m/fpu\libc_nano.a
END GROUP
START GROUP
LOAD c:/program files (x86)/atollic/truestudio for stm32 9.2.0/armtools/bin/../lib/gcc/arm-atollic-eabi/6.3.1/armv7e-m/fpu\libgcc.a
LOAD c:/program files (x86)/atollic/truestudio for stm32 9.2.0/armtools/bin/../lib/gcc/arm-atollic-eabi/6.3.1/../../../../arm-atollic-eabi/lib/armv7e-m/fpu\libc_nano.a
LOAD c:/program files (x86)/atollic/truestudio for stm32 9.2.0/armtools/bin/../lib/gcc/arm-atollic-eabi/6.3.1/../../../../arm-atollic-eabi/lib/armv7e-m/fpu\libnosys.a
END GROUP
START GROUP
LOAD c:/program files (x86)/atollic/truestudio for stm32 9.2.0/armtools/bin/../lib/gcc/arm-atollic-eabi/6.3.1/armv7e-m/fpu\libgcc.a
LOAD c:/program files (x86)/atollic/truestudio for stm32 9.2.0/armtools/bin/../lib/gcc/arm-atollic-eabi/6.3.1/../../../../arm-atollic-eabi/lib/armv7e-m/fpu\libc_nano.a
LOAD c:/program files (x86)/atollic/truestudio for stm32 9.2.0/armtools/bin/../lib/gcc/arm-atollic-eabi/6.3.1/../../../../arm-atollic-eabi/lib/armv7e-m/fpu\libnosys.a
END GROUP
LOAD c:/program files (x86)/atollic/truestudio for stm32 9.2.0/armtools/bin/../lib/gcc/arm-atollic-eabi/6.3.1/armv7e-m/fpu/crtend.o
LOAD c:/program files (x86)/atollic/truestudio for stm32 9.2.0/armtools/bin/../lib/gcc/arm-atollic-eabi/6.3.1/armv7e-m/fpu/crtn.o
                0x20020000                _estack = 0x20020000
                0x00002000                _Min_Heap_Size = 0x2000
                0x00004000                _Min_Stack_Size = 0x4000

.isr_vector     0x08000000      0x1c4
                0x08000000                . = ALIGN (0x4)
 *(.isr_vector)
 .isr_vector    0x08000000      0x1c4 startup\startup_stm32f446xx.o
                0x08000000                g_pfnVectors
                0x080001c4                . = ALIGN (0x4)

.text           0x080001c8     0xc7dc
                0x080001c8                . = ALIGN (0x4)
 *(.text)
 .text          0x080001c8       0x40 c:/program files (x86)/atollic/truestudio for stm32 9.2.0/armtools/bin/../lib/gcc/arm-atollic-eabi/6.3.1/armv7e-m/fpu/crtbegin.o
 .text          0x08000208      0x370 c:/program files (x86)/atollic/truestudio for stm32 9.2.0/armtools/bin/../lib/gcc/arm-atollic-eabi/6.3.1/armv7e-m/fpu\libgcc.a(_arm_addsubdf3.o)
                0x08000208                __aeabi_drsub
                0x08000210                __aeabi_dsub
                0x08000210                __subdf3
                0x08000214                __aeabi_dadd
                0x08000214                __adddf3
                0x0800048c                __floatunsidf
                0x0800048c                __aeabi_ui2d
                0x080004ac                __floatsidf
                0x080004ac                __aeabi_i2d
                0x080004d0                __aeabi_f2d
                0x080004d0                __extendsfdf2
                0x0800050c                __floatundidf
                0x0800050c                __aeabi_ul2d
                0x0800051c                __floatdidf
                0x0800051c                __aeabi_l2d
 .text          0x08000578      0x424 c:/program files (x86)/atollic/truestudio for stm32 9.2.0/armtools/bin/../lib/gcc/arm-atollic-eabi/6.3.1/armv7e-m/fpu\libgcc.a(_arm_muldivdf3.o)
                0x08000578                __aeabi_dmul
                0x08000578                __muldf3
                0x080007cc                __divdf3
                0x080007cc                __aeabi_ddiv
 .text          0x0800099c      0x110 c:/program files (x86)/atollic/truestudio for stm32 9.2.0/armtools/bin/../lib/gcc/arm-atollic-eabi/6.3.1/armv7e-m/fpu\libgcc.a(_arm_cmpdf2.o)
                0x0800099c                __gtdf2
                0x0800099c                __gedf2
                0x080009a4                __ltdf2
                0x080009a4                __ledf2
                0x080009ac                __nedf2
                0x080009ac                __eqdf2
                0x080009ac                __cmpdf2
                0x08000a28                __aeabi_cdrcmple
                0x08000a38                __aeabi_cdcmpeq
                0x08000a38                __aeabi_cdcmple
                0x08000a48                __aeabi_dcmpeq
                0x08000a5c                __aeabi_dcmplt
                0x08000a70                __aeabi_dcmple
                0x08000a84                __aeabi_dcmpge
                0x08000a98                __aeabi_dcmpgt
 .text          0x08000aac       0x2c c:/program files (x86)/atollic/truestudio for stm32 9.2.0/armtools/bin/../lib/gcc/arm-atollic-eabi/6.3.1/armv7e-m/fpu\libgcc.a(_arm_unorddf2.o)
                0x08000aac                __unorddf2
                0x08000aac                __aeabi_dcmpun
 .text          0x08000ad8       0xa0 c:/program files (x86)/atollic/truestudio for stm32 9.2.0/armtools/bin/../lib/gcc/arm-atollic-eabi/6.3.1/armv7e-m/fpu\libgcc.a(_arm_truncdfsf2.o)
                0x08000ad8                __truncdfsf2
                0x08000ad8                __aeabi_d2f
 .text          0x08000b78       0xa0 c:/program files (x86)/atollic/truestudio for stm32 9.2.0/armtools/bin/../lib/gcc/arm-atollic-eabi/6.3.1/armv7e-m/fpu\libgcc.a(_aeabi_ldivmod.o)
                0x08000b78                __aeabi_ldivmod
 .text          0x08000c18       0x30 c:/program files (x86)/atollic/truestudio for stm32 9.2.0/armtools/bin/../lib/gcc/arm-atollic-eabi/6.3.1/armv7e-m/fpu\libgcc.a(_aeabi_uldivmod.o)
                0x08000c18                __aeabi_uldivmod
 .text          0x08000c48      0x2dc c:/program files (x86)/atollic/truestudio for stm32 9.2.0/armtools/bin/../lib/gcc/arm-atollic-eabi/6.3.1/armv7e-m/fpu\libgcc.a(_udivmoddi4.o)
                0x08000c48                __udivmoddi4
 .text          0x08000f24        0x4 c:/program files (x86)/atollic/truestudio for stm32 9.2.0/armtools/bin/../lib/gcc/arm-atollic-eabi/6.3.1/armv7e-m/fpu\libgcc.a(_dvmd_tls.o)
                0x08000f24                __aeabi_idiv0
                0x08000f24                __aeabi_ldiv0
 *(.text*)
 .text.HAL_Init
                0x08000f28       0x44 Drivers\STM32F4xx_HAL_Driver\Src\stm32f4xx_hal.o
                0x08000f28                HAL_Init
 .text.HAL_InitTick
                0x08000f6c       0x60 Drivers\STM32F4xx_HAL_Driver\Src\stm32f4xx_hal.o
                0x08000f6c                HAL_InitTick
 .text.HAL_IncTick
                0x08000fcc       0x28 Drivers\STM32F4xx_HAL_Driver\Src\stm32f4xx_hal.o
                0x08000fcc                HAL_IncTick
 .text.HAL_GetTick
                0x08000ff4       0x18 Drivers\STM32F4xx_HAL_Driver\Src\stm32f4xx_hal.o
                0x08000ff4                HAL_GetTick
 .text.HAL_Delay
                0x0800100c       0x44 Drivers\STM32F4xx_HAL_Driver\Src\stm32f4xx_hal.o
                0x0800100c                HAL_Delay
 .text.HAL_ADC_Init
                0x08001050       0x86 Drivers\STM32F4xx_HAL_Driver\Src\stm32f4xx_hal_adc.o
                0x08001050                HAL_ADC_Init
 *fill*         0x080010d6        0x2 
 .text.HAL_ADC_ConfigChannel
                0x080010d8      0x268 Drivers\STM32F4xx_HAL_Driver\Src\stm32f4xx_hal_adc.o
                0x080010d8                HAL_ADC_ConfigChannel
 .text.ADC_Init
                0x08001340      0x1f8 Drivers\STM32F4xx_HAL_Driver\Src\stm32f4xx_hal_adc.o
 .text.__NVIC_SetPriorityGrouping
                0x08001538       0x48 Drivers\STM32F4xx_HAL_Driver\Src\stm32f4xx_hal_cortex.o
 .text.__NVIC_GetPriorityGrouping
                0x08001580       0x1c Drivers\STM32F4xx_HAL_Driver\Src\stm32f4xx_hal_cortex.o
 .text.__NVIC_EnableIRQ
                0x0800159c       0x3c Drivers\STM32F4xx_HAL_Driver\Src\stm32f4xx_hal_cortex.o
 .text.__NVIC_DisableIRQ
                0x080015d8       0x44 Drivers\STM32F4xx_HAL_Driver\Src\stm32f4xx_hal_cortex.o
 .text.__NVIC_SetPriority
                0x0800161c       0x54 Drivers\STM32F4xx_HAL_Driver\Src\stm32f4xx_hal_cortex.o
 .text.NVIC_EncodePriority
                0x08001670       0x62 Drivers\STM32F4xx_HAL_Driver\Src\stm32f4xx_hal_cortex.o
 *fill*         0x080016d2        0x2 
 .text.SysTick_Config
                0x080016d4       0x44 Drivers\STM32F4xx_HAL_Driver\Src\stm32f4xx_hal_cortex.o
 .text.HAL_NVIC_SetPriorityGrouping
                0x08001718       0x16 Drivers\STM32F4xx_HAL_Driver\Src\stm32f4xx_hal_cortex.o
                0x08001718                HAL_NVIC_SetPriorityGrouping
 .text.HAL_NVIC_SetPriority
                0x0800172e       0x38 Drivers\STM32F4xx_HAL_Driver\Src\stm32f4xx_hal_cortex.o
                0x0800172e                HAL_NVIC_SetPriority
 .text.HAL_NVIC_EnableIRQ
                0x08001766       0x1c Drivers\STM32F4xx_HAL_Driver\Src\stm32f4xx_hal_cortex.o
                0x08001766                HAL_NVIC_EnableIRQ
 .text.HAL_NVIC_DisableIRQ
                0x08001782       0x1c Drivers\STM32F4xx_HAL_Driver\Src\stm32f4xx_hal_cortex.o
                0x08001782                HAL_NVIC_DisableIRQ
 .text.HAL_SYSTICK_Config
                0x0800179e       0x18 Drivers\STM32F4xx_HAL_Driver\Src\stm32f4xx_hal_cortex.o
                0x0800179e                HAL_SYSTICK_Config
 *fill*         0x080017b6        0x2 
 .text.HAL_DMA_Init
                0x080017b8      0x15c Drivers\STM32F4xx_HAL_Driver\Src\stm32f4xx_hal_dma.o
                0x080017b8                HAL_DMA_Init
 .text.HAL_DMA_Start_IT
                0x08001914       0xc0 Drivers\STM32F4xx_HAL_Driver\Src\stm32f4xx_hal_dma.o
                0x08001914                HAL_DMA_Start_IT
 .text.HAL_DMA_Abort_IT
                0x080019d4       0x44 Drivers\STM32F4xx_HAL_Driver\Src\stm32f4xx_hal_dma.o
                0x080019d4                HAL_DMA_Abort_IT
 .text.HAL_DMA_IRQHandler
                0x08001a18      0x314 Drivers\STM32F4xx_HAL_Driver\Src\stm32f4xx_hal_dma.o
                0x08001a18                HAL_DMA_IRQHandler
 .text.DMA_SetConfig
                0x08001d2c       0x5c Drivers\STM32F4xx_HAL_Driver\Src\stm32f4xx_hal_dma.o
 .text.DMA_CalcBaseAndBitshift
                0x08001d88       0x6c Drivers\STM32F4xx_HAL_Driver\Src\stm32f4xx_hal_dma.o
 .text.DMA_CheckFifoParam
                0x08001df4       0xf4 Drivers\STM32F4xx_HAL_Driver\Src\stm32f4xx_hal_dma.o
 .text.HAL_GPIO_Init
                0x08001ee8      0x324 Drivers\STM32F4xx_HAL_Driver\Src\stm32f4xx_hal_gpio.o
                0x08001ee8                HAL_GPIO_Init
 .text.HAL_GPIO_WritePin
                0x0800220c       0x32 Drivers\STM32F4xx_HAL_Driver\Src\stm32f4xx_hal_gpio.o
                0x0800220c                HAL_GPIO_WritePin
 *fill*         0x0800223e        0x2 
 .text.HAL_GPIO_EXTI_IRQHandler
                0x08002240       0x30 Drivers\STM32F4xx_HAL_Driver\Src\stm32f4xx_hal_gpio.o
                0x08002240                HAL_GPIO_EXTI_IRQHandler
 .text.HAL_GPIO_EXTI_Callback
                0x08002270       0x16 Drivers\STM32F4xx_HAL_Driver\Src\stm32f4xx_hal_gpio.o
                0x08002270                HAL_GPIO_EXTI_Callback
 *fill*         0x08002286        0x2 
 .text.HAL_I2C_Init
                0x08002288      0x250 Drivers\STM32F4xx_HAL_Driver\Src\stm32f4xx_hal_i2c.o
                0x08002288                HAL_I2C_Init
 .text.HAL_RCC_ClockConfig
                0x080024d8      0x1c4 Drivers\STM32F4xx_HAL_Driver\Src\stm32f4xx_hal_rcc.o
                0x080024d8                HAL_RCC_ClockConfig
 .text.HAL_RCC_GetHCLKFreq
                0x0800269c       0x18 Drivers\STM32F4xx_HAL_Driver\Src\stm32f4xx_hal_rcc.o
                0x0800269c                HAL_RCC_GetHCLKFreq
 .text.HAL_RCC_GetPCLK1Freq
                0x080026b4       0x28 Drivers\STM32F4xx_HAL_Driver\Src\stm32f4xx_hal_rcc.o
                0x080026b4                HAL_RCC_GetPCLK1Freq
 .text.HAL_RCC_GetPCLK2Freq
                0x080026dc       0x28 Drivers\STM32F4xx_HAL_Driver\Src\stm32f4xx_hal_rcc.o
                0x080026dc                HAL_RCC_GetPCLK2Freq
 .text.HAL_RCCEx_PeriphCLKConfig
                0x08002704      0x654 Drivers\STM32F4xx_HAL_Driver\Src\stm32f4xx_hal_rcc_ex.o
                0x08002704                HAL_RCCEx_PeriphCLKConfig
 .text.HAL_RCC_GetSysClockFreq
                0x08002d58      0x2a4 Drivers\STM32F4xx_HAL_Driver\Src\stm32f4xx_hal_rcc_ex.o
                0x08002d58                HAL_RCC_GetSysClockFreq
 .text.HAL_RCC_OscConfig
                0x08002ffc      0x4b4 Drivers\STM32F4xx_HAL_Driver\Src\stm32f4xx_hal_rcc_ex.o
                0x08002ffc                HAL_RCC_OscConfig
 .text.HAL_RTC_Init
                0x080034b0      0x122 Drivers\STM32F4xx_HAL_Driver\Src\stm32f4xx_hal_rtc.o
                0x080034b0                HAL_RTC_Init
 .text.HAL_RTC_SetTime
                0x080035d2      0x17a Drivers\STM32F4xx_HAL_Driver\Src\stm32f4xx_hal_rtc.o
                0x080035d2                HAL_RTC_SetTime
 .text.HAL_RTC_GetTime
                0x0800374c       0xbc Drivers\STM32F4xx_HAL_Driver\Src\stm32f4xx_hal_rtc.o
                0x0800374c                HAL_RTC_GetTime
 .text.HAL_RTC_SetDate
                0x08003808      0x14e Drivers\STM32F4xx_HAL_Driver\Src\stm32f4xx_hal_rtc.o
                0x08003808                HAL_RTC_SetDate
 .text.HAL_RTC_GetDate
                0x08003956       0x9e Drivers\STM32F4xx_HAL_Driver\Src\stm32f4xx_hal_rtc.o
                0x08003956                HAL_RTC_GetDate
 .text.HAL_RTC_WaitForSynchro
                0x080039f4       0x50 Drivers\STM32F4xx_HAL_Driver\Src\stm32f4xx_hal_rtc.o
                0x080039f4                HAL_RTC_WaitForSynchro
 .text.RTC_EnterInitMode
                0x08003a44       0x58 Drivers\STM32F4xx_HAL_Driver\Src\stm32f4xx_hal_rtc.o
                0x08003a44                RTC_EnterInitMode
 .text.RTC_ByteToBcd2
                0x08003a9c       0x3c Drivers\STM32F4xx_HAL_Driver\Src\stm32f4xx_hal_rtc.o
                0x08003a9c                RTC_ByteToBcd2
 .text.RTC_Bcd2ToByte
                0x08003ad8       0x3c Drivers\STM32F4xx_HAL_Driver\Src\stm32f4xx_hal_rtc.o
                0x08003ad8                RTC_Bcd2ToByte
 .text.HAL_SD_Init
                0x08003b14       0x56 Drivers\STM32F4xx_HAL_Driver\Src\stm32f4xx_hal_sd.o
                0x08003b14                HAL_SD_Init
 *fill*         0x08003b6a        0x2 
 .text.HAL_SD_InitCard
                0x08003b6c       0xb8 Drivers\STM32F4xx_HAL_Driver\Src\stm32f4xx_hal_sd.o
                0x08003b6c                HAL_SD_InitCard
 .text.HAL_SD_ReadBlocks_DMA
                0x08003c24      0x194 Drivers\STM32F4xx_HAL_Driver\Src\stm32f4xx_hal_sd.o
                0x08003c24                HAL_SD_ReadBlocks_DMA
 .text.HAL_SD_WriteBlocks_DMA
                0x08003db8      0x194 Drivers\STM32F4xx_HAL_Driver\Src\stm32f4xx_hal_sd.o
                0x08003db8                HAL_SD_WriteBlocks_DMA
 .text.HAL_SD_IRQHandler
                0x08003f4c      0x2a8 Drivers\STM32F4xx_HAL_Driver\Src\stm32f4xx_hal_sd.o
                0x08003f4c                HAL_SD_IRQHandler
 .text.HAL_SD_ErrorCallback
                0x080041f4       0x14 Drivers\STM32F4xx_HAL_Driver\Src\stm32f4xx_hal_sd.o
                0x080041f4                HAL_SD_ErrorCallback
 .text.HAL_SD_GetCardCSD
                0x08004208      0x456 Drivers\STM32F4xx_HAL_Driver\Src\stm32f4xx_hal_sd.o
                0x08004208                HAL_SD_GetCardCSD
 .text.HAL_SD_GetCardInfo
                0x0800465e       0x58 Drivers\STM32F4xx_HAL_Driver\Src\stm32f4xx_hal_sd.o
                0x0800465e                HAL_SD_GetCardInfo
 .text.HAL_SD_ConfigWideBusOperation
                0x080046b6       0xf8 Drivers\STM32F4xx_HAL_Driver\Src\stm32f4xx_hal_sd.o
                0x080046b6                HAL_SD_ConfigWideBusOperation
 .text.HAL_SD_GetCardState
                0x080047ae       0x4a Drivers\STM32F4xx_HAL_Driver\Src\stm32f4xx_hal_sd.o
                0x080047ae                HAL_SD_GetCardState
 .text.SD_DMATransmitCplt
                0x080047f8       0x2a Drivers\STM32F4xx_HAL_Driver\Src\stm32f4xx_hal_sd.o
 .text.SD_DMAReceiveCplt
                0x08004822       0x6e Drivers\STM32F4xx_HAL_Driver\Src\stm32f4xx_hal_sd.o
 .text.SD_DMAError
                0x08004890       0x8a Drivers\STM32F4xx_HAL_Driver\Src\stm32f4xx_hal_sd.o
 .text.SD_DMATxAbort
                0x0800491a       0x7c Drivers\STM32F4xx_HAL_Driver\Src\stm32f4xx_hal_sd.o
 .text.SD_DMARxAbort
                0x08004996       0x7c Drivers\STM32F4xx_HAL_Driver\Src\stm32f4xx_hal_sd.o
 .text.SD_InitCard
                0x08004a12      0x192 Drivers\STM32F4xx_HAL_Driver\Src\stm32f4xx_hal_sd.o
 .text.SD_PowerON
                0x08004ba4      0x150 Drivers\STM32F4xx_HAL_Driver\Src\stm32f4xx_hal_sd.o
 .text.SD_SendStatus
                0x08004cf4       0x54 Drivers\STM32F4xx_HAL_Driver\Src\stm32f4xx_hal_sd.o
 .text.SD_WideBus_Enable
                0x08004d48       0x9a Drivers\STM32F4xx_HAL_Driver\Src\stm32f4xx_hal_sd.o
 .text.SD_WideBus_Disable
                0x08004de2       0x9a Drivers\STM32F4xx_HAL_Driver\Src\stm32f4xx_hal_sd.o
 .text.SD_FindSCR
                0x08004e7c      0x190 Drivers\STM32F4xx_HAL_Driver\Src\stm32f4xx_hal_sd.o
 .text.SD_Read_IT
                0x0800500c       0x50 Drivers\STM32F4xx_HAL_Driver\Src\stm32f4xx_hal_sd.o
 .text.SD_Write_IT
                0x0800505c       0x4c Drivers\STM32F4xx_HAL_Driver\Src\stm32f4xx_hal_sd.o
 .text.HAL_SPI_Init
                0x080050a8       0xc6 Drivers\STM32F4xx_HAL_Driver\Src\stm32f4xx_hal_spi.o
                0x080050a8                HAL_SPI_Init
 .text.HAL_SPI_Transmit
                0x0800516e      0x264 Drivers\STM32F4xx_HAL_Driver\Src\stm32f4xx_hal_spi.o
                0x0800516e                HAL_SPI_Transmit
 .text.HAL_SPI_Receive
                0x080053d2      0x20c Drivers\STM32F4xx_HAL_Driver\Src\stm32f4xx_hal_spi.o
                0x080053d2                HAL_SPI_Receive
 .text.HAL_SPI_TransmitReceive
                0x080055de      0x340 Drivers\STM32F4xx_HAL_Driver\Src\stm32f4xx_hal_spi.o
                0x080055de                HAL_SPI_TransmitReceive
 *fill*         0x0800591e        0x2 
 .text.HAL_SPI_TransmitReceive_DMA
                0x08005920      0x204 Drivers\STM32F4xx_HAL_Driver\Src\stm32f4xx_hal_spi.o
                0x08005920                HAL_SPI_TransmitReceive_DMA
 .text.HAL_SPI_RxCpltCallback
                0x08005b24       0x14 Drivers\STM32F4xx_HAL_Driver\Src\stm32f4xx_hal_spi.o
                0x08005b24                HAL_SPI_RxCpltCallback
 .text.HAL_SPI_RxHalfCpltCallback
                0x08005b38       0x14 Drivers\STM32F4xx_HAL_Driver\Src\stm32f4xx_hal_spi.o
                0x08005b38                HAL_SPI_RxHalfCpltCallback
 .text.HAL_SPI_TxRxHalfCpltCallback
                0x08005b4c       0x14 Drivers\STM32F4xx_HAL_Driver\Src\stm32f4xx_hal_spi.o
                0x08005b4c                HAL_SPI_TxRxHalfCpltCallback
 .text.SPI_DMAReceiveCplt
                0x08005b60       0x84 Drivers\STM32F4xx_HAL_Driver\Src\stm32f4xx_hal_spi.o
 .text.SPI_DMATransmitReceiveCplt
                0x08005be4       0x90 Drivers\STM32F4xx_HAL_Driver\Src\stm32f4xx_hal_spi.o
 .text.SPI_DMAHalfReceiveCplt
                0x08005c74       0x1c Drivers\STM32F4xx_HAL_Driver\Src\stm32f4xx_hal_spi.o
 .text.SPI_DMAHalfTransmitReceiveCplt
                0x08005c90       0x1c Drivers\STM32F4xx_HAL_Driver\Src\stm32f4xx_hal_spi.o
 .text.SPI_DMAError
                0x08005cac       0x40 Drivers\STM32F4xx_HAL_Driver\Src\stm32f4xx_hal_spi.o
 .text.SPI_WaitFlagStateUntilTimeout
                0x08005cec       0xd4 Drivers\STM32F4xx_HAL_Driver\Src\stm32f4xx_hal_spi.o
 .text.SPI_EndRxTransaction
                0x08005dc0       0xca Drivers\STM32F4xx_HAL_Driver\Src\stm32f4xx_hal_spi.o
 *fill*         0x08005e8a        0x2 
 .text.SPI_EndRxTxTransaction
                0x08005e8c       0x84 Drivers\STM32F4xx_HAL_Driver\Src\stm32f4xx_hal_spi.o
 .text.HAL_TIM_Base_Init
                0x08005f10       0x56 Drivers\STM32F4xx_HAL_Driver\Src\stm32f4xx_hal_tim.o
                0x08005f10                HAL_TIM_Base_Init
 .text.HAL_TIM_Base_Start_IT
                0x08005f66       0x48 Drivers\STM32F4xx_HAL_Driver\Src\stm32f4xx_hal_tim.o
                0x08005f66                HAL_TIM_Base_Start_IT
 .text.HAL_TIM_ConfigClockSource
                0x08005fae      0x16e Drivers\STM32F4xx_HAL_Driver\Src\stm32f4xx_hal_tim.o
                0x08005fae                HAL_TIM_ConfigClockSource
 .text.TIM_Base_SetConfig
                0x0800611c      0x140 Drivers\STM32F4xx_HAL_Driver\Src\stm32f4xx_hal_tim.o
                0x0800611c                TIM_Base_SetConfig
 .text.TIM_TI1_ConfigInputStage
                0x0800625c       0x5e Drivers\STM32F4xx_HAL_Driver\Src\stm32f4xx_hal_tim.o
 .text.TIM_TI2_ConfigInputStage
                0x080062ba       0x60 Drivers\STM32F4xx_HAL_Driver\Src\stm32f4xx_hal_tim.o
 .text.TIM_ITRx_SetConfig
                0x0800631a       0x36 Drivers\STM32F4xx_HAL_Driver\Src\stm32f4xx_hal_tim.o
 .text.TIM_ETR_SetConfig
                0x08006350       0x40 Drivers\STM32F4xx_HAL_Driver\Src\stm32f4xx_hal_tim.o
                0x08006350                TIM_ETR_SetConfig
 .text.HAL_TIMEx_MasterConfigSynchronization
                0x08006390       0x8a Drivers\STM32F4xx_HAL_Driver\Src\stm32f4xx_hal_tim_ex.o
                0x08006390                HAL_TIMEx_MasterConfigSynchronization
 .text.HAL_UART_Init
                0x0800641a       0x9a Drivers\STM32F4xx_HAL_Driver\Src\stm32f4xx_hal_uart.o
                0x0800641a                HAL_UART_Init
 .text.HAL_UART_Transmit
                0x080064b4      0x130 Drivers\STM32F4xx_HAL_Driver\Src\stm32f4xx_hal_uart.o
                0x080064b4                HAL_UART_Transmit
 .text.UART_WaitOnFlagUntilTimeout
                0x080065e4       0x94 Drivers\STM32F4xx_HAL_Driver\Src\stm32f4xx_hal_uart.o
 .text.UART_SetConfig
                0x08006678      0x414 Drivers\STM32F4xx_HAL_Driver\Src\stm32f4xx_hal_uart.o
 .text.SDIO_Init
                0x08006a8c       0x56 Drivers\STM32F4xx_HAL_Driver\Src\stm32f4xx_ll_sdmmc.o
                0x08006a8c                SDIO_Init
 .text.SDIO_ReadFIFO
                0x08006ae2       0x1a Drivers\STM32F4xx_HAL_Driver\Src\stm32f4xx_ll_sdmmc.o
                0x08006ae2                SDIO_ReadFIFO
 .text.SDIO_WriteFIFO
                0x08006afc       0x22 Drivers\STM32F4xx_HAL_Driver\Src\stm32f4xx_ll_sdmmc.o
                0x08006afc                SDIO_WriteFIFO
 .text.SDIO_PowerState_ON
                0x08006b1e       0x1c Drivers\STM32F4xx_HAL_Driver\Src\stm32f4xx_ll_sdmmc.o
                0x08006b1e                SDIO_PowerState_ON
 .text.SDIO_GetPowerState
                0x08006b3a       0x1c Drivers\STM32F4xx_HAL_Driver\Src\stm32f4xx_ll_sdmmc.o
                0x08006b3a                SDIO_GetPowerState
 .text.SDIO_SendCommand
                0x08006b56       0x54 Drivers\STM32F4xx_HAL_Driver\Src\stm32f4xx_ll_sdmmc.o
                0x08006b56                SDIO_SendCommand
 .text.SDIO_GetCommandResponse
                0x08006baa       0x1a Drivers\STM32F4xx_HAL_Driver\Src\stm32f4xx_ll_sdmmc.o
                0x08006baa                SDIO_GetCommandResponse
 .text.SDIO_GetResponse
                0x08006bc4       0x2a Drivers\STM32F4xx_HAL_Driver\Src\stm32f4xx_ll_sdmmc.o
                0x08006bc4                SDIO_GetResponse
 .text.SDIO_ConfigData
                0x08006bee       0x58 Drivers\STM32F4xx_HAL_Driver\Src\stm32f4xx_ll_sdmmc.o
                0x08006bee                SDIO_ConfigData
 .text.SDMMC_CmdBlockLength
                0x08006c46       0x48 Drivers\STM32F4xx_HAL_Driver\Src\stm32f4xx_ll_sdmmc.o
                0x08006c46                SDMMC_CmdBlockLength
 .text.SDMMC_CmdReadSingleBlock
                0x08006c8e       0x48 Drivers\STM32F4xx_HAL_Driver\Src\stm32f4xx_ll_sdmmc.o
                0x08006c8e                SDMMC_CmdReadSingleBlock
 .text.SDMMC_CmdReadMultiBlock
                0x08006cd6       0x48 Drivers\STM32F4xx_HAL_Driver\Src\stm32f4xx_ll_sdmmc.o
                0x08006cd6                SDMMC_CmdReadMultiBlock
 .text.SDMMC_CmdWriteSingleBlock
                0x08006d1e       0x48 Drivers\STM32F4xx_HAL_Driver\Src\stm32f4xx_ll_sdmmc.o
                0x08006d1e                SDMMC_CmdWriteSingleBlock
 .text.SDMMC_CmdWriteMultiBlock
                0x08006d66       0x48 Drivers\STM32F4xx_HAL_Driver\Src\stm32f4xx_ll_sdmmc.o
                0x08006d66                SDMMC_CmdWriteMultiBlock
 *fill*         0x08006dae        0x2 
 .text.SDMMC_CmdStopTransfer
                0x08006db0       0x48 Drivers\STM32F4xx_HAL_Driver\Src\stm32f4xx_ll_sdmmc.o
                0x08006db0                SDMMC_CmdStopTransfer
 .text.SDMMC_CmdSelDesel
                0x08006df8       0x4a Drivers\STM32F4xx_HAL_Driver\Src\stm32f4xx_ll_sdmmc.o
                0x08006df8                SDMMC_CmdSelDesel
 .text.SDMMC_CmdGoIdleState
                0x08006e42       0x40 Drivers\STM32F4xx_HAL_Driver\Src\stm32f4xx_ll_sdmmc.o
                0x08006e42                SDMMC_CmdGoIdleState
 .text.SDMMC_CmdOperCond
                0x08006e82       0x42 Drivers\STM32F4xx_HAL_Driver\Src\stm32f4xx_ll_sdmmc.o
                0x08006e82                SDMMC_CmdOperCond
 .text.SDMMC_CmdAppCommand
                0x08006ec4       0x48 Drivers\STM32F4xx_HAL_Driver\Src\stm32f4xx_ll_sdmmc.o
                0x08006ec4                SDMMC_CmdAppCommand
 .text.SDMMC_CmdAppOperCommand
                0x08006f0c       0x4a Drivers\STM32F4xx_HAL_Driver\Src\stm32f4xx_ll_sdmmc.o
                0x08006f0c                SDMMC_CmdAppOperCommand
 .text.SDMMC_CmdBusWidth
                0x08006f56       0x48 Drivers\STM32F4xx_HAL_Driver\Src\stm32f4xx_ll_sdmmc.o
                0x08006f56                SDMMC_CmdBusWidth
 .text.SDMMC_CmdSendSCR
                0x08006f9e       0x46 Drivers\STM32F4xx_HAL_Driver\Src\stm32f4xx_ll_sdmmc.o
                0x08006f9e                SDMMC_CmdSendSCR
 .text.SDMMC_CmdSendCID
                0x08006fe4       0x40 Drivers\STM32F4xx_HAL_Driver\Src\stm32f4xx_ll_sdmmc.o
                0x08006fe4                SDMMC_CmdSendCID
 .text.SDMMC_CmdSendCSD
                0x08007024       0x42 Drivers\STM32F4xx_HAL_Driver\Src\stm32f4xx_ll_sdmmc.o
                0x08007024                SDMMC_CmdSendCSD
 .text.SDMMC_CmdSetRelAdd
                0x08007066       0x46 Drivers\STM32F4xx_HAL_Driver\Src\stm32f4xx_ll_sdmmc.o
                0x08007066                SDMMC_CmdSetRelAdd
 .text.SDMMC_CmdSendStatus
                0x080070ac       0x48 Drivers\STM32F4xx_HAL_Driver\Src\stm32f4xx_ll_sdmmc.o
                0x080070ac                SDMMC_CmdSendStatus
 .text.SDMMC_GetCmdError
                0x080070f4       0x54 Drivers\STM32F4xx_HAL_Driver\Src\stm32f4xx_ll_sdmmc.o
 .text.SDMMC_GetCmdResp1
                0x08007148      0x1cc Drivers\STM32F4xx_HAL_Driver\Src\stm32f4xx_ll_sdmmc.o
 .text.SDMMC_GetCmdResp2
                0x08007314       0x80 Drivers\STM32F4xx_HAL_Driver\Src\stm32f4xx_ll_sdmmc.o
 .text.SDMMC_GetCmdResp3
                0x08007394       0x68 Drivers\STM32F4xx_HAL_Driver\Src\stm32f4xx_ll_sdmmc.o
 .text.SDMMC_GetCmdResp6
                0x080073fc       0xdc Drivers\STM32F4xx_HAL_Driver\Src\stm32f4xx_ll_sdmmc.o
 .text.SDMMC_GetCmdResp7
                0x080074d8       0x74 Drivers\STM32F4xx_HAL_Driver\Src\stm32f4xx_ll_sdmmc.o
 .text.disk_status
                0x0800754c       0x34 Middlewares\Third_Party\FatFs\src\diskio.o
                0x0800754c                disk_status
 .text.disk_initialize
                0x08007580       0x4c Middlewares\Third_Party\FatFs\src\diskio.o
                0x08007580                disk_initialize
 .text.disk_read
                0x080075cc       0x40 Middlewares\Third_Party\FatFs\src\diskio.o
                0x080075cc                disk_read
 .text.disk_write
                0x0800760c       0x40 Middlewares\Third_Party\FatFs\src\diskio.o
                0x0800760c                disk_write
 .text.disk_ioctl
                0x0800764c       0x3c Middlewares\Third_Party\FatFs\src\diskio.o
                0x0800764c                disk_ioctl
 .text.ld_word  0x08007688       0x30 Middlewares\Third_Party\FatFs\src\ff.o
 .text.ld_dword
                0x080076b8       0x46 Middlewares\Third_Party\FatFs\src\ff.o
 .text.st_word  0x080076fe       0x36 Middlewares\Third_Party\FatFs\src\ff.o
 .text.st_dword
                0x08007734       0x58 Middlewares\Third_Party\FatFs\src\ff.o
 .text.mem_cpy  0x0800778c       0x42 Middlewares\Third_Party\FatFs\src\ff.o
 .text.mem_set  0x080077ce       0x34 Middlewares\Third_Party\FatFs\src\ff.o
 .text.mem_cmp  0x08007802       0x4e Middlewares\Third_Party\FatFs\src\ff.o
 .text.chk_chr  0x08007850       0x36 Middlewares\Third_Party\FatFs\src\ff.o
 *fill*         0x08007886        0x2 
 .text.chk_lock
                0x08007888       0xb8 Middlewares\Third_Party\FatFs\src\ff.o
 .text.enq_lock
                0x08007940       0x44 Middlewares\Third_Party\FatFs\src\ff.o
 .text.inc_lock
                0x08007984      0x11c Middlewares\Third_Party\FatFs\src\ff.o
 .text.clear_lock
                0x08007aa0       0x48 Middlewares\Third_Party\FatFs\src\ff.o
 .text.sync_window
                0x08007ae8       0x88 Middlewares\Third_Party\FatFs\src\ff.o
 .text.move_window
                0x08007b70       0x5a Middlewares\Third_Party\FatFs\src\ff.o
 .text.clust2sect
                0x08007bca       0x3e Middlewares\Third_Party\FatFs\src\ff.o
 .text.get_fat  0x08007c08      0x1a0 Middlewares\Third_Party\FatFs\src\ff.o
 .text.put_fat  0x08007da8      0x22e Middlewares\Third_Party\FatFs\src\ff.o
 .text.remove_chain
                0x08007fd6       0xca Middlewares\Third_Party\FatFs\src\ff.o
 .text.create_chain
                0x080080a0      0x130 Middlewares\Third_Party\FatFs\src\ff.o
 .text.dir_sdi  0x080081d0      0x112 Middlewares\Third_Party\FatFs\src\ff.o
 .text.dir_next
                0x080082e2      0x1ac Middlewares\Third_Party\FatFs\src\ff.o
 .text.dir_alloc
                0x0800848e       0x8e Middlewares\Third_Party\FatFs\src\ff.o
 .text.ld_clust
                0x0800851c       0x3e Middlewares\Third_Party\FatFs\src\ff.o
 .text.st_clust
                0x0800855a       0x40 Middlewares\Third_Party\FatFs\src\ff.o
 .text.dir_find
                0x0800859a       0xaa Middlewares\Third_Party\FatFs\src\ff.o
 .text.dir_register
                0x08008644       0x64 Middlewares\Third_Party\FatFs\src\ff.o
 .text.create_name
                0x080086a8      0x128 Middlewares\Third_Party\FatFs\src\ff.o
 .text.follow_path
                0x080087d0       0xec Middlewares\Third_Party\FatFs\src\ff.o
 .text.get_ldnumber
                0x080088bc       0x88 Middlewares\Third_Party\FatFs\src\ff.o
 .text.check_fs
                0x08008944       0xac Middlewares\Third_Party\FatFs\src\ff.o
 .text.find_volume
                0x080089f0      0x508 Middlewares\Third_Party\FatFs\src\ff.o
 .text.f_mount  0x08008ef8       0x8c Middlewares\Third_Party\FatFs\src\ff.o
                0x08008ef8                f_mount
 .text.f_open   0x08008f84      0x398 Middlewares\Third_Party\FatFs\src\ff.o
                0x08008f84                f_open
 .text.FATFS_LinkDriverEx
                0x0800931c       0x98 Middlewares\Third_Party\FatFs\src\ff_gen_drv.o
                0x0800931c                FATFS_LinkDriverEx
 .text.FATFS_LinkDriver
                0x080093b4       0x1e Middlewares\Third_Party\FatFs\src\ff_gen_drv.o
                0x080093b4                FATFS_LinkDriver
 .text.readBMP  0x080093d2       0xe8 Src\BMP.o
                0x080093d2                readBMP
 .text.read16BMP
                0x080094ba       0x72 Src\BMP.o
                0x080094ba                read16BMP
 .text.readParamBmp
                0x0800952c      0x108 Src\BMP.o
                0x0800952c                readParamBmp
 .text.initBMP  0x08009634       0x8e Src\BMP.o
                0x08009634                initBMP
 .text.bmpCompensate
                0x080096c2      0x406 Src\BMP.o
                0x080096c2                bmpCompensate
 .text.readBMPCal
                0x08009ac8       0x5e Src\BMP.o
                0x08009ac8                readBMPCal
 *fill*         0x08009b26        0x2 
 .text.convBMP  0x08009b28       0x6c Src\BMP.o
                0x08009b28                convBMP
 .text.initIMU_slow
                0x08009b94      0x176 Src\IMU.o
                0x08009b94                initIMU_slow
 *fill*         0x08009d0a        0x2 
 .text.clearFIFO
                0x08009d0c      0x11c Src\IMU.o
                0x08009d0c                clearFIFO
 .text.readIMU  0x08009e28       0xa0 Src\IMU.o
                0x08009e28                readIMU
 .text.convIMU  0x08009ec8      0x2e8 Src\IMU.o
                0x08009ec8                convIMU
 .text.initMAG  0x0800a1b0       0xaa Src\MAG.o
                0x0800a1b0                initMAG
 .text.readMAG  0x0800a25a       0x2c Src\MAG.o
                0x0800a25a                readMAG
 *fill*         0x0800a286        0x2 
 .text.convMAG  0x0800a288       0xc8 Src\MAG.o
                0x0800a288                convMAG
 .text.convSpeedPITOT
                0x0800a350       0xc4 Src\PITOT.o
                0x0800a350                convSpeedPITOT
 .text.BSP_SD_Init
                0x0800a414       0x4c Src\bsp_driver_sd.o
                0x0800a414                BSP_SD_Init
 .text.BSP_SD_ReadBlocks_DMA
                0x0800a460       0x34 Src\bsp_driver_sd.o
                0x0800a460                BSP_SD_ReadBlocks_DMA
 .text.BSP_SD_WriteBlocks_DMA
                0x0800a494       0x34 Src\bsp_driver_sd.o
                0x0800a494                BSP_SD_WriteBlocks_DMA
 .text.BSP_SD_GetCardState
                0x0800a4c8       0x20 Src\bsp_driver_sd.o
                0x0800a4c8                BSP_SD_GetCardState
 .text.BSP_SD_GetCardInfo
                0x0800a4e8       0x1c Src\bsp_driver_sd.o
                0x0800a4e8                BSP_SD_GetCardInfo
 .text.HAL_SD_AbortCallback
                0x0800a504       0x14 Src\bsp_driver_sd.o
                0x0800a504                HAL_SD_AbortCallback
 .text.HAL_SD_TxCpltCallback
                0x0800a518       0x14 Src\bsp_driver_sd.o
                0x0800a518                HAL_SD_TxCpltCallback
 .text.HAL_SD_RxCpltCallback
                0x0800a52c       0x14 Src\bsp_driver_sd.o
                0x0800a52c                HAL_SD_RxCpltCallback
 .text.BSP_SD_AbortCallback
                0x0800a540        0xe Src\bsp_driver_sd.o
                0x0800a540                BSP_SD_AbortCallback
 .text.BSP_SD_IsDetected
                0x0800a54e       0x1a Src\bsp_driver_sd.o
                0x0800a54e                BSP_SD_IsDetected
 .text.MX_FATFS_Init
                0x0800a568       0x24 Src\fatfs.o
                0x0800a568                MX_FATFS_Init
 .text.get_fattime
                0x0800a58c       0x10 Src\fatfs.o
                0x0800a58c                get_fattime
 .text.main     0x0800a59c      0x4e0 Src\main.o
                0x0800a59c                main
 .text.SystemClock_Config
                0x0800aa7c      0x128 Src\main.o
                0x0800aa7c                SystemClock_Config
 .text.MX_ADC1_Init
                0x0800aba4       0xa4 Src\main.o
 .text.MX_ADC2_Init
                0x0800ac48       0xa4 Src\main.o
 .text.MX_I2C1_Init
                0x0800acec       0x5c Src\main.o
 .text.MX_RTC_Init
                0x0800ad48       0xb4 Src\main.o
 .text.MX_SDIO_SD_Init
                0x0800adfc       0x40 Src\main.o
 .text.MX_SPI2_Init
                0x0800ae3c       0x6c Src\main.o
 .text.MX_SPI3_Init
                0x0800aea8       0x6c Src\main.o
 .text.MX_TIM2_Init
                0x0800af14       0x9c Src\main.o
 .text.MX_TIM3_Init
                0x0800afb0       0x9c Src\main.o
 .text.MX_USART6_UART_Init
                0x0800b04c       0x54 Src\main.o
 .text.MX_DMA_Init
                0x0800b0a0       0xec Src\main.o
 .text.MX_GPIO_Init
                0x0800b18c      0x270 Src\main.o
 .text.SD_cardMountInit
                0x0800b3fc       0x64 Src\main.o
                0x0800b3fc                SD_cardMountInit
 .text.sensorsInitialization
                0x0800b460       0xac Src\main.o
                0x0800b460                sensorsInitialization
 .text.convertSensors
                0x0800b50c       0x8a Src\main.o
                0x0800b50c                convertSensors
 *fill*         0x0800b596        0x2 
 .text.HAL_SPI_TxRxCpltCallback
                0x0800b598       0x70 Src\main.o
                0x0800b598                HAL_SPI_TxRxCpltCallback
 .text.HAL_SPI_ErrorCallback
                0x0800b608       0x4c Src\main.o
                0x0800b608                HAL_SPI_ErrorCallback
 .text.Error_Handler
                0x0800b654        0xe Src\main.o
                0x0800b654                Error_Handler
 .text.write8   0x0800b662       0x7e Src\readWrite.o
                0x0800b662                write8
 .text.read8    0x0800b6e0       0x5a Src\readWrite.o
                0x0800b6e0                read8
 .text.readN    0x0800b73a       0x60 Src\readWrite.o
                0x0800b73a                readN
 .text.SD_CheckStatusWithTimeout
                0x0800b79a       0x3a Src\sd_diskio.o
 .text.SD_CheckStatus
                0x0800b7d4       0x3c Src\sd_diskio.o
 .text.SD_initialize
                0x0800b810       0x38 Src\sd_diskio.o
                0x0800b810                SD_initialize
 .text.SD_status
                0x0800b848       0x1c Src\sd_diskio.o
                0x0800b848                SD_status
 .text.SD_read  0x0800b864      0x150 Src\sd_diskio.o
                0x0800b864                SD_read
 .text.SD_write
                0x0800b9b4      0x150 Src\sd_diskio.o
                0x0800b9b4                SD_write
 .text.SD_ioctl
                0x0800bb04       0xb0 Src\sd_diskio.o
                0x0800bb04                SD_ioctl
 .text.BSP_SD_WriteCpltCallback
                0x0800bbb4       0x18 Src\sd_diskio.o
                0x0800bbb4                BSP_SD_WriteCpltCallback
 .text.BSP_SD_ReadCpltCallback
                0x0800bbcc       0x18 Src\sd_diskio.o
                0x0800bbcc                BSP_SD_ReadCpltCallback
 .text.HAL_MspInit
                0x0800bbe4       0x50 Src\stm32f4xx_hal_msp.o
                0x0800bbe4                HAL_MspInit
 .text.HAL_ADC_MspInit
                0x0800bc34      0x1b8 Src\stm32f4xx_hal_msp.o
                0x0800bc34                HAL_ADC_MspInit
 .text.HAL_I2C_MspInit
                0x0800bdec       0x90 Src\stm32f4xx_hal_msp.o
                0x0800bdec                HAL_I2C_MspInit
 .text.HAL_RTC_MspInit
                0x0800be7c       0x2c Src\stm32f4xx_hal_msp.o
                0x0800be7c                HAL_RTC_MspInit
 .text.HAL_SD_MspInit
                0x0800bea8      0x1e0 Src\stm32f4xx_hal_msp.o
                0x0800bea8                HAL_SD_MspInit
 .text.HAL_SPI_MspInit
                0x0800c088      0x28c Src\stm32f4xx_hal_msp.o
                0x0800c088                HAL_SPI_MspInit
 .text.HAL_TIM_Base_MspInit
                0x0800c314       0x6c Src\stm32f4xx_hal_msp.o
                0x0800c314                HAL_TIM_Base_MspInit
 .text.HAL_UART_MspInit
                0x0800c380      0x158 Src\stm32f4xx_hal_msp.o
                0x0800c380                HAL_UART_MspInit
 .text.SVC_Handler
                0x0800c4d8        0xe Src\stm32f4xx_it.o
                0x0800c4d8                SVC_Handler
 .text.PendSV_Handler
                0x0800c4e6        0xe Src\stm32f4xx_it.o
                0x0800c4e6                PendSV_Handler
 .text.SysTick_Handler
                0x0800c4f4        0xc Src\stm32f4xx_it.o
                0x0800c4f4                SysTick_Handler
 .text.EXTI1_IRQHandler
                0x0800c500       0x34 Src\stm32f4xx_it.o
                0x0800c500                EXTI1_IRQHandler
 .text.DMA1_Stream0_IRQHandler
                0x0800c534       0x14 Src\stm32f4xx_it.o
                0x0800c534                DMA1_Stream0_IRQHandler
 .text.DMA1_Stream3_IRQHandler
                0x0800c548       0x14 Src\stm32f4xx_it.o
                0x0800c548                DMA1_Stream3_IRQHandler
 .text.DMA1_Stream4_IRQHandler
                0x0800c55c       0x14 Src\stm32f4xx_it.o
                0x0800c55c                DMA1_Stream4_IRQHandler
 .text.DMA1_Stream5_IRQHandler
                0x0800c570       0x14 Src\stm32f4xx_it.o
                0x0800c570                DMA1_Stream5_IRQHandler
 .text.EXTI9_5_IRQHandler
                0x0800c584       0x28 Src\stm32f4xx_it.o
                0x0800c584                EXTI9_5_IRQHandler
 .text.SDIO_IRQHandler
                0x0800c5ac       0x14 Src\stm32f4xx_it.o
                0x0800c5ac                SDIO_IRQHandler
 .text.DMA2_Stream0_IRQHandler
                0x0800c5c0       0x14 Src\stm32f4xx_it.o
                0x0800c5c0                DMA2_Stream0_IRQHandler
 .text.DMA2_Stream1_IRQHandler
                0x0800c5d4       0x14 Src\stm32f4xx_it.o
                0x0800c5d4                DMA2_Stream1_IRQHandler
 .text.DMA2_Stream2_IRQHandler
                0x0800c5e8       0x14 Src\stm32f4xx_it.o
                0x0800c5e8                DMA2_Stream2_IRQHandler
 .text.DMA2_Stream3_IRQHandler
                0x0800c5fc       0x14 Src\stm32f4xx_it.o
                0x0800c5fc                DMA2_Stream3_IRQHandler
 .text.DMA2_Stream6_IRQHandler
                0x0800c610       0x14 Src\stm32f4xx_it.o
                0x0800c610                DMA2_Stream6_IRQHandler
 .text.DMA2_Stream7_IRQHandler
                0x0800c624       0x14 Src\stm32f4xx_it.o
                0x0800c624                DMA2_Stream7_IRQHandler
 .text.SystemInit
                0x0800c638       0x6c Src\system_stm32f4xx.o
                0x0800c638                SystemInit
 .text.Reset_Handler
                0x0800c6a4       0x50 startup\startup_stm32f446xx.o
                0x0800c6a4                Reset_Handler
 .text.Default_Handler
                0x0800c6f4        0x2 startup\startup_stm32f446xx.o
                0x0800c6f4                RTC_Alarm_IRQHandler
                0x0800c6f4                EXTI2_IRQHandler
                0x0800c6f4                TIM8_CC_IRQHandler
                0x0800c6f4                DebugMon_Handler
                0x0800c6f4                FMPI2C1_EV_IRQHandler
                0x0800c6f4                SPI4_IRQHandler
                0x0800c6f4                TIM1_CC_IRQHandler
                0x0800c6f4                DMA2_Stream5_IRQHandler
                0x0800c6f4                HardFault_Handler
                0x0800c6f4                PVD_IRQHandler
                0x0800c6f4                TAMP_STAMP_IRQHandler
                0x0800c6f4                NMI_Handler
                0x0800c6f4                CAN2_RX1_IRQHandler
                0x0800c6f4                EXTI3_IRQHandler
                0x0800c6f4                TIM8_TRG_COM_TIM14_IRQHandler
                0x0800c6f4                TIM1_UP_TIM10_IRQHandler
                0x0800c6f4                TIM8_UP_TIM13_IRQHandler
                0x0800c6f4                I2C3_ER_IRQHandler
                0x0800c6f4                EXTI0_IRQHandler
                0x0800c6f4                I2C2_EV_IRQHandler
                0x0800c6f4                DMA1_Stream2_IRQHandler
                0x0800c6f4                CAN1_RX0_IRQHandler
                0x0800c6f4                FPU_IRQHandler
                0x0800c6f4                OTG_HS_WKUP_IRQHandler
                0x0800c6f4                UsageFault_Handler
                0x0800c6f4                CAN2_SCE_IRQHandler
                0x0800c6f4                SPI1_IRQHandler
                0x0800c6f4                TIM6_DAC_IRQHandler
                0x0800c6f4                TIM1_BRK_TIM9_IRQHandler
                0x0800c6f4                DCMI_IRQHandler
                0x0800c6f4                CAN2_RX0_IRQHandler
                0x0800c6f4                SAI2_IRQHandler
                0x0800c6f4                USART6_IRQHandler
                0x0800c6f4                USART3_IRQHandler
                0x0800c6f4                CAN1_RX1_IRQHandler
                0x0800c6f4                UART5_IRQHandler
                0x0800c6f4                TIM4_IRQHandler
                0x0800c6f4                QUADSPI_IRQHandler
                0x0800c6f4                I2C1_EV_IRQHandler
                0x0800c6f4                DMA1_Stream6_IRQHandler
                0x0800c6f4                DMA1_Stream1_IRQHandler
                0x0800c6f4                UART4_IRQHandler
                0x0800c6f4                TIM3_IRQHandler
                0x0800c6f4                RCC_IRQHandler
                0x0800c6f4                TIM8_BRK_TIM12_IRQHandler
                0x0800c6f4                Default_Handler
                0x0800c6f4                CEC_IRQHandler
                0x0800c6f4                EXTI15_10_IRQHandler
                0x0800c6f4                ADC_IRQHandler
                0x0800c6f4                DMA1_Stream7_IRQHandler
                0x0800c6f4                TIM7_IRQHandler
                0x0800c6f4                CAN2_TX_IRQHandler
                0x0800c6f4                TIM5_IRQHandler
                0x0800c6f4                I2C3_EV_IRQHandler
                0x0800c6f4                RTC_WKUP_IRQHandler
                0x0800c6f4                SPDIF_RX_IRQHandler
                0x0800c6f4                SPI2_IRQHandler
                0x0800c6f4                OTG_HS_EP1_IN_IRQHandler
                0x0800c6f4                MemManage_Handler
                0x0800c6f4                CAN1_TX_IRQHandler
                0x0800c6f4                FMPI2C1_ER_IRQHandler
                0x0800c6f4                EXTI4_IRQHandler
                0x0800c6f4                OTG_HS_EP1_OUT_IRQHandler
                0x0800c6f4                WWDG_IRQHandler
                0x0800c6f4                TIM2_IRQHandler
                0x0800c6f4                OTG_FS_WKUP_IRQHandler
                0x0800c6f4                TIM1_TRG_COM_TIM11_IRQHandler
                0x0800c6f4                OTG_HS_IRQHandler
                0x0800c6f4                USART2_IRQHandler
                0x0800c6f4                I2C2_ER_IRQHandler
                0x0800c6f4                CAN1_SCE_IRQHandler
                0x0800c6f4                FLASH_IRQHandler
                0x0800c6f4                DMA2_Stream4_IRQHandler
                0x0800c6f4                BusFault_Handler
                0x0800c6f4                USART1_IRQHandler
                0x0800c6f4                OTG_FS_IRQHandler
                0x0800c6f4                SPI3_IRQHandler
                0x0800c6f4                I2C1_ER_IRQHandler
                0x0800c6f4                FMC_IRQHandler
                0x0800c6f4                SAI1_IRQHandler
 *fill*         0x0800c6f6        0x2 
 .text.__errno  0x0800c6f8        0xc c:/program files (x86)/atollic/truestudio for stm32 9.2.0/armtools/bin/../lib/gcc/arm-atollic-eabi/6.3.1/../../../../arm-atollic-eabi/lib/armv7e-m/fpu\libc_nano.a(lib_a-errno.o)
                0x0800c6f8                __errno
 .text.__libc_init_array
                0x0800c704       0x48 c:/program files (x86)/atollic/truestudio for stm32 9.2.0/armtools/bin/../lib/gcc/arm-atollic-eabi/6.3.1/../../../../arm-atollic-eabi/lib/armv7e-m/fpu\libc_nano.a(lib_a-init.o)
                0x0800c704                __libc_init_array
 .text.memcpy   0x0800c74c       0x16 c:/program files (x86)/atollic/truestudio for stm32 9.2.0/armtools/bin/../lib/gcc/arm-atollic-eabi/6.3.1/../../../../arm-atollic-eabi/lib/armv7e-m/fpu\libc_nano.a(lib_a-memcpy-stub.o)
                0x0800c74c                memcpy
 .text.memset   0x0800c762       0x10 c:/program files (x86)/atollic/truestudio for stm32 9.2.0/armtools/bin/../lib/gcc/arm-atollic-eabi/6.3.1/../../../../arm-atollic-eabi/lib/armv7e-m/fpu\libc_nano.a(lib_a-memset.o)
                0x0800c762                memset
 *fill*         0x0800c772        0x2 
 .text.sqrt     0x0800c774       0xb4 c:/program files (x86)/atollic/truestudio for stm32 9.2.0/armtools/bin/../lib/gcc/arm-atollic-eabi/6.3.1/../../../../arm-atollic-eabi/lib/armv7e-m/fpu\libm.a(lib_a-w_sqrt.o)
                0x0800c774                sqrt
 .text.__ieee754_sqrt
                0x0800c828      0x160 c:/program files (x86)/atollic/truestudio for stm32 9.2.0/armtools/bin/../lib/gcc/arm-atollic-eabi/6.3.1/../../../../arm-atollic-eabi/lib/armv7e-m/fpu\libm.a(lib_a-e_sqrt.o)
                0x0800c828                __ieee754_sqrt
 .text.matherr  0x0800c988        0x4 c:/program files (x86)/atollic/truestudio for stm32 9.2.0/armtools/bin/../lib/gcc/arm-atollic-eabi/6.3.1/../../../../arm-atollic-eabi/lib/armv7e-m/fpu\libm.a(lib_a-s_matherr.o)
                0x0800c988                matherr
 *(.glue_7)
 .glue_7        0x0800c98c        0x0 linker stubs
 *(.glue_7t)
 .glue_7t       0x0800c98c        0x0 linker stubs
 *(.eh_frame)
 .eh_frame      0x0800c98c        0x0 c:/program files (x86)/atollic/truestudio for stm32 9.2.0/armtools/bin/../lib/gcc/arm-atollic-eabi/6.3.1/armv7e-m/fpu/crtbegin.o
 *(.init)
 .init          0x0800c98c        0x4 c:/program files (x86)/atollic/truestudio for stm32 9.2.0/armtools/bin/../lib/gcc/arm-atollic-eabi/6.3.1/armv7e-m/fpu/crti.o
                0x0800c98c                _init
 .init          0x0800c990        0x8 c:/program files (x86)/atollic/truestudio for stm32 9.2.0/armtools/bin/../lib/gcc/arm-atollic-eabi/6.3.1/armv7e-m/fpu/crtn.o
 *(.fini)
 .fini          0x0800c998        0x4 c:/program files (x86)/atollic/truestudio for stm32 9.2.0/armtools/bin/../lib/gcc/arm-atollic-eabi/6.3.1/armv7e-m/fpu/crti.o
                0x0800c998                _fini
 .fini          0x0800c99c        0x8 c:/program files (x86)/atollic/truestudio for stm32 9.2.0/armtools/bin/../lib/gcc/arm-atollic-eabi/6.3.1/armv7e-m/fpu/crtn.o
                0x0800c9a4                . = ALIGN (0x4)
                0x0800c9a4                _etext = .

.vfp11_veneer   0x0800c9a4        0x0
 .vfp11_veneer  0x0800c9a4        0x0 linker stubs

.v4_bx          0x0800c9a4        0x0
 .v4_bx         0x0800c9a4        0x0 linker stubs

.iplt           0x0800c9a4        0x0
 .iplt          0x0800c9a4        0x0 c:/program files (x86)/atollic/truestudio for stm32 9.2.0/armtools/bin/../lib/gcc/arm-atollic-eabi/6.3.1/armv7e-m/fpu/crtbegin.o

.rodata         0x0800c9a4      0x17c
                0x0800c9a4                . = ALIGN (0x4)
 *(.rodata)
 .rodata        0x0800c9a4       0x44 Middlewares\Third_Party\FatFs\src\ff.o
 .rodata        0x0800c9e8       0x1a Src\main.o
 *(.rodata*)
 *fill*         0x0800ca02        0x2 
 .rodata.flagBitshiftOffset.9075
                0x0800ca04        0x8 Drivers\STM32F4xx_HAL_Driver\Src\stm32f4xx_hal_dma.o
 .rodata.ExCvt  0x0800ca0c       0x80 Middlewares\Third_Party\FatFs\src\ff.o
 .rodata.SD_Driver
                0x0800ca8c       0x14 Src\sd_diskio.o
                0x0800ca8c                SD_Driver
 .rodata.AHBPrescTable
                0x0800caa0       0x10 Src\system_stm32f4xx.o
                0x0800caa0                AHBPrescTable
 .rodata.APBPrescTable
                0x0800cab0        0x8 Src\system_stm32f4xx.o
                0x0800cab0                APBPrescTable
 .rodata.__sf_fake_stderr
                0x0800cab8       0x20 c:/program files (x86)/atollic/truestudio for stm32 9.2.0/armtools/bin/../lib/gcc/arm-atollic-eabi/6.3.1/../../../../arm-atollic-eabi/lib/armv7e-m/fpu\libc_nano.a(lib_a-findfp.o)
                0x0800cab8                __sf_fake_stderr
 .rodata.__sf_fake_stdin
                0x0800cad8       0x20 c:/program files (x86)/atollic/truestudio for stm32 9.2.0/armtools/bin/../lib/gcc/arm-atollic-eabi/6.3.1/../../../../arm-atollic-eabi/lib/armv7e-m/fpu\libc_nano.a(lib_a-findfp.o)
                0x0800cad8                __sf_fake_stdin
 .rodata.__sf_fake_stdout
                0x0800caf8       0x20 c:/program files (x86)/atollic/truestudio for stm32 9.2.0/armtools/bin/../lib/gcc/arm-atollic-eabi/6.3.1/../../../../arm-atollic-eabi/lib/armv7e-m/fpu\libc_nano.a(lib_a-findfp.o)
                0x0800caf8                __sf_fake_stdout
 .rodata.sqrt.str1.1
                0x0800cb18        0x5 c:/program files (x86)/atollic/truestudio for stm32 9.2.0/armtools/bin/../lib/gcc/arm-atollic-eabi/6.3.1/../../../../arm-atollic-eabi/lib/armv7e-m/fpu\libm.a(lib_a-w_sqrt.o)
                0x0800cb20                . = ALIGN (0x4)
 *fill*         0x0800cb1d        0x3 

.ARM.extab
 *(.ARM.extab* .gnu.linkonce.armextab.*)

.ARM            0x0800cb20        0x8
                0x0800cb20                __exidx_start = .
 *(.ARM.exidx*)
 .ARM.exidx     0x0800cb20        0x8 c:/program files (x86)/atollic/truestudio for stm32 9.2.0/armtools/bin/../lib/gcc/arm-atollic-eabi/6.3.1/armv7e-m/fpu\libgcc.a(_udivmoddi4.o)
                0x0800cb28                __exidx_end = .

.rel.dyn        0x0800cb28        0x0
 .rel.iplt      0x0800cb28        0x0 c:/program files (x86)/atollic/truestudio for stm32 9.2.0/armtools/bin/../lib/gcc/arm-atollic-eabi/6.3.1/armv7e-m/fpu/crtbegin.o

.preinit_array  0x0800cb28        0x0
                0x0800cb28                PROVIDE (__preinit_array_start, .)
 *(.preinit_array*)
                0x0800cb28                PROVIDE (__preinit_array_end, .)

.init_array     0x0800cb28        0x4
                0x0800cb28                PROVIDE (__init_array_start, .)
 *(SORT(.init_array.*))
 *(.init_array*)
 .init_array    0x0800cb28        0x4 c:/program files (x86)/atollic/truestudio for stm32 9.2.0/armtools/bin/../lib/gcc/arm-atollic-eabi/6.3.1/armv7e-m/fpu/crtbegin.o
                0x0800cb2c                PROVIDE (__init_array_end, .)

.fini_array     0x0800cb2c        0x4
                [!provide]                PROVIDE (__fini_array_start, .)
 *(SORT(.fini_array.*))
 *(.fini_array*)
 .fini_array    0x0800cb2c        0x4 c:/program files (x86)/atollic/truestudio for stm32 9.2.0/armtools/bin/../lib/gcc/arm-atollic-eabi/6.3.1/armv7e-m/fpu/crtbegin.o
                [!provide]                PROVIDE (__fini_array_end, .)
                0x0800cb30                _sidata = LOADADDR (.data)

.data           0x20000000       0x74 load address 0x0800cb30
                0x20000000                . = ALIGN (0x4)
                0x20000000                _sdata = .
 *(.data)
 *(.data*)
 .data.uwTickPrio
                0x20000000        0x4 Drivers\STM32F4xx_HAL_Driver\Src\stm32f4xx_hal.o
                0x20000000                uwTickPrio
 .data.uwTickFreq
                0x20000004        0x1 Drivers\STM32F4xx_HAL_Driver\Src\stm32f4xx_hal.o
                0x20000004                uwTickFreq
 .data.Stat     0x20000005        0x1 Src\sd_diskio.o
 *fill*         0x20000006        0x2 
 .data.SystemCoreClock
                0x20000008        0x4 Src\system_stm32f4xx.o
                0x20000008                SystemCoreClock
 .data._impure_ptr
                0x2000000c        0x4 c:/program files (x86)/atollic/truestudio for stm32 9.2.0/armtools/bin/../lib/gcc/arm-atollic-eabi/6.3.1/../../../../arm-atollic-eabi/lib/armv7e-m/fpu\libc_nano.a(lib_a-impure.o)
                0x2000000c                _impure_ptr
 .data.impure_data
                0x20000010       0x60 c:/program files (x86)/atollic/truestudio for stm32 9.2.0/armtools/bin/../lib/gcc/arm-atollic-eabi/6.3.1/../../../../arm-atollic-eabi/lib/armv7e-m/fpu\libc_nano.a(lib_a-impure.o)
 .data.__fdlib_version
                0x20000070        0x1 c:/program files (x86)/atollic/truestudio for stm32 9.2.0/armtools/bin/../lib/gcc/arm-atollic-eabi/6.3.1/../../../../arm-atollic-eabi/lib/armv7e-m/fpu\libm.a(lib_a-s_lib_ver.o)
                0x20000070                __fdlib_version
                0x20000074                . = ALIGN (0x4)
 *fill*         0x20000071        0x3 
                0x20000074                _edata = .

.igot.plt       0x20000074        0x0 load address 0x0800cba4
 .igot.plt      0x20000074        0x0 c:/program files (x86)/atollic/truestudio for stm32 9.2.0/armtools/bin/../lib/gcc/arm-atollic-eabi/6.3.1/armv7e-m/fpu/crtbegin.o
                0x20000074                . = ALIGN (0x4)

.bss            0x20000074     0x29d8 load address 0x0800cba4
                0x20000074                _sbss = .
                0x20000074                __bss_start__ = _sbss
 *(.bss)
 .bss           0x20000074       0x1c c:/program files (x86)/atollic/truestudio for stm32 9.2.0/armtools/bin/../lib/gcc/arm-atollic-eabi/6.3.1/armv7e-m/fpu/crtbegin.o
 *(.bss*)
 .bss.FatFs     0x20000090        0x4 Middlewares\Third_Party\FatFs\src\ff.o
 .bss.Fsid      0x20000094        0x2 Middlewares\Third_Party\FatFs\src\ff.o
 *fill*         0x20000096        0x2 
 .bss.Files     0x20000098       0x20 Middlewares\Third_Party\FatFs\src\ff.o
 .bss.disk      0x200000b8        0xc Middlewares\Third_Party\FatFs\src\ff_gen_drv.o
                0x200000b8                disk
 .bss.sTime     0x200000c4       0x14 Src\main.o
                0x200000c4                sTime
 .bss.sDate     0x200000d8        0x4 Src\main.o
                0x200000d8                sDate
 .bss.arm       0x200000dc        0x4 Src\main.o
                0x200000dc                arm
 .bss.launch    0x200000e0        0x4 Src\main.o
                0x200000e0                launch
 .bss.sample    0x200000e4        0x4 Src\main.o
                0x200000e4                sample
 .bss.err_msg   0x200000e8        0x4 Src\main.o
                0x200000e8                err_msg
 .bss.scratch   0x200000ec      0x200 Src\sd_diskio.o
 .bss.WriteStatus
                0x200002ec        0x4 Src\sd_diskio.o
 .bss.ReadStatus
                0x200002f0        0x4 Src\sd_diskio.o
 *(COMMON)
 COMMON         0x200002f4        0x4 Drivers\STM32F4xx_HAL_Driver\Src\stm32f4xx_hal.o
                0x200002f4                uwTick
 COMMON         0x200002f8     0x206c Src\fatfs.o
                0x200002f8                retSD
                0x200002fc                SDPath
                0x20000300                SDFile
                0x20001330                SDFatFS
 COMMON         0x20002364      0x6e8 Src\main.o
                0x20002364                hdma_sdio_rx
                0x200023c4                hdma_usart6_rx
                0x20002424                hspi2
                0x2000247c                Bmp3
                0x20002494                hadc2
                0x200024dc                hi2c1
                0x20002530                hdma_spi2_rx
                0x20002590                htim3
                0x200025d0                hspi3
                0x20002628                hdma_spi3_tx
                0x20002688                hdma_usart6_tx
                0x200026e8                hadc1
                0x20002730                hdma_adc1
                0x20002790                hrtc
                0x200027b0                hdma_sdio_tx
                0x20002810                hsd
                0x20002894                huart6
                0x200028d4                htim2
                0x20002914                Bmp2
                0x2000292c                hdma_adc2
                0x2000298c                hdma_spi2_tx
                0x200029ec                hdma_spi3_rx
                0x20002a4c                . = ALIGN (0x4)
                0x20002a4c                _ebss = .
                0x20002a4c                __bss_end__ = _ebss

._user_heap_stack
                0x20002a4c     0x6000 load address 0x0800cba4
                0x20002a4c                . = ALIGN (0x4)
                0x20002a4c                PROVIDE (end, .)
                [!provide]                PROVIDE (_end, .)
                0x20004a4c                . = (. + _Min_Heap_Size)
 *fill*         0x20002a4c     0x2000 
                0x20008a4c                . = (. + _Min_Stack_Size)
 *fill*         0x20004a4c     0x4000 
                0x20008a4c                . = ALIGN (0x4)

/DISCARD/
 libc.a(*)
 libm.a(*)
 libgcc.a(*)

.ARM.attributes
                0x00000000       0x30
 *(.ARM.attributes)
 .ARM.attributes
                0x00000000       0x22 c:/program files (x86)/atollic/truestudio for stm32 9.2.0/armtools/bin/../lib/gcc/arm-atollic-eabi/6.3.1/armv7e-m/fpu/crti.o
 .ARM.attributes
                0x00000022       0x34 c:/program files (x86)/atollic/truestudio for stm32 9.2.0/armtools/bin/../lib/gcc/arm-atollic-eabi/6.3.1/armv7e-m/fpu/crtbegin.o
 .ARM.attributes
                0x00000056       0x39 Drivers\STM32F4xx_HAL_Driver\Src\stm32f4xx_hal.o
 .ARM.attributes
                0x0000008f       0x39 Drivers\STM32F4xx_HAL_Driver\Src\stm32f4xx_hal_adc.o
 .ARM.attributes
                0x000000c8       0x39 Drivers\STM32F4xx_HAL_Driver\Src\stm32f4xx_hal_cortex.o
 .ARM.attributes
                0x00000101       0x39 Drivers\STM32F4xx_HAL_Driver\Src\stm32f4xx_hal_dma.o
 .ARM.attributes
                0x0000013a       0x39 Drivers\STM32F4xx_HAL_Driver\Src\stm32f4xx_hal_gpio.o
 .ARM.attributes
                0x00000173       0x39 Drivers\STM32F4xx_HAL_Driver\Src\stm32f4xx_hal_i2c.o
 .ARM.attributes
                0x000001ac       0x39 Drivers\STM32F4xx_HAL_Driver\Src\stm32f4xx_hal_rcc.o
 .ARM.attributes
                0x000001e5       0x39 Drivers\STM32F4xx_HAL_Driver\Src\stm32f4xx_hal_rcc_ex.o
 .ARM.attributes
                0x0000021e       0x39 Drivers\STM32F4xx_HAL_Driver\Src\stm32f4xx_hal_rtc.o
 .ARM.attributes
                0x00000257       0x39 Drivers\STM32F4xx_HAL_Driver\Src\stm32f4xx_hal_sd.o
 .ARM.attributes
                0x00000290       0x39 Drivers\STM32F4xx_HAL_Driver\Src\stm32f4xx_hal_spi.o
 .ARM.attributes
                0x000002c9       0x39 Drivers\STM32F4xx_HAL_Driver\Src\stm32f4xx_hal_tim.o
 .ARM.attributes
                0x00000302       0x39 Drivers\STM32F4xx_HAL_Driver\Src\stm32f4xx_hal_tim_ex.o
 .ARM.attributes
                0x0000033b       0x39 Drivers\STM32F4xx_HAL_Driver\Src\stm32f4xx_hal_uart.o
 .ARM.attributes
                0x00000374       0x39 Drivers\STM32F4xx_HAL_Driver\Src\stm32f4xx_ll_sdmmc.o
 .ARM.attributes
                0x000003ad       0x39 Middlewares\Third_Party\FatFs\src\diskio.o
 .ARM.attributes
                0x000003e6       0x39 Middlewares\Third_Party\FatFs\src\ff.o
 .ARM.attributes
                0x0000041f       0x39 Middlewares\Third_Party\FatFs\src\ff_gen_drv.o
 .ARM.attributes
                0x00000458       0x39 Src\BMP.o
 .ARM.attributes
                0x00000491       0x39 Src\IMU.o
 .ARM.attributes
                0x000004ca       0x39 Src\MAG.o
 .ARM.attributes
                0x00000503       0x39 Src\PITOT.o
 .ARM.attributes
                0x0000053c       0x39 Src\bsp_driver_sd.o
 .ARM.attributes
                0x00000575       0x39 Src\fatfs.o
 .ARM.attributes
                0x000005ae       0x39 Src\main.o
 .ARM.attributes
                0x000005e7       0x39 Src\readWrite.o
 .ARM.attributes
                0x00000620       0x39 Src\sd_diskio.o
 .ARM.attributes
                0x00000659       0x39 Src\stm32f4xx_hal_msp.o
 .ARM.attributes
                0x00000692       0x39 Src\stm32f4xx_it.o
 .ARM.attributes
                0x000006cb       0x39 Src\system_stm32f4xx.o
 .ARM.attributes
                0x00000704       0x21 startup\startup_stm32f446xx.o
 .ARM.attributes
                0x00000725       0x34 c:/program files (x86)/atollic/truestudio for stm32 9.2.0/armtools/bin/../lib/gcc/arm-atollic-eabi/6.3.1/../../../../arm-atollic-eabi/lib/armv7e-m/fpu\libc_nano.a(lib_a-errno.o)
 .ARM.attributes
                0x00000759       0x34 c:/program files (x86)/atollic/truestudio for stm32 9.2.0/armtools/bin/../lib/gcc/arm-atollic-eabi/6.3.1/../../../../arm-atollic-eabi/lib/armv7e-m/fpu\libc_nano.a(lib_a-impure.o)
 .ARM.attributes
                0x0000078d       0x34 c:/program files (x86)/atollic/truestudio for stm32 9.2.0/armtools/bin/../lib/gcc/arm-atollic-eabi/6.3.1/../../../../arm-atollic-eabi/lib/armv7e-m/fpu\libc_nano.a(lib_a-init.o)
 .ARM.attributes
                0x000007c1       0x34 c:/program files (x86)/atollic/truestudio for stm32 9.2.0/armtools/bin/../lib/gcc/arm-atollic-eabi/6.3.1/../../../../arm-atollic-eabi/lib/armv7e-m/fpu\libc_nano.a(lib_a-memcpy-stub.o)
 .ARM.attributes
                0x000007f5       0x34 c:/program files (x86)/atollic/truestudio for stm32 9.2.0/armtools/bin/../lib/gcc/arm-atollic-eabi/6.3.1/../../../../arm-atollic-eabi/lib/armv7e-m/fpu\libc_nano.a(lib_a-memset.o)
 .ARM.attributes
                0x00000829       0x34 c:/program files (x86)/atollic/truestudio for stm32 9.2.0/armtools/bin/../lib/gcc/arm-atollic-eabi/6.3.1/../../../../arm-atollic-eabi/lib/armv7e-m/fpu\libc_nano.a(lib_a-findfp.o)
 .ARM.attributes
                0x0000085d       0x34 c:/program files (x86)/atollic/truestudio for stm32 9.2.0/armtools/bin/../lib/gcc/arm-atollic-eabi/6.3.1/../../../../arm-atollic-eabi/lib/armv7e-m/fpu\libm.a(lib_a-w_sqrt.o)
 .ARM.attributes
                0x00000891       0x34 c:/program files (x86)/atollic/truestudio for stm32 9.2.0/armtools/bin/../lib/gcc/arm-atollic-eabi/6.3.1/../../../../arm-atollic-eabi/lib/armv7e-m/fpu\libm.a(lib_a-e_sqrt.o)
 .ARM.attributes
                0x000008c5       0x34 c:/program files (x86)/atollic/truestudio for stm32 9.2.0/armtools/bin/../lib/gcc/arm-atollic-eabi/6.3.1/../../../../arm-atollic-eabi/lib/armv7e-m/fpu\libm.a(lib_a-s_lib_ver.o)
 .ARM.attributes
                0x000008f9       0x34 c:/program files (x86)/atollic/truestudio for stm32 9.2.0/armtools/bin/../lib/gcc/arm-atollic-eabi/6.3.1/../../../../arm-atollic-eabi/lib/armv7e-m/fpu\libm.a(lib_a-s_matherr.o)
 .ARM.attributes
                0x0000092d       0x22 c:/program files (x86)/atollic/truestudio for stm32 9.2.0/armtools/bin/../lib/gcc/arm-atollic-eabi/6.3.1/armv7e-m/fpu\libgcc.a(_arm_addsubdf3.o)
 .ARM.attributes
                0x0000094f       0x22 c:/program files (x86)/atollic/truestudio for stm32 9.2.0/armtools/bin/../lib/gcc/arm-atollic-eabi/6.3.1/armv7e-m/fpu\libgcc.a(_arm_muldivdf3.o)
 .ARM.attributes
                0x00000971       0x22 c:/program files (x86)/atollic/truestudio for stm32 9.2.0/armtools/bin/../lib/gcc/arm-atollic-eabi/6.3.1/armv7e-m/fpu\libgcc.a(_arm_cmpdf2.o)
 .ARM.attributes
                0x00000993       0x22 c:/program files (x86)/atollic/truestudio for stm32 9.2.0/armtools/bin/../lib/gcc/arm-atollic-eabi/6.3.1/armv7e-m/fpu\libgcc.a(_arm_unorddf2.o)
 .ARM.attributes
                0x000009b5       0x22 c:/program files (x86)/atollic/truestudio for stm32 9.2.0/armtools/bin/../lib/gcc/arm-atollic-eabi/6.3.1/armv7e-m/fpu\libgcc.a(_arm_truncdfsf2.o)
 .ARM.attributes
                0x000009d7       0x22 c:/program files (x86)/atollic/truestudio for stm32 9.2.0/armtools/bin/../lib/gcc/arm-atollic-eabi/6.3.1/armv7e-m/fpu\libgcc.a(_aeabi_ldivmod.o)
 .ARM.attributes
                0x000009f9       0x22 c:/program files (x86)/atollic/truestudio for stm32 9.2.0/armtools/bin/../lib/gcc/arm-atollic-eabi/6.3.1/armv7e-m/fpu\libgcc.a(_aeabi_uldivmod.o)
 .ARM.attributes
                0x00000a1b       0x34 c:/program files (x86)/atollic/truestudio for stm32 9.2.0/armtools/bin/../lib/gcc/arm-atollic-eabi/6.3.1/armv7e-m/fpu\libgcc.a(_udivmoddi4.o)
 .ARM.attributes
                0x00000a4f       0x22 c:/program files (x86)/atollic/truestudio for stm32 9.2.0/armtools/bin/../lib/gcc/arm-atollic-eabi/6.3.1/armv7e-m/fpu\libgcc.a(_dvmd_tls.o)
 .ARM.attributes
                0x00000a71       0x22 c:/program files (x86)/atollic/truestudio for stm32 9.2.0/armtools/bin/../lib/gcc/arm-atollic-eabi/6.3.1/armv7e-m/fpu/crtn.o
OUTPUT(Sigmundr_integration_V0.elf elf32-littlearm)

.debug_info     0x00000000    0x24063
 .debug_info    0x00000000      0x972 Drivers\STM32F4xx_HAL_Driver\Src\stm32f4xx_hal.o
 .debug_info    0x00000972      0xc9a Drivers\STM32F4xx_HAL_Driver\Src\stm32f4xx_hal_adc.o
 .debug_info    0x0000160c      0xdf5 Drivers\STM32F4xx_HAL_Driver\Src\stm32f4xx_hal_cortex.o
 .debug_info    0x00002401      0x913 Drivers\STM32F4xx_HAL_Driver\Src\stm32f4xx_hal_dma.o
 .debug_info    0x00002d14      0x7b1 Drivers\STM32F4xx_HAL_Driver\Src\stm32f4xx_hal_gpio.o
 .debug_info    0x000034c5     0x2329 Drivers\STM32F4xx_HAL_Driver\Src\stm32f4xx_hal_i2c.o
 .debug_info    0x000057ee      0x8e4 Drivers\STM32F4xx_HAL_Driver\Src\stm32f4xx_hal_rcc.o
 .debug_info    0x000060d2      0x983 Drivers\STM32F4xx_HAL_Driver\Src\stm32f4xx_hal_rcc_ex.o
 .debug_info    0x00006a55      0xb68 Drivers\STM32F4xx_HAL_Driver\Src\stm32f4xx_hal_rtc.o
 .debug_info    0x000075bd     0x178c Drivers\STM32F4xx_HAL_Driver\Src\stm32f4xx_hal_sd.o
 .debug_info    0x00008d49     0x15e6 Drivers\STM32F4xx_HAL_Driver\Src\stm32f4xx_hal_spi.o
 .debug_info    0x0000a32f     0x2452 Drivers\STM32F4xx_HAL_Driver\Src\stm32f4xx_hal_tim.o
 .debug_info    0x0000c781     0x1102 Drivers\STM32F4xx_HAL_Driver\Src\stm32f4xx_hal_tim_ex.o
 .debug_info    0x0000d883     0x11d3 Drivers\STM32F4xx_HAL_Driver\Src\stm32f4xx_hal_uart.o
 .debug_info    0x0000ea56     0x106c Drivers\STM32F4xx_HAL_Driver\Src\stm32f4xx_ll_sdmmc.o
 .debug_info    0x0000fac2     0x1189 Middlewares\Third_Party\FatFs\src\diskio.o
 .debug_info    0x00010c4b     0x2f0f Middlewares\Third_Party\FatFs\src\ff.o
 .debug_info    0x00013b5a     0x1121 Middlewares\Third_Party\FatFs\src\ff_gen_drv.o
 .debug_info    0x00014c7b     0x12c7 Src\BMP.o
 .debug_info    0x00015f42     0x1196 Src\IMU.o
 .debug_info    0x000170d8      0xfa6 Src\MAG.o
 .debug_info    0x0001807e      0x70e Src\PITOT.o
 .debug_info    0x0001878c      0xa7c Src\bsp_driver_sd.o
 .debug_info    0x00019208     0x123f Src\fatfs.o
 .debug_info    0x0001a447     0x3617 Src\main.o
 .debug_info    0x0001da5e     0x1046 Src\readWrite.o
 .debug_info    0x0001eaa4     0x12cd Src\sd_diskio.o
 .debug_info    0x0001fd71     0x27bf Src\stm32f4xx_hal_msp.o
 .debug_info    0x00022530     0x1559 Src\stm32f4xx_it.o
 .debug_info    0x00023a89      0x539 Src\system_stm32f4xx.o
 .debug_info    0x00023fc2       0xa1 startup\startup_stm32f446xx.o

.debug_abbrev   0x00000000     0x4017
 .debug_abbrev  0x00000000      0x1c6 Drivers\STM32F4xx_HAL_Driver\Src\stm32f4xx_hal.o
 .debug_abbrev  0x000001c6      0x200 Drivers\STM32F4xx_HAL_Driver\Src\stm32f4xx_hal_adc.o
 .debug_abbrev  0x000003c6      0x2f5 Drivers\STM32F4xx_HAL_Driver\Src\stm32f4xx_hal_cortex.o
 .debug_abbrev  0x000006bb      0x224 Drivers\STM32F4xx_HAL_Driver\Src\stm32f4xx_hal_dma.o
 .debug_abbrev  0x000008df      0x1c4 Drivers\STM32F4xx_HAL_Driver\Src\stm32f4xx_hal_gpio.o
 .debug_abbrev  0x00000aa3      0x24f Drivers\STM32F4xx_HAL_Driver\Src\stm32f4xx_hal_i2c.o
 .debug_abbrev  0x00000cf2      0x240 Drivers\STM32F4xx_HAL_Driver\Src\stm32f4xx_hal_rcc.o
 .debug_abbrev  0x00000f32      0x1b7 Drivers\STM32F4xx_HAL_Driver\Src\stm32f4xx_hal_rcc_ex.o
 .debug_abbrev  0x000010e9      0x1b9 Drivers\STM32F4xx_HAL_Driver\Src\stm32f4xx_hal_rtc.o
 .debug_abbrev  0x000012a2      0x238 Drivers\STM32F4xx_HAL_Driver\Src\stm32f4xx_hal_sd.o
 .debug_abbrev  0x000014da      0x23b Drivers\STM32F4xx_HAL_Driver\Src\stm32f4xx_hal_spi.o
 .debug_abbrev  0x00001715      0x229 Drivers\STM32F4xx_HAL_Driver\Src\stm32f4xx_hal_tim.o
 .debug_abbrev  0x0000193e      0x217 Drivers\STM32F4xx_HAL_Driver\Src\stm32f4xx_hal_tim_ex.o
 .debug_abbrev  0x00001b55      0x23d Drivers\STM32F4xx_HAL_Driver\Src\stm32f4xx_hal_uart.o
 .debug_abbrev  0x00001d92      0x1c8 Drivers\STM32F4xx_HAL_Driver\Src\stm32f4xx_ll_sdmmc.o
 .debug_abbrev  0x00001f5a      0x231 Middlewares\Third_Party\FatFs\src\diskio.o
 .debug_abbrev  0x0000218b      0x2c0 Middlewares\Third_Party\FatFs\src\ff.o
 .debug_abbrev  0x0000244b      0x25e Middlewares\Third_Party\FatFs\src\ff_gen_drv.o
 .debug_abbrev  0x000026a9      0x210 Src\BMP.o
 .debug_abbrev  0x000028b9      0x214 Src\IMU.o
 .debug_abbrev  0x00002acd      0x1d7 Src\MAG.o
 .debug_abbrev  0x00002ca4      0x16e Src\PITOT.o
 .debug_abbrev  0x00002e12      0x272 Src\bsp_driver_sd.o
 .debug_abbrev  0x00003084      0x207 Src\fatfs.o
 .debug_abbrev  0x0000328b      0x35f Src\main.o
 .debug_abbrev  0x000035ea      0x1e6 Src\readWrite.o
 .debug_abbrev  0x000037d0      0x2be Src\sd_diskio.o
 .debug_abbrev  0x00003a8e      0x273 Src\stm32f4xx_hal_msp.o
 .debug_abbrev  0x00003d01      0x1f6 Src\stm32f4xx_it.o
 .debug_abbrev  0x00003ef7      0x10e Src\system_stm32f4xx.o
 .debug_abbrev  0x00004005       0x12 startup\startup_stm32f446xx.o

.debug_aranges  0x00000000     0x1ad8
 .debug_aranges
                0x00000000       0xf0 Drivers\STM32F4xx_HAL_Driver\Src\stm32f4xx_hal.o
 .debug_aranges
                0x000000f0       0xe8 Drivers\STM32F4xx_HAL_Driver\Src\stm32f4xx_hal_adc.o
 .debug_aranges
                0x000001d8      0x118 Drivers\STM32F4xx_HAL_Driver\Src\stm32f4xx_hal_cortex.o
 .debug_aranges
                0x000002f0       0x90 Drivers\STM32F4xx_HAL_Driver\Src\stm32f4xx_hal_dma.o
 .debug_aranges
                0x00000380       0x58 Drivers\STM32F4xx_HAL_Driver\Src\stm32f4xx_hal_gpio.o
 .debug_aranges
                0x000003d8      0x290 Drivers\STM32F4xx_HAL_Driver\Src\stm32f4xx_hal_i2c.o
 .debug_aranges
                0x00000668       0x88 Drivers\STM32F4xx_HAL_Driver\Src\stm32f4xx_hal_rcc.o
 .debug_aranges
                0x000006f0       0x78 Drivers\STM32F4xx_HAL_Driver\Src\stm32f4xx_hal_rcc_ex.o
 .debug_aranges
                0x00000768       0xb8 Drivers\STM32F4xx_HAL_Driver\Src\stm32f4xx_hal_rtc.o
 .debug_aranges
                0x00000820      0x168 Drivers\STM32F4xx_HAL_Driver\Src\stm32f4xx_hal_sd.o
 .debug_aranges
                0x00000988      0x1d0 Drivers\STM32F4xx_HAL_Driver\Src\stm32f4xx_hal_spi.o
 .debug_aranges
                0x00000b58      0x3a8 Drivers\STM32F4xx_HAL_Driver\Src\stm32f4xx_hal_tim.o
 .debug_aranges
                0x00000f00      0x150 Drivers\STM32F4xx_HAL_Driver\Src\stm32f4xx_hal_tim_ex.o
 .debug_aranges
                0x00001050      0x1d0 Drivers\STM32F4xx_HAL_Driver\Src\stm32f4xx_hal_uart.o
 .debug_aranges
                0x00001220      0x178 Drivers\STM32F4xx_HAL_Driver\Src\stm32f4xx_ll_sdmmc.o
 .debug_aranges
                0x00001398       0x48 Middlewares\Third_Party\FatFs\src\diskio.o
 .debug_aranges
                0x000013e0      0x208 Middlewares\Third_Party\FatFs\src\ff.o
 .debug_aranges
                0x000015e8       0x40 Middlewares\Third_Party\FatFs\src\ff_gen_drv.o
 .debug_aranges
                0x00001628       0x50 Src\BMP.o
 .debug_aranges
                0x00001678       0x40 Src\IMU.o
 .debug_aranges
                0x000016b8       0x30 Src\MAG.o
 .debug_aranges
                0x000016e8       0x28 Src\PITOT.o
 .debug_aranges
                0x00001710       0xc0 Src\bsp_driver_sd.o
 .debug_aranges
                0x000017d0       0x28 Src\fatfs.o
 .debug_aranges
                0x000017f8       0xd8 Src\main.o
 .debug_aranges
                0x000018d0       0x30 Src\readWrite.o
 .debug_aranges
                0x00001900       0x60 Src\sd_diskio.o
 .debug_aranges
                0x00001960       0x90 Src\stm32f4xx_hal_msp.o
 .debug_aranges
                0x000019f0       0x98 Src\stm32f4xx_it.o
 .debug_aranges
                0x00001a88       0x28 Src\system_stm32f4xx.o
 .debug_aranges
                0x00001ab0       0x28 startup\startup_stm32f446xx.o

.debug_ranges   0x00000000     0x1910
 .debug_ranges  0x00000000       0xe0 Drivers\STM32F4xx_HAL_Driver\Src\stm32f4xx_hal.o
 .debug_ranges  0x000000e0       0xd8 Drivers\STM32F4xx_HAL_Driver\Src\stm32f4xx_hal_adc.o
 .debug_ranges  0x000001b8      0x108 Drivers\STM32F4xx_HAL_Driver\Src\stm32f4xx_hal_cortex.o
 .debug_ranges  0x000002c0       0x80 Drivers\STM32F4xx_HAL_Driver\Src\stm32f4xx_hal_dma.o
 .debug_ranges  0x00000340       0x48 Drivers\STM32F4xx_HAL_Driver\Src\stm32f4xx_hal_gpio.o
 .debug_ranges  0x00000388      0x2a0 Drivers\STM32F4xx_HAL_Driver\Src\stm32f4xx_hal_i2c.o
 .debug_ranges  0x00000628       0x78 Drivers\STM32F4xx_HAL_Driver\Src\stm32f4xx_hal_rcc.o
 .debug_ranges  0x000006a0       0x68 Drivers\STM32F4xx_HAL_Driver\Src\stm32f4xx_hal_rcc_ex.o
 .debug_ranges  0x00000708       0xa8 Drivers\STM32F4xx_HAL_Driver\Src\stm32f4xx_hal_rtc.o
 .debug_ranges  0x000007b0      0x158 Drivers\STM32F4xx_HAL_Driver\Src\stm32f4xx_hal_sd.o
 .debug_ranges  0x00000908      0x1c0 Drivers\STM32F4xx_HAL_Driver\Src\stm32f4xx_hal_spi.o
 .debug_ranges  0x00000ac8      0x398 Drivers\STM32F4xx_HAL_Driver\Src\stm32f4xx_hal_tim.o
 .debug_ranges  0x00000e60      0x140 Drivers\STM32F4xx_HAL_Driver\Src\stm32f4xx_hal_tim_ex.o
 .debug_ranges  0x00000fa0      0x1c0 Drivers\STM32F4xx_HAL_Driver\Src\stm32f4xx_hal_uart.o
 .debug_ranges  0x00001160      0x168 Drivers\STM32F4xx_HAL_Driver\Src\stm32f4xx_ll_sdmmc.o
 .debug_ranges  0x000012c8       0x38 Middlewares\Third_Party\FatFs\src\diskio.o
 .debug_ranges  0x00001300      0x1f8 Middlewares\Third_Party\FatFs\src\ff.o
 .debug_ranges  0x000014f8       0x30 Middlewares\Third_Party\FatFs\src\ff_gen_drv.o
 .debug_ranges  0x00001528       0x40 Src\BMP.o
 .debug_ranges  0x00001568       0x30 Src\IMU.o
 .debug_ranges  0x00001598       0x20 Src\MAG.o
 .debug_ranges  0x000015b8       0x18 Src\PITOT.o
 .debug_ranges  0x000015d0       0xb0 Src\bsp_driver_sd.o
 .debug_ranges  0x00001680       0x18 Src\fatfs.o
 .debug_ranges  0x00001698       0xc8 Src\main.o
 .debug_ranges  0x00001760       0x20 Src\readWrite.o
 .debug_ranges  0x00001780       0x50 Src\sd_diskio.o
 .debug_ranges  0x000017d0       0x80 Src\stm32f4xx_hal_msp.o
 .debug_ranges  0x00001850       0x88 Src\stm32f4xx_it.o
 .debug_ranges  0x000018d8       0x18 Src\system_stm32f4xx.o
 .debug_ranges  0x000018f0       0x20 startup\startup_stm32f446xx.o

.debug_line     0x00000000     0xd3ad
 .debug_line    0x00000000      0x41c Drivers\STM32F4xx_HAL_Driver\Src\stm32f4xx_hal.o
 .debug_line    0x0000041c      0x6a1 Drivers\STM32F4xx_HAL_Driver\Src\stm32f4xx_hal_adc.o
 .debug_line    0x00000abd      0x540 Drivers\STM32F4xx_HAL_Driver\Src\stm32f4xx_hal_cortex.o
 .debug_line    0x00000ffd      0x4f2 Drivers\STM32F4xx_HAL_Driver\Src\stm32f4xx_hal_dma.o
 .debug_line    0x000014ef      0x3ef Drivers\STM32F4xx_HAL_Driver\Src\stm32f4xx_hal_gpio.o
 .debug_line    0x000018de     0x161a Drivers\STM32F4xx_HAL_Driver\Src\stm32f4xx_hal_i2c.o
 .debug_line    0x00002ef8      0x499 Drivers\STM32F4xx_HAL_Driver\Src\stm32f4xx_hal_rcc.o
 .debug_line    0x00003391      0x633 Drivers\STM32F4xx_HAL_Driver\Src\stm32f4xx_hal_rcc_ex.o
 .debug_line    0x000039c4      0x5b3 Drivers\STM32F4xx_HAL_Driver\Src\stm32f4xx_hal_rtc.o
 .debug_line    0x00003f77      0xa61 Drivers\STM32F4xx_HAL_Driver\Src\stm32f4xx_hal_sd.o
 .debug_line    0x000049d8      0xbe5 Drivers\STM32F4xx_HAL_Driver\Src\stm32f4xx_hal_spi.o
 .debug_line    0x000055bd     0x149b Drivers\STM32F4xx_HAL_Driver\Src\stm32f4xx_hal_tim.o
 .debug_line    0x00006a58      0x858 Drivers\STM32F4xx_HAL_Driver\Src\stm32f4xx_hal_tim_ex.o
 .debug_line    0x000072b0      0xb32 Drivers\STM32F4xx_HAL_Driver\Src\stm32f4xx_hal_uart.o
 .debug_line    0x00007de2      0x698 Drivers\STM32F4xx_HAL_Driver\Src\stm32f4xx_ll_sdmmc.o
 .debug_line    0x0000847a      0x3c4 Middlewares\Third_Party\FatFs\src\diskio.o
 .debug_line    0x0000883e     0x1773 Middlewares\Third_Party\FatFs\src\ff.o
 .debug_line    0x00009fb1      0x3c2 Middlewares\Third_Party\FatFs\src\ff_gen_drv.o
 .debug_line    0x0000a373      0x3a6 Src\BMP.o
 .debug_line    0x0000a719      0x42e Src\IMU.o
 .debug_line    0x0000ab47      0x2ea Src\MAG.o
 .debug_line    0x0000ae31      0x22f Src\PITOT.o
 .debug_line    0x0000b060      0x3a2 Src\bsp_driver_sd.o
 .debug_line    0x0000b402      0x39a Src\fatfs.o
 .debug_line    0x0000b79c      0x838 Src\main.o
 .debug_line    0x0000bfd4      0x2fa Src\readWrite.o
 .debug_line    0x0000c2ce      0x4f0 Src\sd_diskio.o
 .debug_line    0x0000c7be      0x598 Src\stm32f4xx_hal_msp.o
 .debug_line    0x0000cd56      0x3ff Src\stm32f4xx_it.o
 .debug_line    0x0000d155      0x1d9 Src\system_stm32f4xx.o
 .debug_line    0x0000d32e       0x7f startup\startup_stm32f446xx.o

.debug_str      0x00000000     0x776b
 .debug_str     0x00000000      0xb77 Drivers\STM32F4xx_HAL_Driver\Src\stm32f4xx_hal.o
                                0xbff (size before relaxing)
 .debug_str     0x00000b77      0x6e0 Drivers\STM32F4xx_HAL_Driver\Src\stm32f4xx_hal_adc.o
                                0x983 (size before relaxing)
 .debug_str     0x00001257      0x4e6 Drivers\STM32F4xx_HAL_Driver\Src\stm32f4xx_hal_cortex.o
                                0xcea (size before relaxing)
 .debug_str     0x0000173d      0x30e Drivers\STM32F4xx_HAL_Driver\Src\stm32f4xx_hal_dma.o
                                0x7e9 (size before relaxing)
 .debug_str     0x00001a4b      0x1c6 Drivers\STM32F4xx_HAL_Driver\Src\stm32f4xx_hal_gpio.o
                                0x593 (size before relaxing)
 .debug_str     0x00001c11      0xace Drivers\STM32F4xx_HAL_Driver\Src\stm32f4xx_hal_i2c.o
                               0x101c (size before relaxing)
 .debug_str     0x000026df      0x2e3 Drivers\STM32F4xx_HAL_Driver\Src\stm32f4xx_hal_rcc.o
                                0x745 (size before relaxing)
 .debug_str     0x000029c2      0x347 Drivers\STM32F4xx_HAL_Driver\Src\stm32f4xx_hal_rcc_ex.o
                                0x855 (size before relaxing)
 .debug_str     0x00002d09      0x48a Drivers\STM32F4xx_HAL_Driver\Src\stm32f4xx_hal_rtc.o
                                0x799 (size before relaxing)
 .debug_str     0x00003193      0x9f5 Drivers\STM32F4xx_HAL_Driver\Src\stm32f4xx_hal_sd.o
                                0xf77 (size before relaxing)
 .debug_str     0x00003b88      0x6a9 Drivers\STM32F4xx_HAL_Driver\Src\stm32f4xx_hal_spi.o
                                0xc1c (size before relaxing)
 .debug_str     0x00004231      0xfa8 Drivers\STM32F4xx_HAL_Driver\Src\stm32f4xx_hal_tim.o
                               0x14f9 (size before relaxing)
 .debug_str     0x000051d9      0x579 Drivers\STM32F4xx_HAL_Driver\Src\stm32f4xx_hal_tim_ex.o
                                0xcf8 (size before relaxing)
 .debug_str     0x00005752      0x677 Drivers\STM32F4xx_HAL_Driver\Src\stm32f4xx_hal_uart.o
                                0xc20 (size before relaxing)
 .debug_str     0x00005dc9      0x435 Drivers\STM32F4xx_HAL_Driver\Src\stm32f4xx_ll_sdmmc.o
                                0x856 (size before relaxing)
 .debug_str     0x000061fe      0x4f3 Middlewares\Third_Party\FatFs\src\diskio.o
                                0xbb1 (size before relaxing)
 .debug_str     0x000066f1      0x5be Middlewares\Third_Party\FatFs\src\ff.o
                               0x10f7 (size before relaxing)
 .debug_str     0x00006caf       0xa2 Middlewares\Third_Party\FatFs\src\ff_gen_drv.o
                                0xc02 (size before relaxing)
 .debug_str     0x00006d51       0xe4 Src\BMP.o
                                0xbe8 (size before relaxing)
 .debug_str     0x00006e35       0xae Src\IMU.o
                                0xbdc (size before relaxing)
 .debug_str     0x00006ee3       0x3a Src\MAG.o
                                0xb38 (size before relaxing)
 .debug_str     0x00006f1d       0x7c Src\PITOT.o
                                0x7b5 (size before relaxing)
 .debug_str     0x00006f99      0x1b5 Src\bsp_driver_sd.o
                                0x9d9 (size before relaxing)
 .debug_str     0x0000714e       0x43 Src\fatfs.o
                                0xc6c (size before relaxing)
 .debug_str     0x00007191      0x33b Src\main.o
                               0x281c (size before relaxing)
 .debug_str     0x000074cc       0x38 Src\readWrite.o
                                0xb4e (size before relaxing)
 .debug_str     0x00007504       0x98 Src\sd_diskio.o
                                0xc9b (size before relaxing)
 .debug_str     0x0000759c       0x25 Src\stm32f4xx_hal_msp.o
                               0x1e75 (size before relaxing)
 .debug_str     0x000075c1      0x165 Src\stm32f4xx_it.o
                               0x141a (size before relaxing)
 .debug_str     0x00007726       0x45 Src\system_stm32f4xx.o
                                0x3f8 (size before relaxing)

.comment        0x00000000       0x7c
 .comment       0x00000000       0x7c Drivers\STM32F4xx_HAL_Driver\Src\stm32f4xx_hal.o
                                 0x7d (size before relaxing)
 .comment       0x0000007c       0x7d Drivers\STM32F4xx_HAL_Driver\Src\stm32f4xx_hal_adc.o
 .comment       0x0000007c       0x7d Drivers\STM32F4xx_HAL_Driver\Src\stm32f4xx_hal_cortex.o
 .comment       0x0000007c       0x7d Drivers\STM32F4xx_HAL_Driver\Src\stm32f4xx_hal_dma.o
 .comment       0x0000007c       0x7d Drivers\STM32F4xx_HAL_Driver\Src\stm32f4xx_hal_gpio.o
 .comment       0x0000007c       0x7d Drivers\STM32F4xx_HAL_Driver\Src\stm32f4xx_hal_i2c.o
 .comment       0x0000007c       0x7d Drivers\STM32F4xx_HAL_Driver\Src\stm32f4xx_hal_rcc.o
 .comment       0x0000007c       0x7d Drivers\STM32F4xx_HAL_Driver\Src\stm32f4xx_hal_rcc_ex.o
 .comment       0x0000007c       0x7d Drivers\STM32F4xx_HAL_Driver\Src\stm32f4xx_hal_rtc.o
 .comment       0x0000007c       0x7d Drivers\STM32F4xx_HAL_Driver\Src\stm32f4xx_hal_sd.o
 .comment       0x0000007c       0x7d Drivers\STM32F4xx_HAL_Driver\Src\stm32f4xx_hal_spi.o
 .comment       0x0000007c       0x7d Drivers\STM32F4xx_HAL_Driver\Src\stm32f4xx_hal_tim.o
 .comment       0x0000007c       0x7d Drivers\STM32F4xx_HAL_Driver\Src\stm32f4xx_hal_tim_ex.o
 .comment       0x0000007c       0x7d Drivers\STM32F4xx_HAL_Driver\Src\stm32f4xx_hal_uart.o
 .comment       0x0000007c       0x7d Drivers\STM32F4xx_HAL_Driver\Src\stm32f4xx_ll_sdmmc.o
 .comment       0x0000007c       0x7d Middlewares\Third_Party\FatFs\src\diskio.o
 .comment       0x0000007c       0x7d Middlewares\Third_Party\FatFs\src\ff.o
 .comment       0x0000007c       0x7d Middlewares\Third_Party\FatFs\src\ff_gen_drv.o
 .comment       0x0000007c       0x7d Src\BMP.o
 .comment       0x0000007c       0x7d Src\IMU.o
 .comment       0x0000007c       0x7d Src\MAG.o
 .comment       0x0000007c       0x7d Src\PITOT.o
 .comment       0x0000007c       0x7d Src\bsp_driver_sd.o
 .comment       0x0000007c       0x7d Src\fatfs.o
 .comment       0x0000007c       0x7d Src\main.o
 .comment       0x0000007c       0x7d Src\readWrite.o
 .comment       0x0000007c       0x7d Src\sd_diskio.o
 .comment       0x0000007c       0x7d Src\stm32f4xx_hal_msp.o
 .comment       0x0000007c       0x7d Src\stm32f4xx_it.o
 .comment       0x0000007c       0x7d Src\system_stm32f4xx.o

.debug_frame    0x00000000     0x7664
 .debug_frame   0x00000000      0x374 Drivers\STM32F4xx_HAL_Driver\Src\stm32f4xx_hal.o
 .debug_frame   0x00000374      0x400 Drivers\STM32F4xx_HAL_Driver\Src\stm32f4xx_hal_adc.o
 .debug_frame   0x00000774      0x498 Drivers\STM32F4xx_HAL_Driver\Src\stm32f4xx_hal_cortex.o
 .debug_frame   0x00000c0c      0x250 Drivers\STM32F4xx_HAL_Driver\Src\stm32f4xx_hal_dma.o
 .debug_frame   0x00000e5c      0x14c Drivers\STM32F4xx_HAL_Driver\Src\stm32f4xx_hal_gpio.o
 .debug_frame   0x00000fa8      0xc10 Drivers\STM32F4xx_HAL_Driver\Src\stm32f4xx_hal_i2c.o
 .debug_frame   0x00001bb8      0x1f8 Drivers\STM32F4xx_HAL_Driver\Src\stm32f4xx_hal_rcc.o
 .debug_frame   0x00001db0      0x1e8 Drivers\STM32F4xx_HAL_Driver\Src\stm32f4xx_hal_rcc_ex.o
 .debug_frame   0x00001f98      0x308 Drivers\STM32F4xx_HAL_Driver\Src\stm32f4xx_hal_rtc.o
 .debug_frame   0x000022a0      0x65c Drivers\STM32F4xx_HAL_Driver\Src\stm32f4xx_hal_sd.o
 .debug_frame   0x000028fc      0x824 Drivers\STM32F4xx_HAL_Driver\Src\stm32f4xx_hal_spi.o
 .debug_frame   0x00003120     0x10f0 Drivers\STM32F4xx_HAL_Driver\Src\stm32f4xx_hal_tim.o
 .debug_frame   0x00004210      0x5c0 Drivers\STM32F4xx_HAL_Driver\Src\stm32f4xx_hal_tim_ex.o
 .debug_frame   0x000047d0      0x83c Drivers\STM32F4xx_HAL_Driver\Src\stm32f4xx_hal_uart.o
 .debug_frame   0x0000500c      0x690 Drivers\STM32F4xx_HAL_Driver\Src\stm32f4xx_ll_sdmmc.o
 .debug_frame   0x0000569c       0xec Middlewares\Third_Party\FatFs\src\diskio.o
 .debug_frame   0x00005788      0x94c Middlewares\Third_Party\FatFs\src\ff.o
 .debug_frame   0x000060d4       0xc8 Middlewares\Third_Party\FatFs\src\ff_gen_drv.o
 .debug_frame   0x0000619c      0x154 Src\BMP.o
 .debug_frame   0x000062f0       0xe0 Src\IMU.o
 .debug_frame   0x000063d0       0x84 Src\MAG.o
 .debug_frame   0x00006454       0x5c Src\PITOT.o
 .debug_frame   0x000064b0      0x2d0 Src\bsp_driver_sd.o
 .debug_frame   0x00006780       0x4c Src\fatfs.o
 .debug_frame   0x000067cc      0x36c Src\main.o
 .debug_frame   0x00006b38       0x7c Src\readWrite.o
 .debug_frame   0x00006bb4      0x14c Src\sd_diskio.o
 .debug_frame   0x00006d00      0x240 Src\stm32f4xx_hal_msp.o
 .debug_frame   0x00006f40      0x1d8 Src\stm32f4xx_it.o
 .debug_frame   0x00007118       0x58 Src\system_stm32f4xx.o
 .debug_frame   0x00007170       0x20 c:/program files (x86)/atollic/truestudio for stm32 9.2.0/armtools/bin/../lib/gcc/arm-atollic-eabi/6.3.1/../../../../arm-atollic-eabi/lib/armv7e-m/fpu\libc_nano.a(lib_a-errno.o)
 .debug_frame   0x00007190       0x2c c:/program files (x86)/atollic/truestudio for stm32 9.2.0/armtools/bin/../lib/gcc/arm-atollic-eabi/6.3.1/../../../../arm-atollic-eabi/lib/armv7e-m/fpu\libc_nano.a(lib_a-init.o)
 .debug_frame   0x000071bc       0x28 c:/program files (x86)/atollic/truestudio for stm32 9.2.0/armtools/bin/../lib/gcc/arm-atollic-eabi/6.3.1/../../../../arm-atollic-eabi/lib/armv7e-m/fpu\libc_nano.a(lib_a-memcpy-stub.o)
 .debug_frame   0x000071e4       0x20 c:/program files (x86)/atollic/truestudio for stm32 9.2.0/armtools/bin/../lib/gcc/arm-atollic-eabi/6.3.1/../../../../arm-atollic-eabi/lib/armv7e-m/fpu\libc_nano.a(lib_a-memset.o)
 .debug_frame   0x00007204      0x11c c:/program files (x86)/atollic/truestudio for stm32 9.2.0/armtools/bin/../lib/gcc/arm-atollic-eabi/6.3.1/../../../../arm-atollic-eabi/lib/armv7e-m/fpu\libc_nano.a(lib_a-findfp.o)