stm32f4xx_ll_sdmmc.c:216:19:SDIO_Init	24	static
stm32f4xx_ll_sdmmc.c:269:10:SDIO_ReadFIFO	16	static
stm32f4xx_ll_sdmmc.c:281:19:SDIO_WriteFIFO	16	static
stm32f4xx_ll_sdmmc.c:313:19:SDIO_PowerState_ON	16	static
stm32f4xx_ll_sdmmc.c:326:19:SDIO_PowerState_OFF	16	static
stm32f4xx_ll_sdmmc.c:343:10:SDIO_GetPowerState	16	static
stm32f4xx_ll_sdmmc.c:356:19:SDIO_SendCommand	24	static
stm32f4xx_ll_sdmmc.c:386:9:SDIO_GetCommandResponse	16	static
stm32f4xx_ll_sdmmc.c:403:10:SDIO_GetResponse	24	static
stm32f4xx_ll_sdmmc.c:424:19:SDIO_ConfigData	24	static
stm32f4xx_ll_sdmmc.c:459:10:SDIO_GetDataCounter	16	static
stm32f4xx_ll_sdmmc.c:469:10:SDIO_GetFIFOCount	16	static
stm32f4xx_ll_sdmmc.c:483:19:SDIO_SetSDMMCReadWaitMode	16	static
stm32f4xx_ll_sdmmc.c:518:10:SDMMC_CmdBlockLength	40	static
stm32f4xx_ll_sdmmc.c:542:10:SDMMC_CmdReadSingleBlock	40	static
stm32f4xx_ll_sdmmc.c:566:10:SDMMC_CmdReadMultiBlock	40	static
stm32f4xx_ll_sdmmc.c:590:10:SDMMC_CmdWriteSingleBlock	40	static
stm32f4xx_ll_sdmmc.c:614:10:SDMMC_CmdWriteMultiBlock	40	static
stm32f4xx_ll_sdmmc.c:638:10:SDMMC_CmdSDEraseStartAdd	40	static
stm32f4xx_ll_sdmmc.c:662:10:SDMMC_CmdSDEraseEndAdd	40	static
stm32f4xx_ll_sdmmc.c:686:10:SDMMC_CmdEraseStartAdd	40	static
stm32f4xx_ll_sdmmc.c:710:10:SDMMC_CmdEraseEndAdd	40	static
stm32f4xx_ll_sdmmc.c:734:10:SDMMC_CmdErase	40	static
stm32f4xx_ll_sdmmc.c:758:10:SDMMC_CmdStopTransfer	40	static
stm32f4xx_ll_sdmmc.c:783:10:SDMMC_CmdSelDesel	48	static
stm32f4xx_ll_sdmmc.c:807:10:SDMMC_CmdGoIdleState	40	static
stm32f4xx_ll_sdmmc.c:830:10:SDMMC_CmdOperCond	40	static
stm32f4xx_ll_sdmmc.c:860:10:SDMMC_CmdAppCommand	40	static
stm32f4xx_ll_sdmmc.c:887:10:SDMMC_CmdAppOperCommand	40	static
stm32f4xx_ll_sdmmc.c:910:10:SDMMC_CmdBusWidth	40	static
stm32f4xx_ll_sdmmc.c:933:10:SDMMC_CmdSendSCR	40	static
stm32f4xx_ll_sdmmc.c:957:10:SDMMC_CmdSendCID	40	static
stm32f4xx_ll_sdmmc.c:981:10:SDMMC_CmdSendCSD	40	static
stm32f4xx_ll_sdmmc.c:1005:10:SDMMC_CmdSetRelAdd	40	static
stm32f4xx_ll_sdmmc.c:1029:10:SDMMC_CmdSendStatus	40	static
stm32f4xx_ll_sdmmc.c:1052:10:SDMMC_CmdStatusRegister	40	static
stm32f4xx_ll_sdmmc.c:1077:10:SDMMC_CmdOpCondition	40	static
stm32f4xx_ll_sdmmc.c:1101:10:SDMMC_CmdSwitch	40	static
stm32f4xx_ll_sdmmc.c:1133:17:SDMMC_GetCmdError	16	static
stm32f4xx_ll_sdmmc.c:1160:17:SDMMC_GetCmdResp1	40	static
stm32f4xx_ll_sdmmc.c:1289:17:SDMMC_GetCmdResp2	16	static
stm32f4xx_ll_sdmmc.c:1331:17:SDMMC_GetCmdResp3	16	static
stm32f4xx_ll_sdmmc.c:1370:17:SDMMC_GetCmdResp6	40	static
stm32f4xx_ll_sdmmc.c:1437:17:SDMMC_GetCmdResp7	16	static
