stm32f4xx_hal_sd.c:2553:13:SD_DMATransmitCplt	0	static
stm32f4xx_hal_sd.c:3164:17:SD_FindSCR	64	static
stm32f4xx_hal_sd.c:499:13:HAL_SD_MspInit	0	static
stm32f4xx_hal_sd.c:514:13:HAL_SD_MspDeInit	0	static
stm32f4xx_hal_sd.c:458:19:HAL_SD_DeInit	8	static
stm32f4xx_hal_sd.c:555:19:HAL_SD_ReadBlocks	56	static
stm32f4xx_hal_sd.c:745:19:HAL_SD_WriteBlocks	48	static
stm32f4xx_hal_sd.c:921:19:HAL_SD_ReadBlocks_IT	56	static
stm32f4xx_hal_sd.c:1026:19:HAL_SD_WriteBlocks_IT	56	static
stm32f4xx_hal_sd.c:1132:19:HAL_SD_ReadBlocks_DMA	56	static
stm32f4xx_hal_sd.c:1249:19:HAL_SD_WriteBlocks_DMA	56	static
stm32f4xx_hal_sd.c:1363:19:HAL_SD_Erase	24	static
stm32f4xx_hal_sd.c:1713:21:HAL_SD_GetState	0	static
stm32f4xx_hal_sd.c:1724:10:HAL_SD_GetError	0	static
stm32f4xx_hal_sd.c:1734:14:HAL_SD_TxCpltCallback	0	static
stm32f4xx_hal_sd.c:1749:13:HAL_SD_RxCpltCallback	0	static
stm32f4xx_hal_sd.c:1764:13:HAL_SD_ErrorCallback	0	static
stm32f4xx_hal_sd.c:2566:13:SD_DMAReceiveCplt	16	static
stm32f4xx_hal_sd.c:1779:13:HAL_SD_AbortCallback	0	static
stm32f4xx_hal_sd.c:1990:19:HAL_SD_GetCardCID	8	static
stm32f4xx_hal_sd.c:2071:19:HAL_SD_GetCardCSD	20	static
stm32f4xx_hal_sd.c:403:19:HAL_SD_InitCard	120	static
stm32f4xx_hal_sd.c:338:19:HAL_SD_Init	8	static
stm32f4xx_hal_sd.c:2218:19:HAL_SD_GetCardStatus	120	static
stm32f4xx_hal_sd.c:2306:19:HAL_SD_GetCardInfo	16	static
stm32f4xx_hal_sd.c:2331:19:HAL_SD_ConfigWideBusOperation	64	static
stm32f4xx_hal_sd.c:2403:25:HAL_SD_GetCardState	8	static
stm32f4xx_hal_sd.c:2607:13:SD_DMAError	8	static
stm32f4xx_hal_sd.c:2643:13:SD_DMATxAbort	16	static
stm32f4xx_hal_sd.c:2688:13:SD_DMARxAbort	16	static
stm32f4xx_hal_sd.c:1463:6:HAL_SD_IRQHandler	16	static
stm32f4xx_hal_sd.c:2426:19:HAL_SD_Abort	8	static
stm32f4xx_hal_sd.c:2473:19:HAL_SD_Abort_IT	16	static
