stm32f4xx_hal_rtc.c:239:19:HAL_RTC_Init	16	static
stm32f4xx_hal_rtc.c:356:19:HAL_RTC_DeInit	24	static
stm32f4xx_hal_rtc.c:665:13:HAL_RTC_MspInit	16	static
stm32f4xx_hal_rtc.c:680:13:HAL_RTC_MspDeInit	16	static
stm32f4xx_hal_rtc.c:718:19:HAL_RTC_SetTime	40	static
stm32f4xx_hal_rtc.c:849:19:HAL_RTC_GetTime	32	static
stm32f4xx_hal_rtc.c:894:19:HAL_RTC_SetDate	40	static
stm32f4xx_hal_rtc.c:1004:19:HAL_RTC_GetDate	32	static
stm32f4xx_hal_rtc.c:1059:19:HAL_RTC_SetAlarm	48	static
stm32f4xx_hal_rtc.c:1242:19:HAL_RTC_SetAlarm_IT	48	static
stm32f4xx_hal_rtc.c:1425:19:HAL_RTC_DeactivateAlarm	24	static
stm32f4xx_hal_rtc.c:1522:19:HAL_RTC_GetAlarm	32	static
stm32f4xx_hal_rtc.c:1573:6:HAL_RTC_AlarmIRQHandler	16	static
stm32f4xx_hal_rtc.c:1622:13:HAL_RTC_AlarmAEventCallback	16	static
stm32f4xx_hal_rtc.c:1638:19:HAL_RTC_PollForAlarmAEvent	24	static
stm32f4xx_hal_rtc.c:1700:19:HAL_RTC_WaitForSynchro	24	static
stm32f4xx_hal_rtc.c:1746:21:HAL_RTC_GetState	16	static
stm32f4xx_hal_rtc.c:1763:19:RTC_EnterInitMode	24	static
stm32f4xx_hal_rtc.c:1795:9:RTC_ByteToBcd2	24	static
stm32f4xx_hal_rtc.c:1813:9:RTC_Bcd2ToByte	24	static
