stm32f4xx_hal_rtc_ex.c:141:19:HAL_RTCEx_SetTimeStamp	12	static
stm32f4xx_hal_rtc_ex.c:201:19:HAL_RTCEx_SetTimeStamp_IT	12	static
stm32f4xx_hal_rtc_ex.c:258:19:HAL_RTCEx_DeactivateTimeStamp	12	static
stm32f4xx_hal_rtc_ex.c:302:19:HAL_RTCEx_GetTimeStamp	24	static
stm32f4xx_hal_rtc_ex.c:354:19:HAL_RTCEx_SetTamper	20	static
stm32f4xx_hal_rtc_ex.c:404:19:HAL_RTCEx_SetTamper_IT	20	static
stm32f4xx_hal_rtc_ex.c:474:19:HAL_RTCEx_DeactivateTamper	4	static
stm32f4xx_hal_rtc_ex.c:567:13:HAL_RTCEx_TimeStampEventCallback	0	static
stm32f4xx_hal_rtc_ex.c:582:13:HAL_RTCEx_Tamper1EventCallback	0	static
stm32f4xx_hal_rtc_ex.c:597:13:HAL_RTCEx_Tamper2EventCallback	0	static
stm32f4xx_hal_rtc_ex.c:500:6:HAL_RTCEx_TamperTimeStampIRQHandler	8	static
stm32f4xx_hal_rtc_ex.c:613:19:HAL_RTCEx_PollForTimeStampEvent	16	static
stm32f4xx_hal_rtc_ex.c:656:19:HAL_RTCEx_PollForTamper1Event	16	static
stm32f4xx_hal_rtc_ex.c:692:19:HAL_RTCEx_PollForTamper2Event	16	static
stm32f4xx_hal_rtc_ex.c:747:19:HAL_RTCEx_SetWakeUpTimer	32	static
stm32f4xx_hal_rtc_ex.c:838:19:HAL_RTCEx_SetWakeUpTimer_IT	24	static
stm32f4xx_hal_rtc_ex.c:938:10:HAL_RTCEx_DeactivateWakeUpTimer	16	static
stm32f4xx_hal_rtc_ex.c:993:10:HAL_RTCEx_GetWakeUpTimer	0	static
stm32f4xx_hal_rtc_ex.c:1037:13:HAL_RTCEx_WakeUpTimerEventCallback	0	static
stm32f4xx_hal_rtc_ex.c:1005:6:HAL_RTCEx_WakeUpTimerIRQHandler	8	static
stm32f4xx_hal_rtc_ex.c:1053:19:HAL_RTCEx_PollForWakeUpTimerEvent	16	static
stm32f4xx_hal_rtc_ex.c:1123:6:HAL_RTCEx_BKUPWrite	0	static
stm32f4xx_hal_rtc_ex.c:1146:10:HAL_RTCEx_BKUPRead	0	static
stm32f4xx_hal_rtc_ex.c:1177:19:HAL_RTCEx_SetCoarseCalib	24	static
stm32f4xx_hal_rtc_ex.c:1235:19:HAL_RTCEx_DeactivateCoarseCalib	16	static
stm32f4xx_hal_rtc_ex.c:1300:19:HAL_RTCEx_SetSmoothCalib	32	static
stm32f4xx_hal_rtc_ex.c:1370:19:HAL_RTCEx_SetSynchroShift	24	static
stm32f4xx_hal_rtc_ex.c:1465:19:HAL_RTCEx_SetCalibrationOutPut	12	static
stm32f4xx_hal_rtc_ex.c:1504:19:HAL_RTCEx_DeactivateCalibrationOutPut	12	static
stm32f4xx_hal_rtc_ex.c:1534:19:HAL_RTCEx_SetRefClock	16	static
stm32f4xx_hal_rtc_ex.c:1584:19:HAL_RTCEx_DeactivateRefClock	16	static
stm32f4xx_hal_rtc_ex.c:1636:19:HAL_RTCEx_EnableBypassShadow	12	static
stm32f4xx_hal_rtc_ex.c:1669:19:HAL_RTCEx_DisableBypassShadow	12	static
stm32f4xx_hal_rtc_ex.c:1719:13:HAL_RTCEx_AlarmBEventCallback	0	static
stm32f4xx_hal_rtc_ex.c:1735:19:HAL_RTCEx_PollForAlarmBEvent	16	static
