stm32f4xx_ll_sdmmc.c:1289:17:SDMMC_GetCmdResp2	0	static
stm32f4xx_ll_sdmmc.c:1331:17:SDMMC_GetCmdResp3	0	static
stm32f4xx_ll_sdmmc.c:1160:17:SDMMC_GetCmdResp1	16	static
stm32f4xx_ll_sdmmc.c:216:19:SDIO_Init	12	static
stm32f4xx_ll_sdmmc.c:269:10:SDIO_ReadFIFO	0	static
stm32f4xx_ll_sdmmc.c:281:19:SDIO_WriteFIFO	0	static
stm32f4xx_ll_sdmmc.c:313:19:SDIO_PowerState_ON	0	static
stm32f4xx_ll_sdmmc.c:326:19:SDIO_PowerState_OFF	0	static
stm32f4xx_ll_sdmmc.c:343:10:SDIO_GetPowerState	0	static
stm32f4xx_ll_sdmmc.c:356:19:SDIO_SendCommand	8	static
stm32f4xx_ll_sdmmc.c:386:9:SDIO_GetCommandResponse	0	static
stm32f4xx_ll_sdmmc.c:403:10:SDIO_GetResponse	8	static
stm32f4xx_ll_sdmmc.c:424:19:SDIO_ConfigData	8	static
stm32f4xx_ll_sdmmc.c:459:10:SDIO_GetDataCounter	0	static
stm32f4xx_ll_sdmmc.c:469:10:SDIO_GetFIFOCount	0	static
stm32f4xx_ll_sdmmc.c:483:19:SDIO_SetSDMMCReadWaitMode	0	static
stm32f4xx_ll_sdmmc.c:518:10:SDMMC_CmdBlockLength	0	static
stm32f4xx_ll_sdmmc.c:542:10:SDMMC_CmdReadSingleBlock	0	static
stm32f4xx_ll_sdmmc.c:566:10:SDMMC_CmdReadMultiBlock	0	static
stm32f4xx_ll_sdmmc.c:590:10:SDMMC_CmdWriteSingleBlock	0	static
stm32f4xx_ll_sdmmc.c:614:10:SDMMC_CmdWriteMultiBlock	0	static
stm32f4xx_ll_sdmmc.c:638:10:SDMMC_CmdSDEraseStartAdd	0	static
stm32f4xx_ll_sdmmc.c:662:10:SDMMC_CmdSDEraseEndAdd	0	static
stm32f4xx_ll_sdmmc.c:686:10:SDMMC_CmdEraseStartAdd	0	static
stm32f4xx_ll_sdmmc.c:710:10:SDMMC_CmdEraseEndAdd	0	static
stm32f4xx_ll_sdmmc.c:734:10:SDMMC_CmdErase	0	static
stm32f4xx_ll_sdmmc.c:758:10:SDMMC_CmdStopTransfer	0	static
stm32f4xx_ll_sdmmc.c:783:10:SDMMC_CmdSelDesel	0	static
stm32f4xx_ll_sdmmc.c:807:10:SDMMC_CmdGoIdleState	0	static
stm32f4xx_ll_sdmmc.c:830:10:SDMMC_CmdOperCond	0	static
stm32f4xx_ll_sdmmc.c:860:10:SDMMC_CmdAppCommand	0	static
stm32f4xx_ll_sdmmc.c:887:10:SDMMC_CmdAppOperCommand	0	static
stm32f4xx_ll_sdmmc.c:933:10:SDMMC_CmdSendSCR	0	static
stm32f4xx_ll_sdmmc.c:957:10:SDMMC_CmdSendCID	0	static
stm32f4xx_ll_sdmmc.c:981:10:SDMMC_CmdSendCSD	0	static
stm32f4xx_ll_sdmmc.c:1005:10:SDMMC_CmdSetRelAdd	16	static
stm32f4xx_ll_sdmmc.c:1029:10:SDMMC_CmdSendStatus	0	static
stm32f4xx_ll_sdmmc.c:1052:10:SDMMC_CmdStatusRegister	0	static
stm32f4xx_ll_sdmmc.c:1077:10:SDMMC_CmdOpCondition	0	static
stm32f4xx_ll_sdmmc.c:1101:10:SDMMC_CmdSwitch	0	static
stm32f4xx_ll_sdmmc.c:910:10:SDMMC_CmdBusWidth	0	static
